#
# A fatal error has been detected by the Java Runtime Environment:
#
#  EXCEPTION_ACCESS_VIOLATION (0xc0000005) at pc=0x00007ffe85973004, pid=23092, tid=16940
#
# JRE version: OpenJDK Runtime Environment (25.0.1+8) (build 25.0.1+8-27)
# Java VM: OpenJDK 64-Bit Server VM (25.0.1+8-27, mixed mode, emulated-client, sharing, tiered, compressed oops, compressed class ptrs, g1 gc, windows-amd64)
# Problematic frame:
# C  0x00007ffe85973004
#
# No core dump will be written. Minidumps are not enabled by default on client versions of Windows
#
# JFR recording file will be written. Location: C:\Users\angio\Desktop\EmployeeManagementSystem\hs_err_pid23092.jfr
#
# If you would like to submit a bug report, please visit:
#   https://bugreport.java.com/bugreport/crash.jsp
# The crash happened outside the Java Virtual Machine in native code.
# See problematic frame for where to report the bug.
#

---------------  S U M M A R Y ------------

Command Line: -Dprism.order=d3d,sw -Dprism.vsync=false -Dsun.java2d.opengl=true -Djavafx.animation.fullspeed=true --enable-preview -XX:TieredStopAtLevel=1 -Dspring.output.ansi.enabled=always -Dcom.sun.management.jmxremote -Dspring.jmx.enabled=true -Dspring.liveBeansView.mbeanDomain -Dspring.application.admin.enabled=true -Dmanagement.endpoints.jmx.exposure.include=* -javaagent:C:\Program Files\JetBrains\IntelliJ IDEA 2024.3.1.1\lib\idea_rt.jar=55227 -Dfile.encoding=UTF-8 -Dsun.stdout.encoding=UTF-8 -Dsun.stderr.encoding=UTF-8 org.project.employeemanagementsystem.EmployeeManagementSystemApplication

Host: AMD Ryzen 5 2600 Six-Core Processor            , 12 cores, 15G,  Windows 11 , 64 bit Build 26100 (10.0.26100.7309)
Time: Fri Jan  2 00:02:29 2026 elapsed time: 314.335239 seconds (0d 0h 5m 14s)

---------------  T H R E A D  ---------------

Current thread (0x0000015da8caedc0):  JavaThread "Attach Listener" daemon [_thread_in_native, id=16940, stack(0x00000015d0900000,0x00000015d0a00000) (1024K)]

Stack: [0x00000015d0900000,0x00000015d0a00000],  sp=0x00000015d09febe0,  free space=1018k
Native frames: (J=compiled Java code, j=interpreted, Vv=VM code, C=native code)
C  0x00007ffe85973004  (no source info available)
C  0x00007ffe859734db  (no source info available)
C  0x00007ffe85972134  (no source info available)
C  0x00007ffe859729aa  (no source info available)
C  0x00007ffe8596d561  (no source info available)
C  0x00007ffe8595ef21  (no source info available)
C  0x00007ffe8595dc38  (no source info available)
C  0x00007ffe8595db20  (no source info available)
C  0x00007ffe85964af9  (no source info available)
V  [jvm.dll+0x5e5cc6]  (no source info available)
V  [jvm.dll+0x5e6aad]  (no source info available)
V  [jvm.dll+0x1979a7]  (no source info available)
V  [jvm.dll+0x1994c5]  (no source info available)
V  [jvm.dll+0x48e6d1]  (no source info available)
V  [jvm.dll+0x906a0d]  (no source info available)
V  [jvm.dll+0x7a5135]  (no source info available)
C  [ucrtbase.dll+0x37b0]  (no source info available)
C  [KERNEL32.DLL+0x2e8d7]  (no source info available)
C  [ntdll.dll+0x8c53c]  (no source info available)


siginfo: EXCEPTION_ACCESS_VIOLATION (0xc0000005), reading address 0xffffffffffffffff


Registers:
RAX=0x0000000000000010, RBX=0x0000000000000000, RCX=0xffffffffffffffff, RDX=0x007ffe903d65b010
RSP=0x00000015d09febe0, RBP=0x0000015daea5e730, RSI=0x00000015d09fed50, RDI=0x0000015daea5e730
R8 =0x0000000000000042, R9 =0x00000007ffc05c50, R10=0x00007ffe9065f380, R11=0x000000000000003e
R12=0x00000015d09fed50, R13=0x0000015dcc63b6b0, R14=0x0000015da8caf208, R15=0x0000015da8caf208
RIP=0x00007ffe85973004, EFLAGS=0x0000000000010202

XMM[0]=0x0000000000000000 0x0000000000000000
XMM[1]=0x0000000000000000 0x0000000000000000
XMM[2]=0x0000000000000000 0x0000000000000000
XMM[3]=0x0000000000000000 0x0000000000000000
XMM[4]=0x0000000000000000 0x0000000000000000
XMM[5]=0x0000000000000000 0x0000000000000000
XMM[6]=0x0000000000000000 0x0000000000000000
XMM[7]=0x0000000000000000 0x0000000000000000
XMM[8]=0x0000000000000000 0x0000000000000000
XMM[9]=0x0000000000000000 0x0000000000000000
XMM[10]=0x0000000000000000 0x0000000000000000
XMM[11]=0x0000000000000000 0x0000000000000000
XMM[12]=0x0000000000000000 0x0000000000000000
XMM[13]=0x0000000000000000 0x0000000000000000
XMM[14]=0x0000000000000000 0x0000000000000000
XMM[15]=0x0000000000000000 0x0000000000000000
  MXCSR=0x00001fa0


Register to memory mapping:

RAX=0x0000000000000010 is an unknown value
RBX=0x0 is null
RCX=0xffffffffffffffff is an unknown value
RDX=0x007ffe903d65b010 is an unknown value
RSP=0x00000015d09febe0 is pointing into the stack for thread: 0x0000015da8caedc0
RBP=0x0000015daea5e730 points into unknown readable memory: 0x00000007ffc05c50 | 50 5c c0 ff 07 00 00 00
RSI=0x00000015d09fed50 is pointing into the stack for thread: 0x0000015da8caedc0
RDI=0x0000015daea5e730 points into unknown readable memory: 0x00000007ffc05c50 | 50 5c c0 ff 07 00 00 00
R8 =0x0000000000000042 is an unknown value
R9 =0x00000007ffc05c50 is an oop: java.lang.Thread 
{0x00000007ffc05c50} - klass: 'java/lang/Thread' - flags: 

 - ---- fields (total size 14 words):
 - 'threadLocalRandomProbe' 'I' @12  0 (0x00000000)
 - private volatile 'eetop' 'J' @16  1501451454528 (0x0000015d957b0840)
 - private final 'tid' 'J' @24  3 (0x0000000000000003)
 - 'threadLocalRandomSeed' 'J' @32  0 (0x0000000000000000)
 - injected 'jvmti_thread_state' 'J' @40  1501997855440 (0x0000015db60c72d0)
 - 'threadLocalRandomSecondarySeed' 'I' @48  0 (0x00000000)
 - injected 'jvmti_VTMS_transition_disable_count' 'I' @52  0 (0x00000000)
 - injected 'jfr_epoch' 'S' @56  0 (0x0000)
 - volatile 'interrupted' 'Z' @58  false (0x00)
 - injected 'jvmti_is_in_VTMS_transition' 'Z' @59  false (0x00)
 - private volatile 'name' 'Ljava/lang/String;' @60  "main"{0x00000007ff92a1d8} (0xfff2543b)
 - private volatile 'contextClassLoader' 'Ljava/lang/ClassLoader;' @64  a 'jdk/internal/loader/ClassLoaders$AppClassLoader'{0x00000007ffc02ef0} (0xfff805de)
 - private final 'holder' 'Ljava/lang/Thread$FieldHolder;' @68  a 'java/lang/Thread$FieldHolder'{0x00000007ff92a040} (0xfff25408)
 - private 'threadLocals' 'Ljava/lang/ThreadLocal$ThreadLocalMap;' @72  null (0x00000000)
 - private 'inheritableThreadLocals' 'Ljava/lang/ThreadLocal$ThreadLocalMap;' @76  null (0x00000000)
 - private 'scopedValueBindings' 'Ljava/lang/Object;' @80  a 'java/lang/Class'{0x00000007ff99c0e0} = 'java/lang/Thread' (0xfff3381c)
 - final 'interruptLock' 'Ljava/lang/Object;' @84  a 'java/lang/Object'{0x00000007ff92a030} (0xfff25406)
 - private volatile 'parkBlocker' 'Ljava/lang/Object;' @88  a 'java/util/concurrent/CountDownLatch$Sync'{0x00000007ffc05c30} (0xfff80b86)
 - private 'nioBlocker' 'Lsun/nio/ch/Interruptible;' @92  null (0x00000000)
 - private 'cont' 'Ljdk/internal/vm/Continuation;' @96  null (0x00000000)
 - private volatile 'uncaughtExceptionHandler' 'Ljava/lang/Thread$UncaughtExceptionHandler;' @100  null (0x00000000)
 - private 'container' 'Ljdk/internal/vm/ThreadContainer;' @104  null (0x00000000)
 - private volatile 'headStackableScopes' 'Ljdk/internal/vm/StackableScope;' @108  null (0x00000000)
R10=0x00007ffe9065f380 jvm.dll
R11=0x000000000000003e is an unknown value
R12=0x00000015d09fed50 is pointing into the stack for thread: 0x0000015da8caedc0
R13=0x0000015dcc63b6b0 points into unknown readable memory: 0x00007ffe905cfbd0 | d0 fb 5c 90 fe 7f 00 00
R14=0x0000015da8caf208 points into unknown readable memory: 0x00007ffe905c6b50 | 50 6b 5c 90 fe 7f 00 00
R15=0x0000015da8caf208 points into unknown readable memory: 0x00007ffe905c6b50 | 50 6b 5c 90 fe 7f 00 00

Top of Stack: (sp=0x00000015d09febe0)
0x00000015d09febe0:   00000015d09fed50 0000015daea5e730   P.......0...]...
0x00000015d09febf0:   0000000000000000 0000015da8caf598   ............]...
0x00000015d09fec00:   0000000000000040 00007ffe859734db   @........4......
0x00000015d09fec10:   0000000000000000 0000015da8caf208   ............]...
0x00000015d09fec20:   00000015d09fed01 0000000000000000   ................
0x00000015d09fec30:   0000015dcb770100 00007ffe85972134   ..w.]...4!......
0x00000015d09fec40:   0000000000000000 0000000000000040   ........@.......
0x00000015d09fec50:   0000000000000000 0000000000000040   ........@.......
0x00000015d09fec60:   0000001a00000002 0000015dcb743e10   .........>t.]...
0x00000015d09fec70:   0000015dcb770100 0000015dcb770200   ..w.].....w.]...
0x00000015d09fec80:   0000015dcb770278 000000000000074c   x.w.]...L.......
0x00000015d09fec90:   0000000000000000 0000000000000000   ................
0x00000015d09feca0:   0000000000000000 00007ffe8fdc7194   .........q......
0x00000015d09fecb0:   00007ffe85acae00 0000000000005a34   ........4Z......
0x00000015d09fecc0:   00007ffe85acae00 00000000ffffffff   ................
0x00000015d09fecd0:   0000000000000000 00007ffe859729aa   .........)......
0x00000015d09fece0:   0000015da8caf208 0000000000000000   ....]...........
0x00000015d09fecf0:   00000015d09fed59 0000015dcc63b6b0   Y.........c.]...
0x00000015d09fed00:   0000015db60c72d0 00007ffe8ff1e4b6   .r..]...........
0x00000015d09fed10:   0000000000000000 00007fff4dde7989   .........y.M....
0x00000015d09fed20:   0000015da8caf208 00007ffe85acae00   ....]...........
0x00000015d09fed30:   0000000000000004 0000000000000048   ........H.......
0x00000015d09fed40:   0000000800800310 0000015da8caf208   ............]...
0x00000015d09fed50:   0000015db5898910 0000015db5899110   ....].......]...
0x00000015d09fed60:   0000015db5899110 00007ffe85acae00   ....]...........
0x00000015d09fed70:   0000015db60c72d0 00000015d09feee8   .r..]...........
0x00000015d09fed80:   00000015d09ff020 0000000000008840    .......@.......
0x00000015d09fed90:   00000015d09ff200 00007ffe85acae50   ........P.......
0x00000015d09feda0:   0000000000989680 0000000000989680   ................
0x00000015d09fedb0:   00000015d09feec0 00007ffe8596d561   ........a.......
0x00000015d09fedc0:   00007ffe85acae00 00007ffe85acae58   ........X.......
0x00000015d09fedd0:   00007ffe00000000 0000000000000001   ................

Instructions: (pc=0x00007ffe85973004)
  0x00007ffe85972f04:   cc cc cc cc cc cc cc cc cc cc cc cc cc cc cc cc
  0x00007ffe85972f14:   cc cc cc cc cc cc cc cc cc cc cc cc cc cc cc cc
  0x00007ffe85972f24:   cc cc cc cc cc cc cc cc cc cc cc cc cc cc cc cc
  0x00007ffe85972f34:   cc cc cc cc cc cc cc cc cc cc cc cc cc cc cc cc
  0x00007ffe85972f44:   cc cc cc cc cc cc cc cc cc cc cc cc cc cc cc cc
  0x00007ffe85972f54:   cc cc cc cc cc cc cc cc cc cc cc cc cc cc cc cc
  0x00007ffe85972f64:   cc cc cc cc cc cc cc cc cc cc cc cc cc cc cc cc
  0x00007ffe85972f74:   cc cc cc cc cc cc cc cc cc cc cc cc cc cc cc cc
  0x00007ffe85972f84:   cc cc cc cc cc cc cc cc cc cc cc cc 40 57 48 83
  0x00007ffe85972f94:   ec 20 48 8b f9 48 8b 0d 30 80 15 00 48 85 c9 74
  0x00007ffe85972fa4:   20 48 8b 01 48 8d 54 24 38 41 b8 06 00 01 00 4c
  0x00007ffe85972fb4:   8b 48 30 41 ff d1 85 c0 75 07 48 8b 4c 24 38 eb
  0x00007ffe85972fc4:   02 33 c9 4c 8b 05 0a 81 15 00 48 89 5c 24 30 4d
  0x00007ffe85972fd4:   85 c0 74 4a 48 8b 01 48 8b d7 4c 8b 88 28 03 00
  0x00007ffe85972fe4:   00 41 ff d1 48 85 c0 74 35 48 63 0d b8 3d 15 00
  0x00007ffe85972ff4:   48 8b 14 01 48 85 d2 74 15 48 63 05 bc 3d 15 00
=>0x00007ffe85973004:   8b 04 10 48 8b 5c 24 30 48 83 c4 20 5f c3 b8 ff
  0x00007ffe85973014:   ff ff ff 48 8b 5c 24 30 48 83 c4 20 5f c3 80 3d
  0x00007ffe85973024:   bb 7f 15 00 00 bb ff ff ff ff 74 20 4c 8b 0d 51
  0x00007ffe85973034:   7c 15 00 4c 8d 44 24 38 48 8b 0d 35 7c 15 00 48
  0x00007ffe85973044:   8b d7 41 ff d1 85 c0 0f 44 5c 24 38 8b c3 48 8b
  0x00007ffe85973054:   5c 24 30 48 83 c4 20 5f c3 cc cc cc cc cc cc cc
  0x00007ffe85973064:   cc cc cc cc cc cc cc cc cc cc cc cc cc cc cc cc
  0x00007ffe85973074:   cc cc cc cc cc cc cc cc cc cc cc cc cc cc cc cc
  0x00007ffe85973084:   cc cc cc cc cc cc cc cc cc cc cc cc 48 89 54 24
  0x00007ffe85973094:   10 53 55 56 57 41 56 41 57 48 83 ec 28 48 8b f2
  0x00007ffe859730a4:   4c 8b f1 48 89 4c 24 78 45 33 ff 44 89 7c 24 68
  0x00007ffe859730b4:   c7 44 24 60 01 00 00 00 48 8d 4c 24 68 e8 69 3c
  0x00007ffe859730c4:   f7 ff 8b d8 48 8d 4c 24 60 e8 5d 3c f7 ff 8b e8
  0x00007ffe859730d4:   49 8b ce e8 33 f3 f6 ff 48 8b f8 90 8b c3 f0 0f
  0x00007ffe859730e4:   b1 2f 74 04 f3 90 eb f4 4c 89 3e 4c 89 7e 08 4c
  0x00007ffe859730f4:   89 7e 10 49 8b 6e 08 4d 8b 76 10 49 3b ee 0f 84


Stack slot to memory mapping:

stack at sp + 0 slots: 0x00000015d09fed50 is pointing into the stack for thread: 0x0000015da8caedc0
stack at sp + 1 slots: 0x0000015daea5e730 points into unknown readable memory: 0x00000007ffc05c50 | 50 5c c0 ff 07 00 00 00
stack at sp + 2 slots: 0x0 is null
stack at sp + 3 slots: 0x0000015da8caf598 points into unknown readable memory: 0x6e616c2e6176616a | 6a 61 76 61 2e 6c 61 6e
stack at sp + 4 slots: 0x0000000000000040 is an unknown value
stack at sp + 5 slots: 0x00007ffe859734db points into unknown readable memory: 44 8b d8 83 f8
stack at sp + 6 slots: 0x0 is null
stack at sp + 7 slots: 0x0000015da8caf208 points into unknown readable memory: 0x00007ffe905c6b50 | 50 6b 5c 90 fe 7f 00 00

Lock stack of current Java thread (top to bottom):


---------------  P R O C E S S  ---------------

Threads class SMR info:
_java_thread_list=0x0000015db55b7df0, length=32, elements={
0x0000015d957b0840, 0x0000015da8ca8ab0, 0x0000015da8ca9de0, 0x0000015da8cae0d0,
0x0000015da8caedc0, 0x0000015da8cb3ac0, 0x0000015da8cb4280, 0x0000015da8cb8530,
0x0000015da9222a80, 0x0000015da976d1d0, 0x0000015da976d990, 0x0000015da9d5bad0,
0x0000015da9d9f950, 0x0000015da9d72b60, 0x0000015da9d8a210, 0x0000015da9d8e5f0,
0x0000015dae4b3380, 0x0000015dae4b4af0, 0x0000015dae4b9140, 0x0000015dae8d4f30,
0x0000015db4b04be0, 0x0000015db4b09a00, 0x0000015db54abf40, 0x0000015db54a8890,
0x0000015db54ad6b0, 0x0000015db5f0abf0, 0x0000015db61d1d70, 0x0000015db5894080,
0x0000015db5891830, 0x0000015db5890810, 0x0000015db61cdef0, 0x0000015db61d5420
}

Java Threads: ( => current thread )
  0x0000015d957b0840 JavaThread "main"                              [_thread_blocked, id=16320, stack(0x00000015cfe00000,0x00000015cff00000) (1024K)]
  0x0000015da8ca8ab0 JavaThread "Reference Handler"          daemon [_thread_blocked, id=17828, stack(0x00000015d0600000,0x00000015d0700000) (1024K)]
  0x0000015da8ca9de0 JavaThread "Finalizer"                  daemon [_thread_blocked, id=18164, stack(0x00000015d0700000,0x00000015d0800000) (1024K)]
  0x0000015da8cae0d0 JavaThread "Signal Dispatcher"          daemon [_thread_blocked, id=16708, stack(0x00000015d0800000,0x00000015d0900000) (1024K)]
=>0x0000015da8caedc0 JavaThread "Attach Listener"            daemon [_thread_in_native, id=16940, stack(0x00000015d0900000,0x00000015d0a00000) (1024K)]
  0x0000015da8cb3ac0 JavaThread "Service Thread"             daemon [_thread_blocked, id=7288, stack(0x00000015d0a00000,0x00000015d0b00000) (1024K)]
  0x0000015da8cb4280 JavaThread "Monitor Deflation Thread"   daemon [_thread_blocked, id=15984, stack(0x00000015d0b00000,0x00000015d0c00000) (1024K)]
  0x0000015da8cb8530 JavaThread "C1 CompilerThread0"         daemon [_thread_blocked, id=1932, stack(0x00000015d0c00000,0x00000015d0d00000) (1024K)]
  0x0000015da9222a80 JavaThread "Common-Cleaner"             daemon [_thread_blocked, id=20496, stack(0x00000015d0f00000,0x00000015d1000000) (1024K)]
  0x0000015da976d1d0 JavaThread "Monitor Ctrl-Break"         daemon [_thread_in_native, id=21776, stack(0x00000015d1000000,0x00000015d1100000) (1024K)]
  0x0000015da976d990 JavaThread "Notification Thread"        daemon [_thread_blocked, id=23432, stack(0x00000015d1100000,0x00000015d1200000) (1024K)]
  0x0000015da9d5bad0 JavaThread "RMI TCP Accept-0"           daemon [_thread_in_native, id=16364, stack(0x00000015d1300000,0x00000015d1400000) (1024K)]
  0x0000015da9d9f950 JavaThread "JavaFX-Launcher"                   [_thread_blocked, id=24288, stack(0x00000015d1400000,0x00000015d1500000) (1024K)]
  0x0000015da9d72b60 JavaThread "RMI TCP Connection(1)-192.168.56.1" daemon [_thread_in_native, id=16648, stack(0x00000015d1500000,0x00000015d1600000) (1024K)]
  0x0000015da9d8a210 JavaThread "RMI Scheduler(0)"           daemon [_thread_blocked, id=12712, stack(0x00000015d1600000,0x00000015d1700000) (1024K)]
  0x0000015da9d8e5f0 JavaThread "JMX server connection timeout 32" daemon [_thread_blocked, id=24804, stack(0x00000015d1700000,0x00000015d1800000) (1024K)]
  0x0000015dae4b3380 JavaThread "QuantumRenderer-0"          daemon [_thread_blocked, id=6816, stack(0x00000015d1900000,0x00000015d1a00000) (1024K)]
  0x0000015dae4b4af0 JavaThread "InvokeLaterDispatcher"      daemon [_thread_blocked, id=11020, stack(0x00000015d1c00000,0x00000015d1d00000) (1024K)]
  0x0000015dae4b9140 JavaThread "JavaFX Application Thread"         [_thread_in_native, id=25396, stack(0x00000015d1d00000,0x00000015d1e00000) (1024K)]
  0x0000015dae8d4f30 JavaThread "Thread-2"                   daemon [_thread_in_native, id=25392, stack(0x00000015d2900000,0x00000015d2a00000) (1024K)]
  0x0000015db4b04be0 JavaThread "PostgreSQL-JDBC-Cleaner"    daemon [_thread_blocked, id=18420, stack(0x00000015d3800000,0x00000015d3900000) (1024K)]
  0x0000015db4b09a00 JavaThread "HikariPool-1:housekeeper"   daemon [_thread_blocked, id=2992, stack(0x00000015d3900000,0x00000015d3a00000) (1024K)]
  0x0000015db54abf40 JavaThread "Prism Font Disposer"        daemon [_thread_blocked, id=14512, stack(0x00000015d3c00000,0x00000015d3d00000) (1024K)]
  0x0000015db54a8890 JavaThread "Cleaner-0"                  daemon [_thread_blocked, id=2752, stack(0x00000015d3d00000,0x00000015d3e00000) (1024K)]
  0x0000015db54ad6b0 JavaThread "Disposer"                   daemon [_thread_blocked, id=9280, stack(0x00000015d3a00000,0x00000015d3b00000) (1024K)]
  0x0000015db5f0abf0 JavaThread "HttpClient-1-SelectorManager" daemon [_thread_in_native, id=8060, stack(0x00000015d4900000,0x00000015d4a00000) (1024K)]
  0x0000015db61d1d70 JavaThread "Thread-7"                   daemon [_thread_in_native, id=10408, stack(0x00000015d4e00000,0x00000015d4f00000) (1024K)]
  0x0000015db5894080 JavaThread "C1 CompilerThread1"         daemon [_thread_blocked, id=25568, stack(0x00000015cfc00000,0x00000015cfd00000) (1024K)]
  0x0000015db5891830 JavaThread "C1 CompilerThread2"         daemon [_thread_blocked, id=19644, stack(0x00000015cfd00000,0x00000015cfe00000) (1024K)]
  0x0000015db5890810 JavaThread "C1 CompilerThread3"         daemon [_thread_blocked, id=24652, stack(0x00000015d0d00000,0x00000015d0e00000) (1024K)]
  0x0000015db61cdef0 JavaThread "JFR Recorder Thread"        daemon [_thread_in_native, id=7336, stack(0x00000015d0e00000,0x00000015d0f00000) (1024K)]
  0x0000015db61d5420 JavaThread "JFR Periodic Tasks"         daemon [_thread_blocked, id=1868, stack(0x00000015d1800000,0x00000015d1900000) (1024K)]
Total: 32

Other Threads:
  0x0000015da8c97770 VMThread "VM Thread"                           [id=17084, stack(0x00000015d0500000,0x00000015d0600000) (1024K)]
  0x0000015da8b64e80 WatcherThread "VM Periodic Task Thread"        [id=25332, stack(0x00000015d0400000,0x00000015d0500000) (1024K)]
  0x0000015d958175e0 WorkerThread "GC Thread#0"                     [id=15044, stack(0x00000015cff00000,0x00000015d0000000) (1024K)]
  0x0000015daec05a10 WorkerThread "GC Thread#1"                     [id=8088, stack(0x00000015d2a00000,0x00000015d2b00000) (1024K)]
  0x0000015daeb4d400 WorkerThread "GC Thread#2"                     [id=12068, stack(0x00000015d2b00000,0x00000015d2c00000) (1024K)]
  0x0000015daeb3b3c0 WorkerThread "GC Thread#3"                     [id=25176, stack(0x00000015d2c00000,0x00000015d2d00000) (1024K)]
  0x0000015daed2c270 WorkerThread "GC Thread#4"                     [id=4712, stack(0x00000015d2d00000,0x00000015d2e00000) (1024K)]
  0x0000015daed2e6b0 WorkerThread "GC Thread#5"                     [id=9204, stack(0x00000015d2e00000,0x00000015d2f00000) (1024K)]
  0x0000015daecd9f80 WorkerThread "GC Thread#6"                     [id=21464, stack(0x00000015d2f00000,0x00000015d3000000) (1024K)]
  0x0000015daecf0d90 WorkerThread "GC Thread#7"                     [id=18944, stack(0x00000015d3000000,0x00000015d3100000) (1024K)]
  0x0000015daecf3460 WorkerThread "GC Thread#8"                     [id=5804, stack(0x00000015d3100000,0x00000015d3200000) (1024K)]
  0x0000015daecf2770 WorkerThread "GC Thread#9"                     [id=23028, stack(0x00000015d3200000,0x00000015d3300000) (1024K)]
  0x0000015d9582fde0 ConcurrentGCThread "G1 Main Marker"            [id=25236, stack(0x00000015d0000000,0x00000015d0100000) (1024K)]
  0x0000015d95833030 WorkerThread "G1 Conc#0"                       [id=6520, stack(0x00000015d0100000,0x00000015d0200000) (1024K)]
  0x0000015daecf00a0 WorkerThread "G1 Conc#1"                       [id=6956, stack(0x00000015d3300000,0x00000015d3400000) (1024K)]
  0x0000015daecf2bc0 WorkerThread "G1 Conc#2"                       [id=10852, stack(0x00000015d3400000,0x00000015d3500000) (1024K)]
  0x0000015da8b4f970 ConcurrentGCThread "G1 Refine#0"               [id=17144, stack(0x00000015d0200000,0x00000015d0300000) (1024K)]
  0x0000015da8b51a50 ConcurrentGCThread "G1 Service"                [id=12348, stack(0x00000015d0300000,0x00000015d0400000) (1024K)]
Total: 18

Threads with active compile tasks:
Total: 0

VM state: not at safepoint (normal execution)

VM Mutex/Monitor currently owned by a thread: None

Heap address: 0x0000000701200000, size: 4078 MB, Compressed Oops mode: Zero based, Oop shift amount: 3

CDS archive(s) mapped at: [0x0000000020000000-0x0000000020dd0000-0x0000000020dd0000), size 14483456, SharedBaseAddress: 0x0000000020000000, ArchiveRelocationMode: 1.
Compressed class space mapped at: 0x0000000021000000-0x0000000061000000, reserved size: 1073741824
UseCompressedClassPointers 1, UseCompactObjectHeaders 0
Narrow klass pointer bits 32, Max shift 3
Narrow klass base: 0x0000000020000000, Narrow klass shift: 0
Encoding Range: [0x0000000020000000 - 0x0000000120000000), (4294967296 bytes)
Klass Range:    [0x0000000020010000 - 0x0000000061000000), (1090453504 bytes)
Klass ID Range:  [65536 - 1090519033) (1090453497)
Protection zone: [0x0000000020000000 - 0x0000000020010000), (65536 bytes)

GC Precious Log:
 CardTable entry size: 512
 Card Set container configuration: InlinePtr #cards 4 size 8 Array Of Cards #cards 16 size 48 Howl #buckets 8 coarsen threshold 3686 Howl Bitmap #cards 512 size 80 coarsen threshold 460 Card regions per heap region 1 cards per card region 4096
 CPUs: 12 total, 12 available
 Memory: 16309M
 Large Page Support: Disabled
 NUMA Support: Disabled
 Compressed Oops: Enabled (Zero based)
 Heap Region Size: 2M
 Heap Min Capacity: 8M
 Heap Initial Capacity: 256M
 Heap Max Capacity: 4078M
 Pre-touch: Disabled
 Parallel Workers: 10
 Concurrent Workers: 3
 Concurrent Refinement Workers: 10
 Periodic GC: Disabled

Heap:
 garbage-first heap   total reserved 4175872K, committed 120832K, used 97832K [0x0000000701200000, 0x0000000800000000)
  region size 2048K, 15 young (30720K), 1 survivors (2048K)

Heap Regions: E=young(eden), S=young(survivor), O=old, HS=humongous(starts), HC=humongous(continues), CS=collection set, F=free, TAMS=top-at-mark-start, PB=parsable bottom
|   0|0x0000000701200000, 0x0000000701400000, 0x0000000701400000|100%| O|  |TAMS 0x0000000701200000| PB 0x0000000701200000| Untracked |  0
|   1|0x0000000701400000, 0x0000000701600000, 0x0000000701600000|100%|HS|  |TAMS 0x0000000701400000| PB 0x0000000701400000| Complete |  0
|   2|0x0000000701600000, 0x0000000701800000, 0x0000000701800000|100%| O|  |TAMS 0x0000000701600000| PB 0x0000000701600000| Untracked |  0
|   3|0x0000000701800000, 0x0000000701a00000, 0x0000000701a00000|100%| O|  |TAMS 0x0000000701800000| PB 0x0000000701800000| Untracked |  0
|   4|0x0000000701a00000, 0x0000000701c00000, 0x0000000701c00000|100%| O|  |TAMS 0x0000000701a00000| PB 0x0000000701a00000| Untracked |  0
|   5|0x0000000701c00000, 0x0000000701e00000, 0x0000000701e00000|100%| O|  |TAMS 0x0000000701c00000| PB 0x0000000701c00000| Untracked |  0
|   6|0x0000000701e00000, 0x0000000702000000, 0x0000000702000000|100%| O|  |TAMS 0x0000000701e00000| PB 0x0000000701e00000| Untracked |  0
|   7|0x0000000702000000, 0x0000000702200000, 0x0000000702200000|100%| O|Cm|TAMS 0x0000000702000000| PB 0x0000000702000000| Complete |  0
|   8|0x0000000702200000, 0x0000000702400000, 0x0000000702400000|100%| O|  |TAMS 0x0000000702200000| PB 0x0000000702200000| Untracked |  0
|   9|0x0000000702400000, 0x0000000702600000, 0x0000000702600000|100%| O|  |TAMS 0x0000000702400000| PB 0x0000000702400000| Untracked |  0
|  10|0x0000000702600000, 0x0000000702800000, 0x0000000702800000|100%| O|  |TAMS 0x0000000702600000| PB 0x0000000702600000| Untracked |  0
|  11|0x0000000702800000, 0x0000000702a00000, 0x0000000702a00000|100%| O|  |TAMS 0x0000000702800000| PB 0x0000000702800000| Untracked |  0
|  12|0x0000000702a00000, 0x0000000702c00000, 0x0000000702c00000|100%| O|  |TAMS 0x0000000702a00000| PB 0x0000000702a00000| Untracked |  0
|  13|0x0000000702c00000, 0x0000000702e00000, 0x0000000702e00000|100%| O|  |TAMS 0x0000000702c00000| PB 0x0000000702c00000| Untracked |  0
|  14|0x0000000702e00000, 0x0000000703000000, 0x0000000703000000|100%| O|  |TAMS 0x0000000702e00000| PB 0x0000000702e00000| Untracked |  0
|  15|0x0000000703000000, 0x0000000703200000, 0x0000000703200000|100%| O|  |TAMS 0x0000000703000000| PB 0x0000000703000000| Untracked |  0
|  16|0x0000000703200000, 0x0000000703400000, 0x0000000703400000|100%| O|  |TAMS 0x0000000703200000| PB 0x0000000703200000| Untracked |  0
|  17|0x0000000703400000, 0x0000000703600000, 0x0000000703600000|100%| O|  |TAMS 0x0000000703400000| PB 0x0000000703400000| Untracked |  0
|  18|0x0000000703600000, 0x0000000703800000, 0x0000000703800000|100%| O|  |TAMS 0x0000000703600000| PB 0x0000000703600000| Untracked |  0
|  19|0x0000000703800000, 0x0000000703a00000, 0x0000000703a00000|100%|HS|  |TAMS 0x0000000703800000| PB 0x0000000703800000| Complete |  0
|  20|0x0000000703a00000, 0x0000000703c00000, 0x0000000703c00000|100%| O|  |TAMS 0x0000000703a00000| PB 0x0000000703a00000| Untracked |  0
|  21|0x0000000703c00000, 0x0000000703e00000, 0x0000000703e00000|100%| O|  |TAMS 0x0000000703c00000| PB 0x0000000703c00000| Untracked |  0
|  22|0x0000000703e00000, 0x0000000704000000, 0x0000000704000000|100%| O|  |TAMS 0x0000000703e00000| PB 0x0000000703e00000| Untracked |  0
|  23|0x0000000704000000, 0x0000000704200000, 0x0000000704200000|100%| O|  |TAMS 0x0000000704000000| PB 0x0000000704000000| Untracked |  0
|  24|0x0000000704200000, 0x0000000704400000, 0x0000000704400000|100%| O|Cm|TAMS 0x0000000704200000| PB 0x0000000704200000| Complete |  0
|  25|0x0000000704400000, 0x0000000704600000, 0x0000000704600000|100%| O|  |TAMS 0x0000000704400000| PB 0x0000000704400000| Untracked |  0
|  26|0x0000000704600000, 0x0000000704800000, 0x0000000704800000|100%| O|  |TAMS 0x0000000704600000| PB 0x0000000704600000| Untracked |  0
|  27|0x0000000704800000, 0x0000000704a00000, 0x0000000704a00000|100%| O|  |TAMS 0x0000000704800000| PB 0x0000000704800000| Untracked |  0
|  28|0x0000000704a00000, 0x0000000704c00000, 0x0000000704c00000|100%| O|  |TAMS 0x0000000704a00000| PB 0x0000000704a00000| Untracked |  0
|  29|0x0000000704c00000, 0x0000000704c00000, 0x0000000704e00000|  0%| F|  |TAMS 0x0000000704c00000| PB 0x0000000704c00000| Untracked |  0
|  30|0x0000000704e00000, 0x0000000704e00000, 0x0000000705000000|  0%| F|  |TAMS 0x0000000704e00000| PB 0x0000000704e00000| Untracked |  0
|  31|0x0000000705000000, 0x0000000705000000, 0x0000000705200000|  0%| F|  |TAMS 0x0000000705000000| PB 0x0000000705000000| Untracked |  0
|  32|0x0000000705200000, 0x0000000705200000, 0x0000000705400000|  0%| F|  |TAMS 0x0000000705200000| PB 0x0000000705200000| Untracked |  0
|  33|0x0000000705400000, 0x0000000705400000, 0x0000000705600000|  0%| F|  |TAMS 0x0000000705400000| PB 0x0000000705400000| Untracked |  0
|  34|0x0000000705600000, 0x0000000705600000, 0x0000000705800000|  0%| F|  |TAMS 0x0000000705600000| PB 0x0000000705600000| Untracked |  0
|  35|0x0000000705800000, 0x0000000705800000, 0x0000000705a00000|  0%| F|  |TAMS 0x0000000705800000| PB 0x0000000705800000| Untracked |  0
|  36|0x0000000705a00000, 0x0000000705a00000, 0x0000000705c00000|  0%| F|  |TAMS 0x0000000705a00000| PB 0x0000000705a00000| Untracked |  0
|  37|0x0000000705c00000, 0x0000000705c00000, 0x0000000705e00000|  0%| F|  |TAMS 0x0000000705c00000| PB 0x0000000705c00000| Untracked |  0
|  38|0x0000000705e00000, 0x0000000705e00000, 0x0000000706000000|  0%| F|  |TAMS 0x0000000705e00000| PB 0x0000000705e00000| Untracked |  0
|  39|0x0000000706000000, 0x00000007061f35b8, 0x0000000706200000| 97%| E|  |TAMS 0x0000000706000000| PB 0x0000000706000000| Complete |  0
|  40|0x0000000706200000, 0x0000000706400000, 0x0000000706400000|100%| E|CS|TAMS 0x0000000706200000| PB 0x0000000706200000| Complete |  0
|  41|0x0000000706400000, 0x0000000706600000, 0x0000000706600000|100%| E|CS|TAMS 0x0000000706400000| PB 0x0000000706400000| Complete |  0
|  42|0x0000000706600000, 0x0000000706800000, 0x0000000706800000|100%| E|CS|TAMS 0x0000000706600000| PB 0x0000000706600000| Complete |  0
|  43|0x0000000706800000, 0x0000000706a00000, 0x0000000706a00000|100%| E|CS|TAMS 0x0000000706800000| PB 0x0000000706800000| Complete |  0
|  44|0x0000000706a00000, 0x0000000706c00000, 0x0000000706c00000|100%| E|CS|TAMS 0x0000000706a00000| PB 0x0000000706a00000| Complete |  0
|  45|0x0000000706c00000, 0x0000000706e00000, 0x0000000706e00000|100%| E|CS|TAMS 0x0000000706c00000| PB 0x0000000706c00000| Complete |  0
|  46|0x0000000706e00000, 0x0000000706f8a308, 0x0000000707000000| 76%| S|CS|TAMS 0x0000000706e00000| PB 0x0000000706e00000| Complete |  0
|  81|0x000000070b400000, 0x000000070b600000, 0x000000070b600000|100%| E|CS|TAMS 0x000000070b400000| PB 0x000000070b400000| Complete |  0
|  82|0x000000070b600000, 0x000000070b800000, 0x000000070b800000|100%| E|CS|TAMS 0x000000070b600000| PB 0x000000070b600000| Complete |  0
|  83|0x000000070b800000, 0x000000070ba00000, 0x000000070ba00000|100%| E|CS|TAMS 0x000000070b800000| PB 0x000000070b800000| Complete |  0
|  84|0x000000070ba00000, 0x000000070bc00000, 0x000000070bc00000|100%| E|CS|TAMS 0x000000070ba00000| PB 0x000000070ba00000| Complete |  0
|  85|0x000000070bc00000, 0x000000070be00000, 0x000000070be00000|100%| E|CS|TAMS 0x000000070bc00000| PB 0x000000070bc00000| Complete |  0
| 127|0x0000000711000000, 0x0000000711200000, 0x0000000711200000|100%| E|CS|TAMS 0x0000000711000000| PB 0x0000000711000000| Complete |  0
|2033|0x00000007ff400000, 0x00000007ff600000, 0x00000007ff600000|100%| O|Cm|TAMS 0x00000007ff400000| PB 0x00000007ff400000| Complete |  0
|2034|0x00000007ff600000, 0x00000007ff800000, 0x00000007ff800000|100%| O|  |TAMS 0x00000007ff600000| PB 0x00000007ff600000| Untracked |  0
|2035|0x00000007ff800000, 0x00000007ffa00000, 0x00000007ffa00000|100%| O|  |TAMS 0x00000007ff800000| PB 0x00000007ff800000| Untracked |  0
|2036|0x00000007ffa00000, 0x00000007ffc00000, 0x00000007ffc00000|100%| O|  |TAMS 0x00000007ffa00000| PB 0x00000007ffa00000| Untracked |  0
|2037|0x00000007ffc00000, 0x00000007ffe00000, 0x00000007ffe00000|100%| O|  |TAMS 0x00000007ffc00000| PB 0x00000007ffc00000| Untracked |  0
|2038|0x00000007ffe00000, 0x0000000800000000, 0x0000000800000000|100%| E|CS|TAMS 0x00000007ffe00000| PB 0x00000007ffe00000| Complete |  0

Card table byte_map: [0x0000015da1c60000,0x0000015da2460000] _byte_map_base: 0x0000015d9e457000

Marking Bits: (CMBitMap*) 0x0000015d933ad7f0
 Bits: [0x0000015da2460000, 0x0000015da6418000)

Polling page: 0x0000015d93550000

Metaspace:
Metaspace        used 84768K, committed 85568K, reserved 1179648K
 class space     used 10809K, committed 11136K, reserved 1048576K

Usage:
  Non-class:     72.23 MB used.
      Class:     10.56 MB used.
       Both:     82.78 MB used.

Virtual space:
  Non-class space:      128.00 MB reserved,      72.69 MB ( 57%) committed,  2 nodes.
      Class space:        1.00 GB reserved,      10.88 MB (  1%) committed,  1 nodes.
             Both:        1.12 GB reserved,      83.56 MB (  7%) committed. 

Chunk freelists:
   Non-Class:  7.04 MB
       Class:  5.19 MB
        Both:  12.23 MB

MaxMetaspaceSize: unlimited
CompressedClassSpaceSize: 1.00 GB
Initial GC threshold: 21.00 MB
Current GC threshold: 137.75 MB
CDS: on
 - commit_granule_bytes: 65536.
 - commit_granule_words: 8192.
 - virtual_space_node_default_size: 8388608.
 - enlarge_chunks_in_place: 1.
UseCompressedClassPointers 1, UseCompactObjectHeaders 0
Narrow klass pointer bits 32, Max shift 3
Narrow klass base: 0x0000000020000000, Narrow klass shift: 0
Encoding Range: [0x0000000020000000 - 0x0000000120000000), (4294967296 bytes)
Klass Range:    [0x0000000020010000 - 0x0000000061000000), (1090453504 bytes)
Klass ID Range:  [65536 - 1090519033) (1090453497)
Protection zone: [0x0000000020000000 - 0x0000000020010000), (65536 bytes)


Internal statistics:

num_allocs_failed_limit: 12.
num_arena_births: 930.
num_arena_deaths: 186.
num_vsnodes_births: 3.
num_vsnodes_deaths: 0.
num_space_committed: 1336.
num_space_uncommitted: 0.
num_chunks_returned_to_freelist: 211.
num_chunks_taken_from_freelist: 3730.
num_chunk_merges: 51.
num_chunk_splits: 2776.
num_chunks_enlarged: 2289.
num_inconsistent_stats: 0.

CodeCache: size=49152Kb used=15047Kb max_used=17252Kb free=34104Kb
 bounds [0x0000015d9e020000, 0x0000015d9f130000, 0x0000015da1020000]
 total_blobs=11096, nmethods=9929, adapters=1085, full_count=0
Compilation: enabled, stopped_count=0, restarted_count=0

Compilation events (20 events):
Event: 314.195 Thread 0x0000015da8cb8530 12797       1       jdk.jfr.internal.EventControl::getSettingsId (5 bytes)
Event: 314.195 Thread 0x0000015db5891830 nmethod 12795 0x0000015d9e51cb88 code [0x0000015d9e51cc80, 0x0000015d9e51cd48]
Event: 314.195 Thread 0x0000015db5891830 12798       1       jdk.jfr.internal.EventControl::getNamedControls (5 bytes)
Event: 314.195 Thread 0x0000015db5894080 nmethod 12796 0x0000015d9e51e708 code [0x0000015d9e51e800, 0x0000015d9e51e8c8]
Event: 314.195 Thread 0x0000015da8cb8530 nmethod 12797 0x0000015d9e523988 code [0x0000015d9e523a80, 0x0000015d9e523b48]
Event: 314.195 Thread 0x0000015db5891830 nmethod 12798 0x0000015d9e526208 code [0x0000015d9e526300, 0x0000015d9e5263c8]
Event: 314.195 Thread 0x0000015db5891830 12799       1       java.lang.StringLatin1::lastIndexOfNonWhitespace (51 bytes)
Event: 314.195 Thread 0x0000015db5890810 12800   !   1       jdk.jfr.internal.Control::setValue (69 bytes)
Event: 314.195 Thread 0x0000015da8cb8530 12801       1       jdk.jfr.internal.SettingsManager$InternalSetting::getValues (35 bytes)
Event: 314.195 Thread 0x0000015db5894080 12802       1       jdk.jfr.internal.Control::apply (10 bytes)
Event: 314.195 Thread 0x0000015db5894080 nmethod 12802 0x0000015d9e530388 code [0x0000015d9e530480, 0x0000015d9e530590]
Event: 314.195 Thread 0x0000015da8cb8530 nmethod 12801 0x0000015d9e531108 code [0x0000015d9e531200, 0x0000015d9e531400]
Event: 314.195 Thread 0x0000015db5891830 nmethod 12799 0x0000015d9e531708 code [0x0000015d9e531800, 0x0000015d9e531938]
Event: 314.195 Thread 0x0000015db5894080 12803       1       jdk.jfr.internal.Control::findCombine (121 bytes)
Event: 314.196 Thread 0x0000015db5890810 nmethod 12800 0x0000015d9e344d08 code [0x0000015d9e344e00, 0x0000015d9e3452d8]
Event: 314.196 Thread 0x0000015db5894080 nmethod 12803 0x0000015d9e2b9388 code [0x0000015d9e2b9480, 0x0000015d9e2b9c18]
Event: 314.210 Thread 0x0000015da8cb8530 12804       1       jdk.jfr.internal.periodic.EventTask::getEventType (5 bytes)
Event: 314.211 Thread 0x0000015da8cb8530 nmethod 12804 0x0000015d9e535b88 code [0x0000015d9e535c80, 0x0000015d9e535d48]
Event: 314.211 Thread 0x0000015db5891830 12805       1       jdk.jfr.internal.periodic.PeriodicTask::getPeriod (5 bytes)
Event: 314.211 Thread 0x0000015db5891830 nmethod 12805 0x0000015d9e539288 code [0x0000015d9e539380, 0x0000015d9e539448]

GC Heap Usage History (20 events):
Event: 12.201 {heap Before GC invocations=11 (full 0):
 garbage-first heap   total reserved 4175872K, committed 90112K, used 71594K [0x0000000701200000, 0x0000000800000000)
  region size 2048K, 23 young (47104K), 3 survivors (6144K)
}
Event: 12.208 {heap After GC invocations=12 (full 0):
 garbage-first heap   total reserved 4175872K, committed 90112K, used 35797K [0x0000000701200000, 0x0000000800000000)
  region size 2048K, 3 young (6144K), 3 survivors (6144K)
}
Event: 13.774 {heap Before GC invocations=12 (full 0):
 garbage-first heap   total reserved 4175872K, committed 90112K, used 72661K [0x0000000701200000, 0x0000000800000000)
  region size 2048K, 22 young (45056K), 3 survivors (6144K)
}
Event: 13.785 {heap After GC invocations=13 (full 0):
 garbage-first heap   total reserved 4175872K, committed 90112K, used 40892K [0x0000000701200000, 0x0000000800000000)
  region size 2048K, 3 young (6144K), 3 survivors (6144K)
}
Event: 13.788 {heap Before GC invocations=13 (full 0):
 garbage-first heap   total reserved 4175872K, committed 90112K, used 40892K [0x0000000701200000, 0x0000000800000000)
  region size 2048K, 4 young (8192K), 3 survivors (6144K)
}
Event: 13.792 {heap After GC invocations=14 (full 0):
 garbage-first heap   total reserved 4175872K, committed 90112K, used 41643K [0x0000000701200000, 0x0000000800000000)
  region size 2048K, 1 young (2048K), 1 survivors (2048K)
}
Event: 22.510 {heap Before GC invocations=15 (full 0):
 garbage-first heap   total reserved 4175872K, committed 90112K, used 80555K [0x0000000701200000, 0x0000000800000000)
  region size 2048K, 19 young (38912K), 1 survivors (2048K)
}
Event: 22.515 {heap After GC invocations=16 (full 0):
 garbage-first heap   total reserved 4175872K, committed 90112K, used 48170K [0x0000000701200000, 0x0000000800000000)
  region size 2048K, 3 young (6144K), 3 survivors (6144K)
}
Event: 25.891 {heap Before GC invocations=16 (full 0):
 garbage-first heap   total reserved 4175872K, committed 90112K, used 76842K [0x0000000701200000, 0x0000000800000000)
  region size 2048K, 18 young (36864K), 3 survivors (6144K)
}
Event: 25.897 {heap After GC invocations=17 (full 0):
 garbage-first heap   total reserved 4175872K, committed 90112K, used 49248K [0x0000000701200000, 0x0000000800000000)
  region size 2048K, 1 young (2048K), 1 survivors (2048K)
}
Event: 34.478 {heap Before GC invocations=17 (full 0):
 garbage-first heap   total reserved 4175872K, committed 90112K, used 79968K [0x0000000701200000, 0x0000000800000000)
  region size 2048K, 16 young (32768K), 1 survivors (2048K)
}
Event: 34.483 {heap After GC invocations=18 (full 0):
 garbage-first heap   total reserved 4175872K, committed 90112K, used 52442K [0x0000000701200000, 0x0000000800000000)
  region size 2048K, 2 young (4096K), 2 survivors (4096K)
}
Event: 36.246 {heap Before GC invocations=19 (full 0):
 garbage-first heap   total reserved 4175872K, committed 90112K, used 85210K [0x0000000701200000, 0x0000000800000000)
  region size 2048K, 16 young (32768K), 2 survivors (4096K)
}
Event: 36.257 {heap After GC invocations=20 (full 0):
 garbage-first heap   total reserved 4175872K, committed 96256K, used 63345K [0x0000000701200000, 0x0000000800000000)
  region size 2048K, 2 young (4096K), 2 survivors (4096K)
}
Event: 38.645 {heap Before GC invocations=20 (full 0):
 garbage-first heap   total reserved 4175872K, committed 96256K, used 83825K [0x0000000701200000, 0x0000000800000000)
  region size 2048K, 12 young (24576K), 2 survivors (4096K)
}
Event: 38.653 {heap After GC invocations=21 (full 0):
 garbage-first heap   total reserved 4175872K, committed 96256K, used 67379K [0x0000000701200000, 0x0000000800000000)
  region size 2048K, 2 young (4096K), 2 survivors (4096K)
}
Event: 42.047 {heap Before GC invocations=21 (full 0):
 garbage-first heap   total reserved 4175872K, committed 96256K, used 85811K [0x0000000701200000, 0x0000000800000000)
  region size 2048K, 11 young (22528K), 2 survivors (4096K)
}
Event: 42.054 {heap After GC invocations=22 (full 0):
 garbage-first heap   total reserved 4175872K, committed 96256K, used 71819K [0x0000000701200000, 0x0000000800000000)
  region size 2048K, 2 young (4096K), 2 survivors (4096K)
}
Event: 140.909 {heap Before GC invocations=23 (full 0):
 garbage-first heap   total reserved 4175872K, committed 120832K, used 84107K [0x0000000701200000, 0x0000000800000000)
  region size 2048K, 9 young (18432K), 2 survivors (4096K)
}
Event: 140.915 {heap After GC invocations=24 (full 0):
 garbage-first heap   total reserved 4175872K, committed 120832K, used 71208K [0x0000000701200000, 0x0000000800000000)
  region size 2048K, 1 young (2048K), 1 survivors (2048K)
}

Metaspace Usage History (20 events):
Event: 12.201 {metaspace Before GC invocations=11 (full 0):
 Metaspace       used 66829K, committed 67328K, reserved 1114112K
  class space    used 7801K, committed 8000K, reserved 1048576K
}
Event: 12.208 {metaspace After GC invocations=12 (full 0):
 Metaspace       used 66829K, committed 67328K, reserved 1114112K
  class space    used 7801K, committed 8000K, reserved 1048576K
}
Event: 13.774 {metaspace Before GC invocations=12 (full 0):
 Metaspace       used 75123K, committed 75712K, reserved 1179648K
  class space    used 9257K, committed 9472K, reserved 1048576K
}
Event: 13.785 {metaspace After GC invocations=13 (full 0):
 Metaspace       used 75123K, committed 75712K, reserved 1179648K
  class space    used 9257K, committed 9472K, reserved 1048576K
}
Event: 13.788 {metaspace Before GC invocations=13 (full 0):
 Metaspace       used 75150K, committed 75712K, reserved 1179648K
  class space    used 9259K, committed 9472K, reserved 1048576K
}
Event: 13.792 {metaspace After GC invocations=14 (full 0):
 Metaspace       used 75150K, committed 75712K, reserved 1179648K
  class space    used 9259K, committed 9472K, reserved 1048576K
}
Event: 22.510 {metaspace Before GC invocations=15 (full 0):
 Metaspace       used 79243K, committed 79936K, reserved 1179648K
  class space    used 9855K, committed 10176K, reserved 1048576K
}
Event: 22.515 {metaspace After GC invocations=16 (full 0):
 Metaspace       used 79243K, committed 79936K, reserved 1179648K
  class space    used 9855K, committed 10176K, reserved 1048576K
}
Event: 25.891 {metaspace Before GC invocations=16 (full 0):
 Metaspace       used 81075K, committed 81728K, reserved 1179648K
  class space    used 10070K, committed 10304K, reserved 1048576K
}
Event: 25.897 {metaspace After GC invocations=17 (full 0):
 Metaspace       used 81075K, committed 81728K, reserved 1179648K
  class space    used 10070K, committed 10304K, reserved 1048576K
}
Event: 34.478 {metaspace Before GC invocations=17 (full 0):
 Metaspace       used 81954K, committed 82688K, reserved 1179648K
  class space    used 10300K, committed 10624K, reserved 1048576K
}
Event: 34.483 {metaspace After GC invocations=18 (full 0):
 Metaspace       used 81954K, committed 82688K, reserved 1179648K
  class space    used 10300K, committed 10624K, reserved 1048576K
}
Event: 36.246 {metaspace Before GC invocations=19 (full 0):
 Metaspace       used 82662K, committed 83392K, reserved 1179648K
  class space    used 10477K, committed 10816K, reserved 1048576K
}
Event: 36.257 {metaspace After GC invocations=20 (full 0):
 Metaspace       used 82662K, committed 83392K, reserved 1179648K
  class space    used 10477K, committed 10816K, reserved 1048576K
}
Event: 38.645 {metaspace Before GC invocations=20 (full 0):
 Metaspace       used 83433K, committed 84160K, reserved 1179648K
  class space    used 10635K, committed 10944K, reserved 1048576K
}
Event: 38.653 {metaspace After GC invocations=21 (full 0):
 Metaspace       used 83433K, committed 84160K, reserved 1179648K
  class space    used 10635K, committed 10944K, reserved 1048576K
}
Event: 42.047 {metaspace Before GC invocations=21 (full 0):
 Metaspace       used 83879K, committed 84608K, reserved 1179648K
  class space    used 10734K, committed 11072K, reserved 1048576K
}
Event: 42.054 {metaspace After GC invocations=22 (full 0):
 Metaspace       used 83879K, committed 84608K, reserved 1179648K
  class space    used 10734K, committed 11072K, reserved 1048576K
}
Event: 140.909 {metaspace Before GC invocations=23 (full 0):
 Metaspace       used 83720K, committed 84608K, reserved 1179648K
  class space    used 10689K, committed 11072K, reserved 1048576K
}
Event: 140.915 {metaspace After GC invocations=24 (full 0):
 Metaspace       used 83720K, committed 84608K, reserved 1179648K
  class space    used 10689K, committed 11072K, reserved 1048576K
}

Dll operation events (20 events):
Event: 1.395 Loaded shared library C:\Users\angio\.openjfx\cache\24.0.1+4\amd64\api-ms-win-crt-multibyte-l1-1-0.dll
Event: 1.404 Loaded shared library C:\Users\angio\.openjfx\cache\24.0.1+4\amd64\api-ms-win-crt-private-l1-1-0.dll
Event: 1.413 Loaded shared library C:\Users\angio\.openjfx\cache\24.0.1+4\amd64\api-ms-win-crt-process-l1-1-0.dll
Event: 1.421 Loaded shared library C:\Users\angio\.openjfx\cache\24.0.1+4\amd64\api-ms-win-crt-runtime-l1-1-0.dll
Event: 1.428 Loaded shared library C:\Users\angio\.openjfx\cache\24.0.1+4\amd64\api-ms-win-crt-stdio-l1-1-0.dll
Event: 1.436 Loaded shared library C:\Users\angio\.openjfx\cache\24.0.1+4\amd64\api-ms-win-crt-string-l1-1-0.dll
Event: 1.444 Loaded shared library C:\Users\angio\.openjfx\cache\24.0.1+4\amd64\api-ms-win-crt-time-l1-1-0.dll
Event: 1.452 Loaded shared library C:\Users\angio\.openjfx\cache\24.0.1+4\amd64\api-ms-win-crt-utility-l1-1-0.dll
Event: 1.482 Loaded shared library C:\Users\angio\.openjfx\cache\24.0.1+4\amd64\ucrtbase.dll
Event: 1.492 Loaded shared library C:\Users\angio\.openjfx\cache\24.0.1+4\amd64\vcruntime140.dll
Event: 1.501 Loaded shared library C:\Users\angio\.openjfx\cache\24.0.1+4\amd64\vcruntime140_1.dll
Event: 1.518 Loaded shared library C:\Users\angio\.openjfx\cache\24.0.1+4\amd64\msvcp140.dll
Event: 1.526 Loaded shared library C:\Users\angio\.openjfx\cache\24.0.1+4\amd64\msvcp140_1.dll
Event: 1.538 Loaded shared library C:\Users\angio\.openjfx\cache\24.0.1+4\amd64\msvcp140_2.dll
Event: 1.613 Loaded shared library C:\Users\angio\.openjfx\cache\24.0.1+4\amd64\prism_d3d.dll
Event: 1.760 Loaded shared library C:\Users\angio\.openjfx\cache\24.0.1+4\amd64\glass.dll
Event: 6.131 Loaded shared library C:\Users\angio\.jdks\openjdk-25.0.1\bin\sunmscapi.dll
Event: 12.775 Loaded shared library C:\Users\angio\.openjfx\cache\24.0.1+4\amd64\javafx_font.dll
Event: 21.723 Loaded shared library C:\Users\angio\.openjfx\cache\24.0.1+4\amd64\jfxwebkit.dll
Event: 313.917 Loaded shared library C:\Users\angio\AppData\Local\Temp\idea_libasyncProfiler_dll_temp_folder\libasyncProfiler.dll

Deoptimization events (8 events):
Event: 4.338 Thread 0x0000015da9d9f950 DEOPT PACKING pc=0x0000015d9e7203ac sp=0x00000015d14fc880
Event: 4.338 Thread 0x0000015da9d9f950 DEOPT UNPACKING pc=0x0000015d9e071702 sp=0x00000015d14fbd88 mode 0
Event: 4.529 Thread 0x0000015da9d9f950 DEOPT PACKING pc=0x0000015d9e6db3dc sp=0x00000015d14fc270
Event: 4.529 Thread 0x0000015da9d9f950 DEOPT UNPACKING pc=0x0000015d9e071702 sp=0x00000015d14fb730 mode 0
Event: 6.013 Thread 0x0000015da9d9f950 DEOPT PACKING pc=0x0000015d9e5e8b64 sp=0x00000015d14f9ed0
Event: 6.013 Thread 0x0000015da9d9f950 DEOPT UNPACKING pc=0x0000015d9e071702 sp=0x00000015d14f9400 mode 0
Event: 6.038 Thread 0x0000015da9d9f950 DEOPT PACKING pc=0x0000015d9e58595c sp=0x00000015d14f9e10
Event: 6.038 Thread 0x0000015da9d9f950 DEOPT UNPACKING pc=0x0000015d9e071702 sp=0x00000015d14f92d8 mode 0

Classes loaded (20 events):
Event: 314.153 Loading class jdk/jfr/internal/MetadataDescriptor$Element
Event: 314.153 Loading class jdk/jfr/internal/MetadataDescriptor$Element done
Event: 314.153 Loading class jdk/jfr/internal/MetadataDescriptor$Attribute
Event: 314.153 Loading class jdk/jfr/internal/MetadataDescriptor$Attribute done
Event: 314.163 Loading class jdk/jfr/internal/consumer/StringParser$Encoding
Event: 314.164 Loading class jdk/jfr/internal/consumer/StringParser$Encoding done
Event: 314.184 Loading class jdk/jfr/internal/consumer/RepositoryFiles
Event: 314.185 Loading class jdk/jfr/internal/consumer/RepositoryFiles done
Event: 314.190 Loading class jdk/jfr/internal/SettingsManager$InternalSetting
Event: 314.191 Loading class jdk/jfr/internal/SettingsManager$InternalSetting done
Event: 314.192 Loading class jdk/jfr/internal/util/Rate
Event: 314.193 Loading class jdk/jfr/internal/util/Rate done
Event: 314.193 Loading class jdk/jfr/internal/util/TimespanUnit
Event: 314.193 Loading class jdk/jfr/internal/util/TimespanUnit done
Event: 314.193 Loading class jdk/jfr/internal/util/ValueParser
Event: 314.193 Loading class jdk/jfr/internal/util/ValueParser done
Event: 314.194 Loading class jdk/jfr/internal/util/TimespanRate
Event: 314.194 Loading class jdk/jfr/internal/util/TimespanRate done
Event: 314.197 Loading class jdk/jfr/internal/periodic/PeriodicType
Event: 314.197 Loading class jdk/jfr/internal/periodic/PeriodicType done

Classes unloaded (20 events):
Event: 42.114 Thread 0x0000015da8c97770 Unloading class 0x0000000021134800 'java/lang/invoke/LambdaForm$BMH+0x0000000021134800'
Event: 42.114 Thread 0x0000015da8c97770 Unloading class 0x0000000021124400 'java/lang/invoke/LambdaForm$MH+0x0000000021124400'
Event: 42.114 Thread 0x0000015da8c97770 Unloading class 0x0000000021104c00 'java/lang/invoke/LambdaForm$BMH+0x0000000021104c00'
Event: 42.114 Thread 0x0000015da8c97770 Unloading class 0x00000000210c7800 'java/lang/invoke/LambdaForm$MH+0x00000000210c7800'
Event: 42.114 Thread 0x0000015da8c97770 Unloading class 0x00000000210c7400 'java/lang/invoke/LambdaForm$BMH+0x00000000210c7400'
Event: 42.114 Thread 0x0000015da8c97770 Unloading class 0x00000000210c5400 'java/lang/invoke/LambdaForm$MH+0x00000000210c5400'
Event: 42.114 Thread 0x0000015da8c97770 Unloading class 0x00000000210c5000 'java/lang/invoke/LambdaForm$MH+0x00000000210c5000'
Event: 42.114 Thread 0x0000015da8c97770 Unloading class 0x00000000210c4c00 'java/lang/invoke/LambdaForm$MH+0x00000000210c4c00'
Event: 42.114 Thread 0x0000015da8c97770 Unloading class 0x00000000210c3800 'java/lang/invoke/LambdaForm$MH+0x00000000210c3800'
Event: 42.114 Thread 0x0000015da8c97770 Unloading class 0x00000000210c2c00 'java/lang/invoke/LambdaForm$MH+0x00000000210c2c00'
Event: 42.114 Thread 0x0000015da8c97770 Unloading class 0x00000000210c2800 'java/lang/invoke/LambdaForm$MH+0x00000000210c2800'
Event: 42.114 Thread 0x0000015da8c97770 Unloading class 0x00000000210c2400 'java/lang/invoke/LambdaForm$MH+0x00000000210c2400'
Event: 42.114 Thread 0x0000015da8c97770 Unloading class 0x00000000210c2000 'java/lang/invoke/LambdaForm$BMH+0x00000000210c2000'
Event: 42.114 Thread 0x0000015da8c97770 Unloading class 0x0000000021046800 'java/lang/invoke/LambdaForm$DMH+0x0000000021046800'
Event: 42.114 Thread 0x0000015da8c97770 Unloading class 0x0000000021046000 'java/lang/invoke/LambdaForm$DMH+0x0000000021046000'
Event: 42.114 Thread 0x0000015da8c97770 Unloading class 0x0000000021045c00 'java/lang/invoke/LambdaForm$DMH+0x0000000021045c00'
Event: 42.114 Thread 0x0000015da8c97770 Unloading class 0x0000000021045800 'java/lang/invoke/LambdaForm$DMH+0x0000000021045800'
Event: 42.114 Thread 0x0000015da8c97770 Unloading class 0x0000000021042800 'java/lang/invoke/LambdaForm$MH+0x0000000021042800'
Event: 42.114 Thread 0x0000015da8c97770 Unloading class 0x0000000021042400 'java/lang/invoke/LambdaForm$MH+0x0000000021042400'
Event: 42.114 Thread 0x0000015da8c97770 Unloading class 0x0000000021042000 'java/lang/invoke/LambdaForm$MH+0x0000000021042000'

Classes redefined (0 events):
No events

Internal exceptions (20 events):
Event: 24.719 Thread 0x0000015dae4b9140 Exception <a 'sun/nio/fs/WindowsException'{0x0000000704f404f0}> (0x0000000704f404f0) 
thrown [s\open\src\hotspot\share\prims\jni.cpp, line 516]
Event: 24.737 Thread 0x0000015db61d1d70 Exception <a 'sun/nio/fs/WindowsException'{0x0000000704df0a38}> (0x0000000704df0a38) 
thrown [s\open\src\hotspot\share\prims\jni.cpp, line 516]
Event: 24.738 Thread 0x0000015dae4b9140 Exception <a 'java/lang/NoSuchMethodError'{0x0000000704da9168}: 'java.lang.Object java.lang.invoke.DelegatingMethodHandle$Holder.reinvoke_L(java.lang.Object, java.lang.Object, long, int, int, java.lang.Object, double, int)'> (0x0000000704da9168) 
thrown [s\open\src\hotspot\share\interpreter\linkResolver.cpp, line 804]
Event: 25.787 Thread 0x0000015dae4b9140 Exception <a 'java/io/FileNotFoundException'{0x00000007047920e0}> (0x00000007047920e0) 
thrown [s\open\src\hotspot\share\prims\jni.cpp, line 516]
Event: 25.787 Thread 0x0000015dae4b9140 Exception <a 'java/io/FileNotFoundException'{0x0000000704793470}> (0x0000000704793470) 
thrown [s\open\src\hotspot\share\prims\jni.cpp, line 516]
Event: 25.787 Thread 0x0000015dae4b9140 Exception <a 'java/io/FileNotFoundException'{0x0000000704794818}> (0x0000000704794818) 
thrown [s\open\src\hotspot\share\prims\jni.cpp, line 516]
Event: 25.788 Thread 0x0000015dae4b9140 Exception <a 'java/io/FileNotFoundException'{0x0000000704795ba8}> (0x0000000704795ba8) 
thrown [s\open\src\hotspot\share\prims\jni.cpp, line 516]
Event: 34.359 Thread 0x0000015dae4b9140 Exception <a 'java/lang/NoSuchMethodError'{0x0000000704f10920}: 'java.lang.Object java.lang.invoke.DirectMethodHandle$Holder.newInvokeSpecial(java.lang.Object, java.lang.Object, java.lang.Object, java.lang.Object, int)'> (0x0000000704f10920) 
thrown [s\open\src\hotspot\share\interpreter\linkResolver.cpp, line 804]
Event: 34.359 Thread 0x0000015dae4b9140 Exception <a 'java/lang/NoSuchMethodError'{0x0000000704f195c8}: 'java.lang.Object java.lang.invoke.DirectMethodHandle$Holder.invokeSpecial(java.lang.Object, java.lang.Object, java.lang.Object, java.lang.Object, java.lang.Object, int)'> (0x0000000704f195c8) 
thrown [s\open\src\hotspot\share\interpreter\linkResolver.cpp, line 804]
Event: 34.359 Thread 0x0000015dae4b9140 Exception <a 'java/lang/NoSuchMethodError'{0x0000000704f219e8}: 'java.lang.Object java.lang.invoke.Invokers$Holder.linkToTargetMethod(java.lang.Object, java.lang.Object, java.lang.Object, int, java.lang.Object)'> (0x0000000704f219e8) 
thrown [s\open\src\hotspot\share\interpreter\linkResolver.cpp, line 804]
Event: 34.386 Thread 0x0000015dae4b9140 Exception <a 'java/io/FileNotFoundException'{0x0000000704d103f0}> (0x0000000704d103f0) 
thrown [s\open\src\hotspot\share\prims\jni.cpp, line 516]
Event: 34.395 Thread 0x0000015dae4b9140 Exception <a 'java/io/FileNotFoundException'{0x0000000704a2ea58}> (0x0000000704a2ea58) 
thrown [s\open\src\hotspot\share\prims\jni.cpp, line 516]
Event: 36.200 Thread 0x0000015dae4b9140 Exception <a 'java/io/FileNotFoundException'{0x0000000704a519e0}> (0x0000000704a519e0) 
thrown [s\open\src\hotspot\share\prims\jni.cpp, line 516]
Event: 38.606 Thread 0x0000015dae4b9140 Exception <a 'java/io/FileNotFoundException'{0x00000007052c3d48}> (0x00000007052c3d48) 
thrown [s\open\src\hotspot\share\prims\jni.cpp, line 516]
Event: 40.365 Thread 0x0000015dae4b9140 Exception <a 'java/lang/NoSuchMethodError'{0x000000070b739238}: 'java.lang.Object java.lang.invoke.DirectMethodHandle$Holder.newInvokeSpecial(java.lang.Object, double)'> (0x000000070b739238) 
thrown [s\open\src\hotspot\share\interpreter\linkResolver.cpp, line 804]
Event: 41.962 Thread 0x0000015dae4b9140 Exception <a 'java/io/FileNotFoundException'{0x000000070b46d488}> (0x000000070b46d488) 
thrown [s\open\src\hotspot\share\prims\jni.cpp, line 516]
Event: 314.136 Thread 0x0000015da8caedc0 Exception <a 'java/lang/NoSuchMethodError'{0x0000000706266790}: 'void java.lang.invoke.Invokers$Holder.invokeExact_MT(java.lang.Object, int, java.lang.Object)'> (0x0000000706266790) 
thrown [s\open\src\hotspot\share\interpreter\linkResolver.cpp, line 804]
Event: 314.140 Thread 0x0000015da8caedc0 Exception <a 'sun/nio/fs/WindowsException'{0x000000070628dc68}> (0x000000070628dc68) 
thrown [s\open\src\hotspot\share\prims\jni.cpp, line 516]
Event: 314.144 Thread 0x0000015da8caedc0 Exception <a 'sun/nio/fs/WindowsException'{0x000000070628f480}> (0x000000070628f480) 
thrown [s\open\src\hotspot\share\prims\jni.cpp, line 516]
Event: 314.149 Thread 0x0000015da8caedc0 Exception <a 'sun/nio/fs/WindowsException'{0x00000007062b1ce8}> (0x00000007062b1ce8) 
thrown [s\open\src\hotspot\share\prims\jni.cpp, line 516]

VM Operations (20 events):
Event: 120.234 Executing non-safepoint VM operation: HandshakeAllThreads (HandshakeForDeflation)
Event: 120.234 Executing non-safepoint VM operation: HandshakeAllThreads (HandshakeForDeflation) done
Event: 120.234 Executing non-safepoint VM operation: RendezvousGCThreads
Event: 120.234 Executing non-safepoint VM operation: RendezvousGCThreads done
Event: 140.909 Executing safepoint VM operation: G1CollectForAllocation (G1 Evacuation Pause)
Event: 140.915 Executing safepoint VM operation: G1CollectForAllocation (G1 Evacuation Pause) done
Event: 180.258 Executing non-safepoint VM operation: HandshakeAllThreads (HandshakeForDeflation)
Event: 180.258 Executing non-safepoint VM operation: HandshakeAllThreads (HandshakeForDeflation) done
Event: 180.258 Executing non-safepoint VM operation: RendezvousGCThreads
Event: 180.258 Executing non-safepoint VM operation: RendezvousGCThreads done
Event: 240.260 Executing non-safepoint VM operation: HandshakeAllThreads (HandshakeForDeflation)
Event: 240.260 Executing non-safepoint VM operation: HandshakeAllThreads (HandshakeForDeflation) done
Event: 240.260 Executing non-safepoint VM operation: RendezvousGCThreads
Event: 240.260 Executing non-safepoint VM operation: RendezvousGCThreads done
Event: 300.307 Executing non-safepoint VM operation: HandshakeAllThreads (HandshakeForDeflation)
Event: 300.307 Executing non-safepoint VM operation: HandshakeAllThreads (HandshakeForDeflation) done
Event: 300.307 Executing non-safepoint VM operation: RendezvousGCThreads
Event: 300.307 Executing non-safepoint VM operation: RendezvousGCThreads done
Event: 314.185 Executing safepoint VM operation: JFRSafepointClear
Event: 314.186 Executing safepoint VM operation: JFRSafepointClear done

Memory protections (0 events):
No events

Nmethod flushes (20 events):
Event: 42.128 Thread 0x0000015da8c97770 flushing  nmethod 0x0000015d9e9e3988
Event: 42.128 Thread 0x0000015da8c97770 flushing  nmethod 0x0000015d9e9e4508
Event: 42.128 Thread 0x0000015da8c97770 flushing  nmethod 0x0000015d9e9e5308
Event: 42.128 Thread 0x0000015da8c97770 flushing  nmethod 0x0000015d9e9e5d88
Event: 42.128 Thread 0x0000015da8c97770 flushing  nmethod 0x0000015d9e9e6088
Event: 42.128 Thread 0x0000015da8c97770 flushing  nmethod 0x0000015d9e9e6388
Event: 42.128 Thread 0x0000015da8c97770 flushing  nmethod 0x0000015d9e9e6688
Event: 42.128 Thread 0x0000015da8c97770 flushing  nmethod 0x0000015d9e9e6988
Event: 42.128 Thread 0x0000015da8c97770 flushing  nmethod 0x0000015d9e9e6c88
Event: 42.128 Thread 0x0000015da8c97770 flushing  nmethod 0x0000015d9e9fcc88
Event: 42.128 Thread 0x0000015da8c97770 flushing  nmethod 0x0000015d9ea12108
Event: 42.128 Thread 0x0000015da8c97770 flushing  nmethod 0x0000015d9ea12488
Event: 42.128 Thread 0x0000015da8c97770 flushing  nmethod 0x0000015d9ea12908
Event: 42.128 Thread 0x0000015da8c97770 flushing  nmethod 0x0000015d9ea17f08
Event: 42.128 Thread 0x0000015da8c97770 flushing  nmethod 0x0000015d9ea18208
Event: 42.128 Thread 0x0000015da8c97770 flushing  nmethod 0x0000015d9ea3c188
Event: 42.128 Thread 0x0000015da8c97770 flushing  nmethod 0x0000015d9ea3c488
Event: 42.128 Thread 0x0000015da8c97770 flushing  nmethod 0x0000015d9ea3cd88
Event: 42.128 Thread 0x0000015da8c97770 flushing  nmethod 0x0000015d9ea3d688
Event: 42.128 Thread 0x0000015da8c97770 flushing  nmethod 0x0000015d9ea51308

Events (20 events):
Event: 34.764 Thread 0x0000015db61cf660 Thread exited: 0x0000015db61cf660
Event: 34.798 Thread 0x0000015db61cbfb0 Thread added: 0x0000015db61cbfb0
Event: 34.798 Thread 0x0000015db61cbfb0 Thread exited: 0x0000015db61cbfb0
Event: 37.487 Thread 0x0000015db58960c0 Thread exited: 0x0000015db58960c0
Event: 37.487 Thread 0x0000015db5899930 Thread exited: 0x0000015db5899930
Event: 37.487 Thread 0x0000015db5890810 Thread exited: 0x0000015db5890810
Event: 40.678 Thread 0x0000015da8cb8530 Thread added: 0x0000015db5894080
Event: 40.678 Thread 0x0000015db5894080 Thread added: 0x0000015db5891830
Event: 40.679 Thread 0x0000015db5894080 Thread added: 0x0000015db5890810
Event: 42.748 Thread 0x0000015db5890810 Thread exited: 0x0000015db5890810
Event: 42.806 Thread 0x0000015db5891830 Thread exited: 0x0000015db5891830
Event: 45.971 Thread 0x0000015db5894080 Thread exited: 0x0000015db5894080
Event: 83.703 Thread 0x0000015da8cb8530 Thread added: 0x0000015db5890810
Event: 88.709 Thread 0x0000015db5890810 Thread exited: 0x0000015db5890810
Event: 91.069 Thread 0x0000015dae4b2bb0 Thread exited: 0x0000015dae4b2bb0
Event: 313.989 Thread 0x0000015da8cb8530 Thread added: 0x0000015db5894080
Event: 313.991 Thread 0x0000015db5894080 Thread added: 0x0000015db5891830
Event: 313.991 Thread 0x0000015db5894080 Thread added: 0x0000015db5890810
Event: 314.018 Thread 0x0000015da8caedc0 Thread added: 0x0000015db61cdef0
Event: 314.137 Thread 0x0000015da8caedc0 Thread added: 0x0000015db61d5420


Dynamic libraries:
0x00007ff6ea230000 - 0x00007ff6ea23e000 	C:\Users\angio\.jdks\openjdk-25.0.1\bin\java.exe
0x00007fff507a0000 - 0x00007fff50a07000 	C:\WINDOWS\SYSTEM32\ntdll.dll
0x00007fff4f870000 - 0x00007fff4f939000 	C:\WINDOWS\System32\KERNEL32.DLL
0x00007fff4dd70000 - 0x00007fff4e15f000 	C:\WINDOWS\System32\KERNELBASE.dll
0x00007fff4d8f0000 - 0x00007fff4da3b000 	C:\WINDOWS\System32\ucrtbase.dll
0x00007fff42360000 - 0x00007fff4237e000 	C:\Users\angio\.jdks\openjdk-25.0.1\bin\VCRUNTIME140.dll
0x00007fff48da0000 - 0x00007fff48db7000 	C:\Users\angio\.jdks\openjdk-25.0.1\bin\jli.dll
0x00007fff4e550000 - 0x00007fff4e715000 	C:\WINDOWS\System32\USER32.dll
0x00007fff24ba0000 - 0x00007fff24e33000 	C:\WINDOWS\WinSxS\amd64_microsoft.windows.common-controls_6595b64144ccf1df_6.0.26100.7309_none_3e05feeae336a044\COMCTL32.dll
0x00007fff4e170000 - 0x00007fff4e197000 	C:\WINDOWS\System32\win32u.dll
0x00007fff50420000 - 0x00007fff504c9000 	C:\WINDOWS\System32\msvcrt.dll
0x00007fff4fa30000 - 0x00007fff4fa5b000 	C:\WINDOWS\System32\GDI32.dll
0x00007fff4db00000 - 0x00007fff4dc2c000 	C:\WINDOWS\System32\gdi32full.dll
0x00007fff4e320000 - 0x00007fff4e3c3000 	C:\WINDOWS\System32\msvcp_win.dll
0x00007fff50660000 - 0x00007fff50691000 	C:\WINDOWS\System32\IMM32.DLL
0x00007fff48830000 - 0x00007fff4883c000 	C:\Users\angio\.jdks\openjdk-25.0.1\bin\vcruntime140_1.dll
0x00007fff3eb90000 - 0x00007fff3ec1d000 	C:\Users\angio\.jdks\openjdk-25.0.1\bin\msvcp140.dll
0x00007ffe8f8e0000 - 0x00007ffe9073f000 	C:\Users\angio\.jdks\openjdk-25.0.1\bin\server\jvm.dll
0x00007fff506a0000 - 0x00007fff50754000 	C:\WINDOWS\System32\ADVAPI32.dll
0x00007fff502e0000 - 0x00007fff50386000 	C:\WINDOWS\System32\sechost.dll
0x00007fff501c0000 - 0x00007fff502d8000 	C:\WINDOWS\System32\RPCRT4.dll
0x00007fff504e0000 - 0x00007fff50554000 	C:\WINDOWS\System32\WS2_32.dll
0x00007fff4d5a0000 - 0x00007fff4d5fe000 	C:\WINDOWS\SYSTEM32\POWRPROF.dll
0x00007fff47460000 - 0x00007fff47495000 	C:\WINDOWS\SYSTEM32\WINMM.dll
0x00007fff474a0000 - 0x00007fff474ab000 	C:\WINDOWS\SYSTEM32\VERSION.dll
0x00007fff4d580000 - 0x00007fff4d594000 	C:\WINDOWS\SYSTEM32\UMPDC.dll
0x00007fff4c6f0000 - 0x00007fff4c70b000 	C:\WINDOWS\SYSTEM32\kernel.appcore.dll
0x00007fff42dd0000 - 0x00007fff42dda000 	C:\Users\angio\.jdks\openjdk-25.0.1\bin\jimage.dll
0x00007fff43d10000 - 0x00007fff43f52000 	C:\WINDOWS\SYSTEM32\DBGHELP.DLL
0x00007fff4f010000 - 0x00007fff4f395000 	C:\WINDOWS\System32\combase.dll
0x00007fff4f950000 - 0x00007fff4fa26000 	C:\WINDOWS\System32\OLEAUT32.dll
0x00007fff3baf0000 - 0x00007fff3bb2c000 	C:\WINDOWS\SYSTEM32\dbgcore.DLL
0x00007fff4dc30000 - 0x00007fff4dcd5000 	C:\WINDOWS\System32\bcryptPrimitives.dll
0x00007fff42350000 - 0x00007fff42360000 	C:\Users\angio\.jdks\openjdk-25.0.1\bin\instrument.dll
0x00007fff417f0000 - 0x00007fff4180f000 	C:\Users\angio\.jdks\openjdk-25.0.1\bin\java.dll
0x00007fff4ffb0000 - 0x00007fff50147000 	C:\WINDOWS\System32\ole32.dll
0x00007fff4e8b0000 - 0x00007fff4f003000 	C:\WINDOWS\System32\SHELL32.dll
0x00007fff4e3d0000 - 0x00007fff4e53a000 	C:\WINDOWS\System32\wintypes.dll
0x00007fff4b4d0000 - 0x00007fff4bd2e000 	C:\WINDOWS\SYSTEM32\windows.storage.dll
0x00007fff50560000 - 0x00007fff50655000 	C:\WINDOWS\System32\SHCORE.dll
0x00007fff50150000 - 0x00007fff501b6000 	C:\WINDOWS\System32\shlwapi.dll
0x00007fff4d810000 - 0x00007fff4d839000 	C:\WINDOWS\SYSTEM32\profapi.dll
0x00007fff3ecd0000 - 0x00007fff3ece7000 	C:\Users\angio\.jdks\openjdk-25.0.1\bin\zip.dll
0x00007fff417b0000 - 0x00007fff417c2000 	C:\Users\angio\.jdks\openjdk-25.0.1\bin\net.dll
0x00007fff4cc80000 - 0x00007fff4cceb000 	C:\WINDOWS\system32\mswsock.dll
0x00007fff41790000 - 0x00007fff417a6000 	C:\Users\angio\.jdks\openjdk-25.0.1\bin\nio.dll
0x00007fff4c1c0000 - 0x00007fff4c2ec000 	C:\WINDOWS\SYSTEM32\DNSAPI.dll
0x00007fff4c120000 - 0x00007fff4c154000 	C:\WINDOWS\SYSTEM32\IPHLPAPI.DLL
0x00007fff504d0000 - 0x00007fff504da000 	C:\WINDOWS\System32\NSI.dll
0x00007fff42340000 - 0x00007fff42349000 	C:\Users\angio\.jdks\openjdk-25.0.1\bin\extnet.dll
0x00007fff44b40000 - 0x00007fff44b4b000 	C:\Windows\System32\rasadhlp.dll
0x00007fff448e0000 - 0x00007fff44966000 	C:\WINDOWS\System32\fwpuclnt.dll
0x00007fff41e40000 - 0x00007fff41e4a000 	C:\Users\angio\.jdks\openjdk-25.0.1\bin\management.dll
0x00007fff417e0000 - 0x00007fff417ec000 	C:\Users\angio\.jdks\openjdk-25.0.1\bin\management_ext.dll
0x00007fff50410000 - 0x00007fff50418000 	C:\WINDOWS\System32\PSAPI.DLL
0x00007fff4cf40000 - 0x00007fff4cf5b000 	C:\WINDOWS\SYSTEM32\CRYPTSP.dll
0x00007fff4c650000 - 0x00007fff4c68a000 	C:\WINDOWS\system32\rsaenh.dll
0x00007fff4cd30000 - 0x00007fff4cd5b000 	C:\WINDOWS\SYSTEM32\USERENV.dll
0x00007fff4d7e0000 - 0x00007fff4d80a000 	C:\WINDOWS\SYSTEM32\bcrypt.dll
0x00007fff4cf60000 - 0x00007fff4cf6c000 	C:\WINDOWS\SYSTEM32\CRYPTBASE.dll
0x00007fff2c190000 - 0x00007fff2c1a8000 	C:\WINDOWS\system32\napinsp.dll
0x00007fff2c0f0000 - 0x00007fff2c102000 	C:\WINDOWS\System32\winrnr.dll
0x00007fff2c140000 - 0x00007fff2c162000 	C:\WINDOWS\system32\nlansp_c.dll
0x00007fff2c120000 - 0x00007fff2c136000 	C:\WINDOWS\system32\wshbth.dll
0x00007fff355a0000 - 0x00007fff355f6000 	C:\WINDOWS\SYSTEM32\pdh.dll
0x0000015d935e0000 - 0x0000015d935e4000 	C:\Users\angio\.openjfx\cache\24.0.1+4\amd64\api-ms-win-core-console-l1-1-0.dll
0x0000015d939b0000 - 0x0000015d939b4000 	C:\Users\angio\.openjfx\cache\24.0.1+4\amd64\api-ms-win-core-console-l1-2-0.dll
0x0000015d939e0000 - 0x0000015d939e4000 	C:\Users\angio\.openjfx\cache\24.0.1+4\amd64\api-ms-win-core-datetime-l1-1-0.dll
0x0000015d939c0000 - 0x0000015d939c4000 	C:\Users\angio\.openjfx\cache\24.0.1+4\amd64\api-ms-win-core-debug-l1-1-0.dll
0x0000015d939d0000 - 0x0000015d939d4000 	C:\Users\angio\.openjfx\cache\24.0.1+4\amd64\api-ms-win-core-errorhandling-l1-1-0.dll
0x0000015da95a0000 - 0x0000015da95a5000 	C:\Users\angio\.openjfx\cache\24.0.1+4\amd64\api-ms-win-core-file-l1-1-0.dll
0x0000015da95b0000 - 0x0000015da95b4000 	C:\Users\angio\.openjfx\cache\24.0.1+4\amd64\api-ms-win-core-file-l1-2-0.dll
0x0000015da95c0000 - 0x0000015da95c4000 	C:\Users\angio\.openjfx\cache\24.0.1+4\amd64\api-ms-win-core-file-l2-1-0.dll
0x0000015da95d0000 - 0x0000015da95d4000 	C:\Users\angio\.openjfx\cache\24.0.1+4\amd64\api-ms-win-core-handle-l1-1-0.dll
0x0000015da95e0000 - 0x0000015da95e4000 	C:\Users\angio\.openjfx\cache\24.0.1+4\amd64\api-ms-win-core-heap-l1-1-0.dll
0x0000015da95f0000 - 0x0000015da95f4000 	C:\Users\angio\.openjfx\cache\24.0.1+4\amd64\api-ms-win-core-interlocked-l1-1-0.dll
0x0000015da9600000 - 0x0000015da9604000 	C:\Users\angio\.openjfx\cache\24.0.1+4\amd64\api-ms-win-core-libraryloader-l1-1-0.dll
0x0000015da9610000 - 0x0000015da9614000 	C:\Users\angio\.openjfx\cache\24.0.1+4\amd64\api-ms-win-core-localization-l1-2-0.dll
0x0000015da9620000 - 0x0000015da9624000 	C:\Users\angio\.openjfx\cache\24.0.1+4\amd64\api-ms-win-core-memory-l1-1-0.dll
0x0000015da9630000 - 0x0000015da9634000 	C:\Users\angio\.openjfx\cache\24.0.1+4\amd64\api-ms-win-core-namedpipe-l1-1-0.dll
0x0000015da9640000 - 0x0000015da9644000 	C:\Users\angio\.openjfx\cache\24.0.1+4\amd64\api-ms-win-core-processenvironment-l1-1-0.dll
0x0000015da9650000 - 0x0000015da9654000 	C:\Users\angio\.openjfx\cache\24.0.1+4\amd64\api-ms-win-core-processthreads-l1-1-0.dll
0x0000015da9660000 - 0x0000015da9664000 	C:\Users\angio\.openjfx\cache\24.0.1+4\amd64\api-ms-win-core-processthreads-l1-1-1.dll
0x0000015da9ec0000 - 0x0000015da9ec4000 	C:\Users\angio\.openjfx\cache\24.0.1+4\amd64\api-ms-win-core-profile-l1-1-0.dll
0x0000015da9ed0000 - 0x0000015da9ed4000 	C:\Users\angio\.openjfx\cache\24.0.1+4\amd64\api-ms-win-core-rtlsupport-l1-1-0.dll
0x0000015da9ee0000 - 0x0000015da9ee4000 	C:\Users\angio\.openjfx\cache\24.0.1+4\amd64\api-ms-win-core-string-l1-1-0.dll
0x0000015da9e70000 - 0x0000015da9e74000 	C:\Users\angio\.openjfx\cache\24.0.1+4\amd64\api-ms-win-core-synch-l1-1-0.dll
0x0000015da9e80000 - 0x0000015da9e84000 	C:\Users\angio\.openjfx\cache\24.0.1+4\amd64\api-ms-win-core-synch-l1-2-0.dll
0x0000015da9e90000 - 0x0000015da9e94000 	C:\Users\angio\.openjfx\cache\24.0.1+4\amd64\api-ms-win-core-sysinfo-l1-1-0.dll
0x0000015da9ea0000 - 0x0000015da9ea4000 	C:\Users\angio\.openjfx\cache\24.0.1+4\amd64\api-ms-win-core-timezone-l1-1-0.dll
0x0000015da9eb0000 - 0x0000015da9eb4000 	C:\Users\angio\.openjfx\cache\24.0.1+4\amd64\api-ms-win-core-util-l1-1-0.dll
0x0000015da9ef0000 - 0x0000015da9ef4000 	C:\Users\angio\.openjfx\cache\24.0.1+4\amd64\api-ms-win-crt-conio-l1-1-0.dll
0x0000015da9f00000 - 0x0000015da9f05000 	C:\Users\angio\.openjfx\cache\24.0.1+4\amd64\api-ms-win-crt-convert-l1-1-0.dll
0x0000015da9f10000 - 0x0000015da9f14000 	C:\Users\angio\.openjfx\cache\24.0.1+4\amd64\api-ms-win-crt-environment-l1-1-0.dll
0x0000015da9f20000 - 0x0000015da9f24000 	C:\Users\angio\.openjfx\cache\24.0.1+4\amd64\api-ms-win-crt-filesystem-l1-1-0.dll
0x0000015da9f30000 - 0x0000015da9f34000 	C:\Users\angio\.openjfx\cache\24.0.1+4\amd64\api-ms-win-crt-heap-l1-1-0.dll
0x0000015da9f40000 - 0x0000015da9f44000 	C:\Users\angio\.openjfx\cache\24.0.1+4\amd64\api-ms-win-crt-locale-l1-1-0.dll
0x0000015da9f80000 - 0x0000015da9f86000 	C:\Users\angio\.openjfx\cache\24.0.1+4\amd64\api-ms-win-crt-math-l1-1-0.dll
0x0000015da9f50000 - 0x0000015da9f56000 	C:\Users\angio\.openjfx\cache\24.0.1+4\amd64\api-ms-win-crt-multibyte-l1-1-0.dll
0x0000015da9f60000 - 0x0000015da9f71000 	C:\Users\angio\.openjfx\cache\24.0.1+4\amd64\api-ms-win-crt-private-l1-1-0.dll
0x0000015da9f90000 - 0x0000015da9f94000 	C:\Users\angio\.openjfx\cache\24.0.1+4\amd64\api-ms-win-crt-process-l1-1-0.dll
0x0000015da9fc0000 - 0x0000015da9fc5000 	C:\Users\angio\.openjfx\cache\24.0.1+4\amd64\api-ms-win-crt-runtime-l1-1-0.dll
0x0000015da9fa0000 - 0x0000015da9fa5000 	C:\Users\angio\.openjfx\cache\24.0.1+4\amd64\api-ms-win-crt-stdio-l1-1-0.dll
0x0000015da9fb0000 - 0x0000015da9fb5000 	C:\Users\angio\.openjfx\cache\24.0.1+4\amd64\api-ms-win-crt-string-l1-1-0.dll
0x0000015da9fd0000 - 0x0000015da9fd4000 	C:\Users\angio\.openjfx\cache\24.0.1+4\amd64\api-ms-win-crt-time-l1-1-0.dll
0x0000015da9fe0000 - 0x0000015da9fe4000 	C:\Users\angio\.openjfx\cache\24.0.1+4\amd64\api-ms-win-crt-utility-l1-1-0.dll
0x00007fff1cd20000 - 0x00007fff1ce31000 	C:\Users\angio\.openjfx\cache\24.0.1+4\amd64\ucrtbase.dll
0x00007fff3eb70000 - 0x00007fff3eb8b000 	C:\Users\angio\.openjfx\cache\24.0.1+4\amd64\vcruntime140.dll
0x00007fff3eb60000 - 0x00007fff3eb6c000 	C:\Users\angio\.openjfx\cache\24.0.1+4\amd64\vcruntime140_1.dll
0x00007fff3de90000 - 0x00007fff3df1e000 	C:\Users\angio\.openjfx\cache\24.0.1+4\amd64\msvcp140.dll
0x00007fff3eb50000 - 0x00007fff3eb59000 	C:\Users\angio\.openjfx\cache\24.0.1+4\amd64\msvcp140_1.dll
0x00007fff3c320000 - 0x00007fff3c361000 	C:\Users\angio\.openjfx\cache\24.0.1+4\amd64\msvcp140_2.dll
0x00007fff336c0000 - 0x00007fff336f0000 	C:\Users\angio\.openjfx\cache\24.0.1+4\amd64\prism_d3d.dll
0x00007fff32e80000 - 0x00007fff33033000 	C:\WINDOWS\system32\d3d9.dll
0x00007fff4ae20000 - 0x00007fff4ae50000 	C:\WINDOWS\SYSTEM32\dwmapi.dll
0x00007fff4ac70000 - 0x00007fff4acb4000 	C:\WINDOWS\SYSTEM32\dxcore.dll
0x00007fff4aa70000 - 0x00007fff4ab1b000 	C:\WINDOWS\system32\uxtheme.dll
0x00007fff474b0000 - 0x00007fff4766b000 	C:\WINDOWS\System32\DriverStore\FileRepository\u0417877.inf_amd64_8b2c2b61b3f8a9e5\B417004\aticfx64.dll
0x00007ffeffac0000 - 0x00007ffeffaf4000 	C:\WINDOWS\System32\DriverStore\FileRepository\u0417877.inf_amd64_8b2c2b61b3f8a9e5\B417004\atiu9p64.dll
0x00007ffee49f0000 - 0x00007ffee5737000 	C:\WINDOWS\System32\DriverStore\FileRepository\u0417877.inf_amd64_8b2c2b61b3f8a9e5\B417004\atiumd64.dll
0x0000000067a50000 - 0x0000000068963000 	C:\WINDOWS\System32\DriverStore\FileRepository\u0417877.inf_amd64_8b2c2b61b3f8a9e5\B417004\atiumd6a.dll
0x00007fff4fb20000 - 0x00007fff4ffaa000 	C:\WINDOWS\System32\SETUPAPI.dll
0x00007fff44cf0000 - 0x00007fff44d25000 	C:\WINDOWS\SYSTEM32\amdihk64.dll
0x00007fff48410000 - 0x00007fff48473000 	C:\WINDOWS\SYSTEM32\directxdatabasehelper.dll
0x00007fff33580000 - 0x00007fff335c8000 	C:\Users\angio\.openjfx\cache\24.0.1+4\amd64\glass.dll
0x00007fff4f710000 - 0x00007fff4f800000 	C:\WINDOWS\System32\COMDLG32.dll
0x00007fff4fa60000 - 0x00007fff4fb10000 	C:\WINDOWS\System32\clbcatq.dll
0x00007fff42520000 - 0x00007fff42672000 	C:\Windows\System32\Windows.UI.dll

JVMTI agents:
C:\Program Files\JetBrains\IntelliJ IDEA 2024.3.1.1\lib\idea_rt.jar path:C:\Users\angio\.jdks\openjdk-25.0.1\bin\instrument.dll, loaded, initialized, instrumentlib options:55227

dbghelp: loaded successfully - version: 4.0.5 - missing functions: none
symbol engine: initialized successfully - sym options: 0x614 - pdb path: .;C:\Users\angio\.jdks\openjdk-25.0.1\bin;C:\WINDOWS\SYSTEM32;C:\WINDOWS\WinSxS\amd64_microsoft.windows.common-controls_6595b64144ccf1df_6.0.26100.7309_none_3e05feeae336a044;C:\Users\angio\.jdks\openjdk-25.0.1\bin\server;C:\Users\angio\.openjfx\cache\24.0.1+4\amd64;C:\WINDOWS\System32\DriverStore\FileRepository\u0417877.inf_amd64_8b2c2b61b3f8a9e5\B417004;C:\Program Files\Common Files\Microsoft Shared\Ink;C:\Users\angio\AppData\Local\Temp\idea_libasyncProfiler_dll_temp_folder

VM Arguments:
jvm_args: -Dprism.order=d3d,sw -Dprism.vsync=false -Dsun.java2d.opengl=true -Djavafx.animation.fullspeed=true --enable-preview -XX:TieredStopAtLevel=1 -Dspring.output.ansi.enabled=always -Dcom.sun.management.jmxremote -Dspring.jmx.enabled=true -Dspring.liveBeansView.mbeanDomain -Dspring.application.admin.enabled=true -Dmanagement.endpoints.jmx.exposure.include=* -javaagent:C:\Program Files\JetBrains\IntelliJ IDEA 2024.3.1.1\lib\idea_rt.jar=55227 -Dfile.encoding=UTF-8 -Dsun.stdout.encoding=UTF-8 -Dsun.stderr.encoding=UTF-8 
java_command: org.project.employeemanagementsystem.EmployeeManagementSystemApplication
java_class_path (initial): C:\Users\angio\Desktop\EmployeeManagementSystem\target\classes;C:\Users\angio\.m2\repository\org\apache\poi\poi-ooxml\5.2.5\poi-ooxml-5.2.5.jar;C:\Users\angio\.m2\repository\org\apache\poi\poi\5.2.5\poi-5.2.5.jar;C:\Users\angio\.m2\repository\commons-codec\commons-codec\1.19.0\commons-codec-1.19.0.jar;C:\Users\angio\.m2\repository\org\apache\commons\commons-math3\3.6.1\commons-math3-3.6.1.jar;C:\Users\angio\.m2\repository\com\zaxxer\SparseBitSet\1.3\SparseBitSet-1.3.jar;C:\Users\angio\.m2\repository\org\apache\poi\poi-ooxml-lite\5.2.5\poi-ooxml-lite-5.2.5.jar;C:\Users\angio\.m2\repository\org\apache\xmlbeans\xmlbeans\5.2.0\xmlbeans-5.2.0.jar;C:\Users\angio\.m2\repository\org\apache\commons\commons-compress\1.25.0\commons-compress-1.25.0.jar;C:\Users\angio\.m2\repository\commons-io\commons-io\2.15.0\commons-io-2.15.0.jar;C:\Users\angio\.m2\repository\com\github\virtuald\curvesapi\1.08\curvesapi-1.08.jar;C:\Users\angio\.m2\repository\org\apache\logging\log4j\log4j-api\2.25.3\log4j-api-2.25.3.jar;C:\Users\angio\.m2\repository\org\apache\commons\commons-collections4\4.4\commons-collections4-4.4.jar;C:\Users\angio\.m2\repository\org\openjfx\javafx-base\24.0.1\javafx-base-24.0.1.jar;C:\Users\angio\.m2\repository\org\openjfx\javafx-base\24.0.1\javafx-base-24.0.1-win.jar;C:\Users\angio\.m2\repository\org\openjfx\javafx-graphics\24.0.1\javafx-graphics-24.0.1.jar;C:\Users\angio\.m2\repository\org\openjfx\javafx-graphics\24.0.1\javafx-graphics-24.0.1-win.jar;C:\Users\angio\.m2\repository\org\openjfx\javafx-controls\24.0.1\javafx-controls-24.0.1.jar;C:\Users\angio\.m2\repository\org\openjfx\javafx-controls\24.0.1\javafx-controls-24.0.1-win.jar;C:\Users\angio\.m2\repository\org\openjfx\javafx-fxml\24.0.1\javafx-fxml-24.0.1.jar;C:\Users\angio\.m2\repository\org\openjfx\javafx-fxml\24.0.1\javafx-fxml-24.0.1-win.jar;C:\Users\angio\.m2\repository\org\openjfx\javafx-web\24.0.1\javafx-web-24.0.1.jar;C:\Users\angio\.m2\repository\org\openjfx\javafx-web\24.0.1\javafx-web-24.0.1-win.jar;C:\Users\angio\.m2\repository\org\openjfx\javafx-media\24.0.1\javafx-media-24.0.1.jar;C:\Users\angio\.m2\repository\org\openjfx\javafx-media\24.0.1\javafx-media-24.0.1-win.jar;C:\Users\angio\.m2\repository\org\kordamp\ikonli\ikonli-javafx\12.4.0\ikonli-javafx-12.4.0.jar;C:\Users\angio\.m2\repository\org\kordamp\ikonli\ikonli-core\12.4.0\ikonli-core-12.4.0.jar;C:\Users\angio\.m2\repository\org\kordamp\ikonli\ikonli-materialdesign2-pack\12.4.0\ikonli-materialdesign2-pack-12.4.0.jar;C:\Users\angio\.m2\repository\org\springframework\boot\spring-boot-starter-data-jpa\4.0.1\spring-boot-starter-data-jpa-4.0.1.jar;C:\Users\angio\.m2\repository\org\springframework\boot\spring-boot-starter\4.0.1\spring-boot-starter-4.0.1.jar;C:\Users\angio\.m2\repository\org\springframework\boot\spring-boot-starter-logging\4.0.1\spring-boot-starter-logging-4.0.1.jar;C:\Users\angio\.m2\repository\ch\qos\logback\logback-classic\1.5.22\logback-classic-1.5.22.jar;C:\Users\angio\.m2\repository\ch\qos\logback\logback-core\1.5.22\logback-core-1.5.22.jar;C:\Users\angio\.m2\repository\org\apache\logging\log4j\log4j-to-slf4j\2.25.3\log4j-to-slf4j-2.25.3.jar;C:\Users\angio\.m2\repository\org\slf4j\jul-to-slf4j\2.0.17\jul-to-slf4j-2.0.17.jar;C:\Users\angio\.m2\repository\org\springframework\boot\spring-boot-autoconfigure\4.0.1\spring-boot-autoconfigure-4.0.1.jar;C:\Users\angio\.m2\repository\jakarta\annotation\jakarta.annotation-api\3.0.0\jakarta.annotation-api-3.0.0.jar;C:\Users\angio\.m2\repository\org\yaml\snakeyaml\2.5\snakeyaml-2.5.jar;C:\Users\angio\.m2\repository\org\springframework\boot\spring-boot-starter-jdbc\4.0.1\spring-boot-starter-jdbc-4.0.1.jar;C:\Users\angio\.m2\repository\com\zaxxer\HikariCP\7.0.2\HikariCP-7.0.2.jar;C:\Users\angio\.m2\repository\org\slf4j\slf4j-api\2.0.17\slf4j-api-2.0.17.jar;C:\Users\angio\.m2\repository\org\springframework\boot\spring-boot-data-jpa\4.0.1\spring-boot-data-jpa-4.0.1.jar;C:\Users\angio\.m2\repository\org\springframework\boot\spring-boot-data-commons\4.0.1\spring-boot-data-commons-4.0.1.jar;C:\Users\angio\.m2\repository\org\springframework\boot\spring-boot-persistence\4.0.1\spring-boot-persistence-4.0.1.jar;C:\Users\angio\.m2\repository\org\springframework\data\spring-data-commons\4.0.1\spring-data-commons-4.0.1.jar;C:\Users\angio\.m2\repository\org\springframework\boot\spring-boot-hibernate\4.0.1\spring-boot-hibernate-4.0.1.jar;C:\Users\angio\.m2\repository\org\springframework\boot\spring-boot-jpa\4.0.1\spring-boot-jpa-4.0.1.jar;C:\Users\angio\.m2\repository\jakarta\persistence\jakarta.persistence-api\3.2.0\jakarta.persistence-api-3.2.0.jar;C:\Users\angio\.m2\repository\org\hibernate\orm\hibernate-core\7.2.0.Final\hibernate-core-7.2.0.Final.jar;C:\Users\angio\.m2\repository\jakarta\transaction\jakarta.transaction-api\2.0.1\jakarta.transaction-api-2.0.1.jar;C:\Users\angio\.m2\repository\org\jboss\logging\jboss-logging\3.6.1.Final\jboss-logging-3.6.1.Final.jar;C:\Users\angio\.m2\repository\org\hibernate\models\hibernate-models\1.0.1\hibernate-models-1.0.1.jar;C:\Users\angio\.m2\repository\com\fasterxml\classmate\1.7.1\classmate-1.7.1.jar;C:\Users\angio\.m2\repository\org\glassfish\jaxb\jaxb-runtime\4.0.6\jaxb-runtime-4.0.6.jar;C:\Users\angio\.m2\repository\org\glassfish\jaxb\jaxb-core\4.0.6\jaxb-core-4.0.6.jar;C:\Users\angio\.m2\repository\org\eclipse\angus\angus-activation\2.0.3\angus-activation-2.0.3.jar;C:\Users\angio\.m2\repository\org\glassfish\jaxb\txw2\4.0.6\txw2-4.0.6.jar;C:\Users\angio\.m2\repository\com\sun\istack\istack-commons-runtime\4.1.2\istack-commons-runtime-4.1.2.jar;C:\Users\angio\.m2\repository\jakarta\inject\jakarta.inject-api\2.0.1\jakarta.inject-api-2.0.1.jar;C:\Users\angio\.m2\repository\org\springframework\spring-orm\7.0.2\spring-orm-7.0.2.jar;C:\Users\angio\.m2\repository\org\springframework\data\spring-data-jpa\4.0.1\spring-data-jpa-4.0.1.jar;C:\Users\angio\.m2\repository\org\springframework\spring-context\7.0.2\spring-context-7.0.2.jar;C:\Users\angio\.m2\repository\org\springframework\spring-expression\7.0.2\spring-expression-7.0.2.jar;C:\Users\angio\.m2\repository\io\micrometer\micrometer-observation\1.16.1\micrometer-observation-1.16.1.jar;C:\Users\angio\.m2\repository\io\micrometer\micrometer-commons\1.16.1\micrometer-commons-1.16.1.jar;C:\Users\angio\.m2\repository\org\springframework\spring-aop\7.0.2\spring-aop-7.0.2.jar;C:\Users\angio\.m2\repository\org\springframework\spring-tx\7.0.2\spring-tx-7.0.2.jar;C:\Users\angio\.m2\repository\org\springframework\spring-beans\7.0.2\spring-beans-7.0.2.jar;C:\Users\angio\.m2\repository\org\antlr\antlr4-runtime\4.13.2\antlr4-runtime-4.13.2.jar;C:\Users\angio\.m2\repository\org\springframework\spring-aspects\7.0.2\spring-aspects-7.0.2.jar;C:\Users\angio\.m2\repository\org\aspectj\aspectjweaver\1.9.25.1\aspectjweaver-1.9.25.1.jar;C:\Users\angio\.m2\repository\org\springframework\boot\spring-boot-jdbc\4.0.1\spring-boot-jdbc-4.0.1.jar;C:\Users\angio\.m2\repository\org\springframework\boot\spring-boot\4.0.1\spring-boot-4.0.1.jar;C:\Users\angio\.m2\repository\org\springframework\boot\spring-boot-sql\4.0.1\spring-boot-sql-4.0.1.jar;C:\Users\angio\.m2\repository\org\springframework\boot\spring-boot-transaction\4.0.1\spring-boot-transaction-4.0.1.jar;C:\Users\angio\.m2\repository\org\springframework\spring-jdbc\7.0.2\spring-jdbc-7.0.2.jar;C:\Users\angio\.m2\repository\org\postgresql\postgresql\42.7.8\postgresql-42.7.8.jar;C:\Users\angio\.m2\repository\org\checkerframework\checker-qual\3.49.5\checker-qual-3.49.5.jar;C:\Users\angio\.m2\repository\org\projectlombok\lombok\1.18.42\lombok-1.18.42.jar;C:\Users\angio\.m2\repository\jakarta\xml\bind\jakarta.xml.bind-api\4.0.4\jakarta.xml.bind-api-4.0.4.jar;C:\Users\angio\.m2\repository\jakarta\activation\jakarta.activation-api\2.1.4\jakarta.activation-api-2.1.4.jar;C:\Users\angio\.m2\repository\net\bytebuddy\byte-buddy\1.17.8\byte-buddy-1.17.8.jar;C:\Users\angio\.m2\repository\org\springframework\spring-core\7.0.2\spring-core-7.0.2.jar;C:\Users\angio\.m2\repository\commons-logging\commons-logging\1.3.5\commons-logging-1.3.5.jar;C:\Users\angio\.m2\repository\org\jspecify\jspecify\1.0.0\jspecify-1.0.0.jar;C:\Users\angio\.m2\repository\org\springframework\security\spring-security-crypto\6.4.5\spring-security-crypto-6.4.5.jar
Launcher Type: SUN_STANDARD

[Global flags]
     intx CICompilerCount                          = 4                                         {product} {ergonomic}
     uint ConcGCThreads                            = 3                                         {product} {ergonomic}
     bool FlightRecorder                           = true                                      {product} {management}
     uint G1ConcRefinementThreads                  = 10                                        {product} {ergonomic}
   size_t G1HeapRegionSize                         = 2097152                                   {product} {ergonomic}
   size_t InitialHeapSize                          = 268435456                                 {product} {ergonomic}
     bool ManagementServer                         = true                                      {product} {command line}
   size_t MarkStackSize                            = 4194304                                   {product} {ergonomic}
   size_t MarkStackSizeMax                         = 536870912                                 {product} {ergonomic}
   size_t MaxHeapSize                              = 4276092928                                {product} {ergonomic}
   size_t MaxNewSize                               = 2564816896                                {product} {ergonomic}
   size_t MinHeapDeltaBytes                        = 2097152                                   {product} {ergonomic}
   size_t MinHeapSize                              = 8388608                                   {product} {ergonomic}
    uintx NonNMethodCodeHeapSize                   = 4096                                   {pd product} {ergonomic}
    uintx NonProfiledCodeHeapSize                  = 0                                      {pd product} {ergonomic}
     bool ProfileInterpreter                       = false                                  {pd product} {command line}
    uintx ProfiledCodeHeapSize                     = 0                                      {pd product} {ergonomic}
   size_t SoftMaxHeapSize                          = 4276092928                             {manageable} {ergonomic}
     intx TieredStopAtLevel                        = 1                                         {product} {command line}
     bool UseCompressedOops                        = true                           {product lp64_product} {ergonomic}
     bool UseG1GC                                  = true                                      {product} {ergonomic}
     bool UseLargePagesIndividualAllocation        = false                                  {pd product} {ergonomic}

Logging:
Log output configuration:
 #0: stdout all=warning uptime,level,tags foldmultilines=false
 #1: stderr all=off uptime,level,tags foldmultilines=false

Release file:
IMPLEMENTOR="Oracle Corporation" 
JAVA_RUNTIME_VERSION="25.0.1+8-27" 
JAVA_VERSION="25.0.1" 
JAVA_VERSION_DATE="2025-10-21" 
LIBC="default" 
MODULES="java.base java.compiler java.datatransfer java.xml java.prefs java.desktop java.instrument java.logging java.management java.security.sasl java.naming java.rmi java.management.rmi java.net.http java.scripting java.security.jgss java.transaction.xa java.sql java.sql.rowset java.xml.crypto java.se java.smartcardio jdk.accessibility jdk.internal.jvmstat jdk.attach jdk.charsets jdk.internal.opt jdk.zipfs jdk.compiler jdk.crypto.cryptoki jdk.crypto.ec jdk.crypto.mscapi jdk.dynalink jdk.internal.ed jdk.editpad jdk.internal.vm.ci jdk.graal.compiler jdk.graal.compiler.management jdk.hotspot.agent jdk.httpserver jdk.incubator.vector jdk.internal.le jdk.internal.md jdk.jartool jdk.javadoc jdk.jcmd jdk.management jdk.management.agent jdk.jconsole jdk.jdeps jdk.jdwp.agent jdk.jdi jdk.jfr jdk.jlink jdk.jpackage jdk.jshell jdk.jsobject jdk.jstatd jdk.localedata jdk.management.jfr jdk.naming.dns jdk.naming.rmi jdk.net jdk.nio.mapmode jdk.sctp jdk.security.auth jdk.security.jgss jdk.unsupported jdk.unsupported.desktop jdk.xml.dom" 
OS_ARCH="x86_64" 
OS_NAME="Windows" 
SOURCE=".:git:78770bfaefd2" 

Environment Variables:
PATH=C:\Program Files (x86)\Razer Chroma SDK\bin;C:\Program Files\Razer Chroma SDK\bin;C:\Program Files\Common Files\Oracle\Java\javapath;C:\WINDOWS\system32;C:\WINDOWS;C:\WINDOWS\System32\Wbem;C:\WINDOWS\System32\WindowsPowerShell\v1.0\;C:\WINDOWS\System32\OpenSSH\;C:\Program Files\PuTTY\;C:\WINDOWS\system32\config\systemprofile\AppData\Local\Microsoft\WindowsApps;C:\Program Files (x86)\Razer\ChromaBroadcast\bin;C:\Program Files\Razer\ChromaBroadcast\bin;C:\Users\angio\AppData\Local\Microsoft\WindowsApps;C:\Users\angio\AppData\Local\Programs\Microsoft VS Code\bin;C:\Program Files\Git\cmd;C:\PROGRA~2\PICC;C:\Users\angio\Desktop\CCS\PCWHDv4.130\PICC;C:\Program Files\dotnet\;C:\Users\angio\AppData\Local\Microsoft\WindowsApps;C:\Users\angio\AppData\Local\Programs\Microsoft VS Code\bin;C:\Users\angio\AppData\Local\Muse Hub\lib;C:\Users\angio\AppData\Local\JetBrains\Toolbox\scripts;C:\Users\angio\.dotnet\tools;C:\Users\angio\AppData\Local\Programs\Antigravity\bin
USERNAME=giorgos
OS=Windows_NT
PROCESSOR_IDENTIFIER=AMD64 Family 23 Model 8 Stepping 2, AuthenticAMD
TMP=C:\Users\angio\AppData\Local\Temp
TEMP=C:\Users\angio\AppData\Local\Temp




Compilation memory statistics disabled.

Periodic native trim disabled

---------------  S Y S T E M  ---------------

OS:
 Windows 11 , 64 bit Build 26100 (10.0.26100.7309)
OS uptime: 4 days 11:32 hours
Hyper-V role detected

CPU: total 12 (initial active 12) (12 cores per cpu, 2 threads per core) family 23 model 8 stepping 2 microcode 0x800820d, cx8, cmov, fxsr, ht, mmx, 3dnowpref, sse, sse2, sse3, ssse3, sse4a, sse4.1, sse4.2, popcnt, lzcnt, tsc, tscinvbit, avx, avx2, aes, clmul, bmi1, bmi2, adx, sha, fma, vzeroupper, clflush, clflushopt, hv, rdtscp, f16c
Processor Information for the first 12 processors :
  Max Mhz: 3400, Current Mhz: 3400, Mhz Limit: 3400

Memory: 4k page, system-wide physical 16309M (2983M free)
TotalPageFile size 36830M (AvailPageFile size 1567M)
current process WorkingSet (physical memory assigned to process): 406M, peak: 406M
current process commit charge ("private bytes"): 575M, peak: 575M

vm_info: OpenJDK 64-Bit Server VM (25.0.1+8-27) for windows-amd64 JRE (25.0.1+8-27), built on 2025-09-25T16:41:16Z with unknown MS VC++:1943

END.
