#
# A fatal error has been detected by the Java Runtime Environment:
#
#  EXCEPTION_ACCESS_VIOLATION (0xc0000005) at pc=0x00007ffe85973004, pid=23584, tid=24984
#
# JRE version: OpenJDK Runtime Environment (25.0.1+8) (build 25.0.1+8-27)
# Java VM: OpenJDK 64-Bit Server VM (25.0.1+8-27, mixed mode, emulated-client, sharing, tiered, compressed oops, compressed class ptrs, g1 gc, windows-amd64)
# Problematic frame:
# C  0x00007ffe85973004
#
# No core dump will be written. Minidumps are not enabled by default on client versions of Windows
#
# JFR recording file will be written. Location: C:\Users\angio\Desktop\EmployeeManagementSystem\hs_err_pid23584.jfr
#
# If you would like to submit a bug report, please visit:
#   https://bugreport.java.com/bugreport/crash.jsp
# The crash happened outside the Java Virtual Machine in native code.
# See problematic frame for where to report the bug.
#

---------------  S U M M A R Y ------------

Command Line: -Dprism.order=d3d,sw -Dprism.vsync=false -Dsun.java2d.opengl=true -Djavafx.animation.fullspeed=true --enable-preview -XX:TieredStopAtLevel=1 -Dspring.output.ansi.enabled=always -Dcom.sun.management.jmxremote -Dspring.jmx.enabled=true -Dspring.liveBeansView.mbeanDomain -Dspring.application.admin.enabled=true -Dmanagement.endpoints.jmx.exposure.include=* -javaagent:C:\Program Files\JetBrains\IntelliJ IDEA 2024.3.1.1\lib\idea_rt.jar=65447 -Dfile.encoding=UTF-8 -Dsun.stdout.encoding=UTF-8 -Dsun.stderr.encoding=UTF-8 org.project.employeemanagementsystem.EmployeeManagementSystemApplication

Host: AMD Ryzen 5 2600 Six-Core Processor            , 12 cores, 15G,  Windows 11 , 64 bit Build 26100 (10.0.26100.7309)
Time: Fri Jan  2 00:02:46 2026 elapsed time: 4.531621 seconds (0d 0h 0m 4s)

---------------  T H R E A D  ---------------

Current thread (0x000002325fe041f0):  JavaThread "Attach Listener" daemon [_thread_in_native, id=24984, stack(0x000000ad92600000,0x000000ad92700000) (1024K)]

Stack: [0x000000ad92600000,0x000000ad92700000],  sp=0x000000ad926febb0,  free space=1018k
Native frames: (J=compiled Java code, j=interpreted, Vv=VM code, C=native code)
C  0x00007ffe85973004  (no source info available)
C  0x00007ffe859734db  (no source info available)
C  0x00007ffe85972134  (no source info available)
C  0x00007ffe859729aa  (no source info available)
C  0x00007ffe8596d561  (no source info available)
C  0x00007ffe8595ef21  (no source info available)
C  0x00007ffe8595dc38  (no source info available)
C  0x00007ffe8595db20  (no source info available)
C  0x00007ffe85964af9  (no source info available)
V  [jvm.dll+0x5e5cc6]  (no source info available)
V  [jvm.dll+0x5e6aad]  (no source info available)
V  [jvm.dll+0x1979a7]  (no source info available)
V  [jvm.dll+0x1994c5]  (no source info available)
V  [jvm.dll+0x48e6d1]  (no source info available)
V  [jvm.dll+0x906a0d]  (no source info available)
V  [jvm.dll+0x7a5135]  (no source info available)
C  [ucrtbase.dll+0x37b0]  (no source info available)
C  [KERNEL32.DLL+0x2e8d7]  (no source info available)
C  [ntdll.dll+0x8c53c]  (no source info available)


siginfo: EXCEPTION_ACCESS_VIOLATION (0xc0000005), reading address 0xffffffffffffffff


Registers:
RAX=0x0000000000000010, RBX=0x0000000000000000, RCX=0xffffffffffffffff, RDX=0x007ffe903d65b010
RSP=0x000000ad926febb0, RBP=0x000002326bb2ee60, RSI=0x000000ad926fed20, RDI=0x000002326bb2ee60
R8 =0x0000000000000042, R9 =0x000000070be2b8c0, R10=0x00007ffe9065f380, R11=0x000000000000000a
R12=0x000000ad926fed20, R13=0x000002326602ee90, R14=0x000002325fe04638, R15=0x000002325fe04638
RIP=0x00007ffe85973004, EFLAGS=0x0000000000010202

XMM[0]=0x0000000000000000 0x0000000000000000
XMM[1]=0x0000000000000000 0x0000000000000000
XMM[2]=0x0000000000000000 0x0000000000000000
XMM[3]=0x0000000000000000 0x0000000000000000
XMM[4]=0x0000000000000000 0x0000000000000000
XMM[5]=0x0000000000000000 0x0000000000000000
XMM[6]=0x0000000000000000 0x0000000000000000
XMM[7]=0x0000000000000000 0x0000000000000000
XMM[8]=0x0000000000000000 0x0000000000000000
XMM[9]=0x0000000000000000 0x0000000000000000
XMM[10]=0x0000000000000000 0x0000000000000000
XMM[11]=0x0000000000000000 0x0000000000000000
XMM[12]=0x0000000000000000 0x0000000000000000
XMM[13]=0x0000000000000000 0x0000000000000000
XMM[14]=0x0000000000000000 0x0000000000000000
XMM[15]=0x0000000000000000 0x0000000000000000
  MXCSR=0x00001fa0


Register to memory mapping:

RAX=0x0000000000000010 is an unknown value
RBX=0x0 is null
RCX=0xffffffffffffffff is an unknown value
RDX=0x007ffe903d65b010 is an unknown value
RSP=0x000000ad926febb0 is pointing into the stack for thread: 0x000002325fe041f0
RBP=0x000002326bb2ee60 points into unknown readable memory: 0x000000070be2b8c0 | c0 b8 e2 0b 07 00 00 00
RSI=0x000000ad926fed20 is pointing into the stack for thread: 0x000002325fe041f0
RDI=0x000002326bb2ee60 points into unknown readable memory: 0x000000070be2b8c0 | c0 b8 e2 0b 07 00 00 00
R8 =0x0000000000000042 is an unknown value
R9 =0x000000070be2b8c0 is an oop: java.lang.Thread 
{0x000000070be2b8c0} - klass: 'java/lang/Thread' - flags: 

 - ---- fields (total size 14 words):
 - 'threadLocalRandomProbe' 'I' @12  0 (0x00000000)
 - private volatile 'eetop' 'J' @16  2415017144128 (0x000002324a3d2f40)
 - private final 'tid' 'J' @24  3 (0x0000000000000003)
 - 'threadLocalRandomSeed' 'J' @32  0 (0x0000000000000000)
 - injected 'jvmti_thread_state' 'J' @40  2415472828720 (0x0000023265666130)
 - 'threadLocalRandomSecondarySeed' 'I' @48  0 (0x00000000)
 - injected 'jvmti_VTMS_transition_disable_count' 'I' @52  0 (0x00000000)
 - injected 'jfr_epoch' 'S' @56  0 (0x0000)
 - volatile 'interrupted' 'Z' @58  false (0x00)
 - injected 'jvmti_is_in_VTMS_transition' 'Z' @59  false (0x00)
 - private volatile 'name' 'Ljava/lang/String;' @60  "main"{0x000000070b782440} (0xe16f0488)
 - private volatile 'contextClassLoader' 'Ljava/lang/ClassLoader;' @64  a 'jdk/internal/loader/ClassLoaders$AppClassLoader'{0x000000070be579d0} (0xe17caf3a)
 - private final 'holder' 'Ljava/lang/Thread$FieldHolder;' @68  a 'java/lang/Thread$FieldHolder'{0x000000070b782470} (0xe16f048e)
 - private 'threadLocals' 'Ljava/lang/ThreadLocal$ThreadLocalMap;' @72  null (0x00000000)
 - private 'inheritableThreadLocals' 'Ljava/lang/ThreadLocal$ThreadLocalMap;' @76  null (0x00000000)
 - private 'scopedValueBindings' 'Ljava/lang/Object;' @80  a 'java/lang/Class'{0x00000007ffe7f210} = 'java/lang/Thread' (0xfffcfe42)
 - final 'interruptLock' 'Ljava/lang/Object;' @84  a 'java/lang/Object'{0x000000070b7826b8} (0xe16f04d7)
 - private volatile 'parkBlocker' 'Ljava/lang/Object;' @88  a 'java/util/concurrent/CountDownLatch$Sync'{0x000000070be2b8a0} (0xe17c5714)
 - private 'nioBlocker' 'Lsun/nio/ch/Interruptible;' @92  null (0x00000000)
 - private 'cont' 'Ljdk/internal/vm/Continuation;' @96  null (0x00000000)
 - private volatile 'uncaughtExceptionHandler' 'Ljava/lang/Thread$UncaughtExceptionHandler;' @100  null (0x00000000)
 - private 'container' 'Ljdk/internal/vm/ThreadContainer;' @104  null (0x00000000)
 - private volatile 'headStackableScopes' 'Ljdk/internal/vm/StackableScope;' @108  null (0x00000000)
R10=0x00007ffe9065f380 jvm.dll
R11=0x000000000000000a is an unknown value
R12=0x000000ad926fed20 is pointing into the stack for thread: 0x000002325fe041f0
R13=0x000002326602ee90 points into unknown readable memory: 0x00007ffe905cfbd0 | d0 fb 5c 90 fe 7f 00 00
R14=0x000002325fe04638 points into unknown readable memory: 0x00007ffe905c6b50 | 50 6b 5c 90 fe 7f 00 00
R15=0x000002325fe04638 points into unknown readable memory: 0x00007ffe905c6b50 | 50 6b 5c 90 fe 7f 00 00

Top of Stack: (sp=0x000000ad926febb0)
0x000000ad926febb0:   000000ad926fed20 000002326bb2ee60    .o.....`..k2...
0x000000ad926febc0:   0000000000000000 000002325fe293e8   ..........._2...
0x000000ad926febd0:   000000000000003d 00007ffe859734db   =........4......
0x000000ad926febe0:   0000000000000000 000002325fe04638   ........8F._2...
0x000000ad926febf0:   000000ad926fed01 0000000000000000   ..o.............
0x000000ad926fec00:   000002326bc61240 00007ffe85972134   @..k2...4!......
0x000000ad926fec10:   0000000000000000 000000000000003d   ........=.......
0x000000ad926fec20:   0000000000000000 000000000000003d   ........=.......
0x000000ad926fec30:   0000001400000002 000002326d7f5f20   ........ _.m2...
0x000000ad926fec40:   000002326bc61240 000002326bc61334   @..k2...4..k2...
0x000000ad926fec50:   000002326bc6133c 0000000000000e20   <..k2... .......
0x000000ad926fec60:   0000000000000000 0000000000000000   ................
0x000000ad926fec70:   0000000000000000 00007ffe8fdc7194   .........q......
0x000000ad926fec80:   00007ffe85acae00 0000000000005c20   ........ \......
0x000000ad926fec90:   00007ffe85acae00 00000000ffffffff   ................
0x000000ad926feca0:   0000000000000000 00007ffe859729aa   .........)......
0x000000ad926fecb0:   000002325fe04638 0000000000000000   8F._2...........
0x000000ad926fecc0:   000000ad926fed29 000002326602ee90   ).o........f2...
0x000000ad926fecd0:   0000023265666130 00007ffe8ff1e4b6   0afe2...........
0x000000ad926fece0:   0000000000000000 00007fff4dde7989   .........y.M....
0x000000ad926fecf0:   000002325fe04638 00007ffe85acae00   8F._2...........
0x000000ad926fed00:   0000000000000004 0000000000000048   ........H.......
0x000000ad926fed10:   0000000800800310 000002325fe04638   ........8F._2...
0x000000ad926fed20:   000002326d895fd0 000002326d896770   ._.m2...pg.m2...
0x000000ad926fed30:   000002326d896770 00007ffe85acae00   pg.m2...........
0x000000ad926fed40:   0000023265666130 000000ad926feeb8   0afe2.....o.....
0x000000ad926fed50:   000000ad926feff0 0000000000008840   ..o.....@.......
0x000000ad926fed60:   000000ad926ff1d0 00007ffe85acae50   ..o.....P.......
0x000000ad926fed70:   0000000000989680 0000000000989680   ................
0x000000ad926fed80:   000000ad926fee90 00007ffe8596d561   ..o.....a.......
0x000000ad926fed90:   00007ffe85acae00 00007ffe85acae58   ........X.......
0x000000ad926feda0:   00007ffe00000000 0000000000000001   ................

Instructions: (pc=0x00007ffe85973004)
  0x00007ffe85972f04:   cc cc cc cc cc cc cc cc cc cc cc cc cc cc cc cc
  0x00007ffe85972f14:   cc cc cc cc cc cc cc cc cc cc cc cc cc cc cc cc
  0x00007ffe85972f24:   cc cc cc cc cc cc cc cc cc cc cc cc cc cc cc cc
  0x00007ffe85972f34:   cc cc cc cc cc cc cc cc cc cc cc cc cc cc cc cc
  0x00007ffe85972f44:   cc cc cc cc cc cc cc cc cc cc cc cc cc cc cc cc
  0x00007ffe85972f54:   cc cc cc cc cc cc cc cc cc cc cc cc cc cc cc cc
  0x00007ffe85972f64:   cc cc cc cc cc cc cc cc cc cc cc cc cc cc cc cc
  0x00007ffe85972f74:   cc cc cc cc cc cc cc cc cc cc cc cc cc cc cc cc
  0x00007ffe85972f84:   cc cc cc cc cc cc cc cc cc cc cc cc 40 57 48 83
  0x00007ffe85972f94:   ec 20 48 8b f9 48 8b 0d 30 80 15 00 48 85 c9 74
  0x00007ffe85972fa4:   20 48 8b 01 48 8d 54 24 38 41 b8 06 00 01 00 4c
  0x00007ffe85972fb4:   8b 48 30 41 ff d1 85 c0 75 07 48 8b 4c 24 38 eb
  0x00007ffe85972fc4:   02 33 c9 4c 8b 05 0a 81 15 00 48 89 5c 24 30 4d
  0x00007ffe85972fd4:   85 c0 74 4a 48 8b 01 48 8b d7 4c 8b 88 28 03 00
  0x00007ffe85972fe4:   00 41 ff d1 48 85 c0 74 35 48 63 0d b8 3d 15 00
  0x00007ffe85972ff4:   48 8b 14 01 48 85 d2 74 15 48 63 05 bc 3d 15 00
=>0x00007ffe85973004:   8b 04 10 48 8b 5c 24 30 48 83 c4 20 5f c3 b8 ff
  0x00007ffe85973014:   ff ff ff 48 8b 5c 24 30 48 83 c4 20 5f c3 80 3d
  0x00007ffe85973024:   bb 7f 15 00 00 bb ff ff ff ff 74 20 4c 8b 0d 51
  0x00007ffe85973034:   7c 15 00 4c 8d 44 24 38 48 8b 0d 35 7c 15 00 48
  0x00007ffe85973044:   8b d7 41 ff d1 85 c0 0f 44 5c 24 38 8b c3 48 8b
  0x00007ffe85973054:   5c 24 30 48 83 c4 20 5f c3 cc cc cc cc cc cc cc
  0x00007ffe85973064:   cc cc cc cc cc cc cc cc cc cc cc cc cc cc cc cc
  0x00007ffe85973074:   cc cc cc cc cc cc cc cc cc cc cc cc cc cc cc cc
  0x00007ffe85973084:   cc cc cc cc cc cc cc cc cc cc cc cc 48 89 54 24
  0x00007ffe85973094:   10 53 55 56 57 41 56 41 57 48 83 ec 28 48 8b f2
  0x00007ffe859730a4:   4c 8b f1 48 89 4c 24 78 45 33 ff 44 89 7c 24 68
  0x00007ffe859730b4:   c7 44 24 60 01 00 00 00 48 8d 4c 24 68 e8 69 3c
  0x00007ffe859730c4:   f7 ff 8b d8 48 8d 4c 24 60 e8 5d 3c f7 ff 8b e8
  0x00007ffe859730d4:   49 8b ce e8 33 f3 f6 ff 48 8b f8 90 8b c3 f0 0f
  0x00007ffe859730e4:   b1 2f 74 04 f3 90 eb f4 4c 89 3e 4c 89 7e 08 4c
  0x00007ffe859730f4:   89 7e 10 49 8b 6e 08 4d 8b 76 10 49 3b ee 0f 84


Stack slot to memory mapping:

stack at sp + 0 slots: 0x000000ad926fed20 is pointing into the stack for thread: 0x000002325fe041f0
stack at sp + 1 slots: 0x000002326bb2ee60 points into unknown readable memory: 0x000000070be2b8c0 | c0 b8 e2 0b 07 00 00 00
stack at sp + 2 slots: 0x0 is null
stack at sp + 3 slots: 0x000002325fe293e8 points into unknown readable memory: 0x6e616c2e6176616a | 6a 61 76 61 2e 6c 61 6e
stack at sp + 4 slots: 0x000000000000003d is an unknown value
stack at sp + 5 slots: 0x00007ffe859734db points into unknown readable memory: 44 8b d8 83 f8
stack at sp + 6 slots: 0x0 is null
stack at sp + 7 slots: 0x000002325fe04638 points into unknown readable memory: 0x00007ffe905c6b50 | 50 6b 5c 90 fe 7f 00 00

Lock stack of current Java thread (top to bottom):


---------------  P R O C E S S  ---------------

Threads class SMR info:
_java_thread_list=0x000002326d8a1ec0, length=26, elements={
0x000002324a3d2f40, 0x000002325fe19720, 0x000002325fe1a180, 0x000002325fe284c0,
0x000002325fe041f0, 0x000002325fe03a20, 0x000002325fe00b40, 0x000002325fe2bfe0,
0x00000232602375b0, 0x000002326023dde0, 0x000002325fe05960, 0x000002326049cff0,
0x000002326049df90, 0x0000023260b91130, 0x000002326049f700, 0x000002326049c050,
0x00000232604a0e70, 0x00000232604a06a0, 0x000002326049fed0, 0x0000023260ec6e60,
0x0000023260ec8da0, 0x0000023260eccc20, 0x0000023260ecb4b0, 0x00000232658c9930,
0x000002326b6aa650, 0x000002326b6aeca0
}

Java Threads: ( => current thread )
  0x000002324a3d2f40 JavaThread "main"                              [_thread_blocked, id=7236, stack(0x000000ad91b00000,0x000000ad91c00000) (1024K)]
  0x000002325fe19720 JavaThread "Reference Handler"          daemon [_thread_blocked, id=6760, stack(0x000000ad92300000,0x000000ad92400000) (1024K)]
  0x000002325fe1a180 JavaThread "Finalizer"                  daemon [_thread_blocked, id=9616, stack(0x000000ad92400000,0x000000ad92500000) (1024K)]
  0x000002325fe284c0 JavaThread "Signal Dispatcher"          daemon [_thread_blocked, id=21624, stack(0x000000ad92500000,0x000000ad92600000) (1024K)]
=>0x000002325fe041f0 JavaThread "Attach Listener"            daemon [_thread_in_native, id=24984, stack(0x000000ad92600000,0x000000ad92700000) (1024K)]
  0x000002325fe03a20 JavaThread "Service Thread"             daemon [_thread_blocked, id=23088, stack(0x000000ad92700000,0x000000ad92800000) (1024K)]
  0x000002325fe00b40 JavaThread "Monitor Deflation Thread"   daemon [_thread_blocked, id=2248, stack(0x000000ad92800000,0x000000ad92900000) (1024K)]
  0x000002325fe2bfe0 JavaThread "C1 CompilerThread0"         daemon [_thread_blocked, id=24968, stack(0x000000ad92900000,0x000000ad92a00000) (1024K)]
  0x00000232602375b0 JavaThread "C1 CompilerThread1"         daemon [_thread_blocked, id=228, stack(0x000000ad92a00000,0x000000ad92b00000) (1024K)]
  0x000002326023dde0 JavaThread "C1 CompilerThread2"         daemon [_thread_blocked, id=22128, stack(0x000000ad92b00000,0x000000ad92c00000) (1024K)]
  0x000002325fe05960 JavaThread "Common-Cleaner"             daemon [_thread_blocked, id=12320, stack(0x000000ad92c00000,0x000000ad92d00000) (1024K)]
  0x000002326049cff0 JavaThread "Monitor Ctrl-Break"         daemon [_thread_in_native, id=18656, stack(0x000000ad92d00000,0x000000ad92e00000) (1024K)]
  0x000002326049df90 JavaThread "Notification Thread"        daemon [_thread_blocked, id=22680, stack(0x000000ad92e00000,0x000000ad92f00000) (1024K)]
  0x0000023260b91130 JavaThread "C1 CompilerThread3"         daemon [_thread_blocked, id=7260, stack(0x000000ad92f00000,0x000000ad93000000) (1024K)]
  0x000002326049f700 JavaThread "RMI TCP Accept-0"           daemon [_thread_in_native, id=21060, stack(0x000000ad93000000,0x000000ad93100000) (1024K)]
  0x000002326049c050 JavaThread "RMI TCP Connection(1)-192.168.56.1" daemon [_thread_in_native, id=20632, stack(0x000000ad93100000,0x000000ad93200000) (1024K)]
  0x00000232604a0e70 JavaThread "JavaFX-Launcher"                   [_thread_blocked, id=21524, stack(0x000000ad93200000,0x000000ad93300000) (1024K)]
  0x00000232604a06a0 JavaThread "RMI Scheduler(0)"           daemon [_thread_blocked, id=11872, stack(0x000000ad93300000,0x000000ad93400000) (1024K)]
  0x000002326049fed0 JavaThread "JMX server connection timeout 32" daemon [_thread_blocked, id=24588, stack(0x000000ad93400000,0x000000ad93500000) (1024K)]
  0x0000023260ec6e60 JavaThread "RMI TCP Connection(2)-192.168.56.1" daemon [_thread_in_native, id=10288, stack(0x000000ad93500000,0x000000ad93600000) (1024K)]
  0x0000023260ec8da0 JavaThread "QuantumRenderer-0"          daemon [_thread_blocked, id=8596, stack(0x000000ad93600000,0x000000ad93700000) (1024K)]
  0x0000023260eccc20 JavaThread "InvokeLaterDispatcher"      daemon [_thread_blocked, id=22196, stack(0x000000ad93900000,0x000000ad93a00000) (1024K)]
  0x0000023260ecb4b0 JavaThread "JavaFX Application Thread"         [_thread_in_native, id=10412, stack(0x000000ad93a00000,0x000000ad93b00000) (1024K)]
  0x00000232658c9930 JavaThread "Thread-2"                   daemon [_thread_blocked, id=19332, stack(0x000000ad94600000,0x000000ad94700000) (1024K)]
  0x000002326b6aa650 JavaThread "JFR Recorder Thread"        daemon [_thread_in_native, id=13828, stack(0x000000ad95200000,0x000000ad95300000) (1024K)]
  0x000002326b6aeca0 JavaThread "JFR Periodic Tasks"         daemon [_thread_blocked, id=3616, stack(0x000000ad95300000,0x000000ad95400000) (1024K)]
Total: 26

Other Threads:
  0x000002325fdff380 VMThread "VM Thread"                           [id=14040, stack(0x000000ad92200000,0x000000ad92300000) (1024K)]
  0x000002325fdf1950 WatcherThread "VM Periodic Task Thread"        [id=25404, stack(0x000000ad92100000,0x000000ad92200000) (1024K)]
  0x000002324a48dfc0 WorkerThread "GC Thread#0"                     [id=3748, stack(0x000000ad91c00000,0x000000ad91d00000) (1024K)]
  0x0000023265be6150 WorkerThread "GC Thread#1"                     [id=25488, stack(0x000000ad94700000,0x000000ad94800000) (1024K)]
  0x0000023265be6580 WorkerThread "GC Thread#2"                     [id=17632, stack(0x000000ad94800000,0x000000ad94900000) (1024K)]
  0x0000023265be69b0 WorkerThread "GC Thread#3"                     [id=13104, stack(0x000000ad94900000,0x000000ad94a00000) (1024K)]
  0x0000023265be75f0 WorkerThread "GC Thread#4"                     [id=25528, stack(0x000000ad94a00000,0x000000ad94b00000) (1024K)]
  0x0000023265be15b0 WorkerThread "GC Thread#5"                     [id=14088, stack(0x000000ad94b00000,0x000000ad94c00000) (1024K)]
  0x0000023265cf39f0 WorkerThread "GC Thread#6"                     [id=1760, stack(0x000000ad94c00000,0x000000ad94d00000) (1024K)]
  0x000002326b691130 WorkerThread "GC Thread#7"                     [id=20256, stack(0x000000ad94d00000,0x000000ad94e00000) (1024K)]
  0x000002326b691580 WorkerThread "GC Thread#8"                     [id=17916, stack(0x000000ad94e00000,0x000000ad94f00000) (1024K)]
  0x000002326b68eeb0 WorkerThread "GC Thread#9"                     [id=23732, stack(0x000000ad94f00000,0x000000ad95000000) (1024K)]
  0x000002324a6b3020 ConcurrentGCThread "G1 Main Marker"            [id=1984, stack(0x000000ad91d00000,0x000000ad91e00000) (1024K)]
  0x000002324a6b42d0 WorkerThread "G1 Conc#0"                       [id=18016, stack(0x000000ad91e00000,0x000000ad91f00000) (1024K)]
  0x000002326b68ea60 WorkerThread "G1 Conc#1"                       [id=11668, stack(0x000000ad95000000,0x000000ad95100000) (1024K)]
  0x000002326b690890 WorkerThread "G1 Conc#2"                       [id=25072, stack(0x000000ad95100000,0x000000ad95200000) (1024K)]
  0x000002325fcbdf20 ConcurrentGCThread "G1 Refine#0"               [id=4172, stack(0x000000ad91f00000,0x000000ad92000000) (1024K)]
  0x000002325fcbeb30 ConcurrentGCThread "G1 Service"                [id=20696, stack(0x000000ad92000000,0x000000ad92100000) (1024K)]
Total: 18

Threads with active compile tasks:
Total: 0

VM state: at safepoint (normal execution)

VM Mutex/Monitor currently owned by a thread:  ([mutex/lock_event])
[0x00007ffe906594e8] Threads_lock - owner thread: 0x000002325fdff380
[0x00007ffe90659668] Heap_lock - owner thread: 0x00000232604a0e70

Heap address: 0x0000000701200000, size: 4078 MB, Compressed Oops mode: Zero based, Oop shift amount: 3

CDS archive(s) mapped at: [0x000000009c000000-0x000000009cdd0000-0x000000009cdd0000), size 14483456, SharedBaseAddress: 0x000000009c000000, ArchiveRelocationMode: 1.
Compressed class space mapped at: 0x000000009d000000-0x00000000dd000000, reserved size: 1073741824
UseCompressedClassPointers 1, UseCompactObjectHeaders 0
Narrow klass pointer bits 32, Max shift 3
Narrow klass base: 0x000000009c000000, Narrow klass shift: 0
Encoding Range: [0x000000009c000000 - 0x000000019c000000), (4294967296 bytes)
Klass Range:    [0x000000009c010000 - 0x00000000dd000000), (1090453504 bytes)
Klass ID Range:  [65536 - 1090519033) (1090453497)
Protection zone: [0x000000009c000000 - 0x000000009c010000), (65536 bytes)

GC Precious Log:
 CardTable entry size: 512
 Card Set container configuration: InlinePtr #cards 4 size 8 Array Of Cards #cards 16 size 48 Howl #buckets 8 coarsen threshold 3686 Howl Bitmap #cards 512 size 80 coarsen threshold 460 Card regions per heap region 1 cards per card region 4096
 CPUs: 12 total, 12 available
 Memory: 16309M
 Large Page Support: Disabled
 NUMA Support: Disabled
 Compressed Oops: Enabled (Zero based)
 Heap Region Size: 2M
 Heap Min Capacity: 8M
 Heap Initial Capacity: 256M
 Heap Max Capacity: 4078M
 Pre-touch: Disabled
 Parallel Workers: 10
 Concurrent Workers: 3
 Concurrent Refinement Workers: 10
 Periodic GC: Disabled

Heap:
 garbage-first heap   total reserved 4175872K, committed 88064K, used 73442K [0x0000000701200000, 0x0000000800000000)
  region size 2048K, 29 young (59392K), 3 survivors (6144K)

Heap Regions: E=young(eden), S=young(survivor), O=old, HS=humongous(starts), HC=humongous(continues), CS=collection set, F=free, TAMS=top-at-mark-start, PB=parsable bottom
|   0|0x0000000701200000, 0x0000000701400000, 0x0000000701400000|100%| O|  |TAMS 0x0000000701200000| PB 0x0000000701200000| Untracked |  0
|   1|0x0000000701400000, 0x0000000701600000, 0x0000000701600000|100%| O|  |TAMS 0x0000000701400000| PB 0x0000000701400000| Untracked |  0
|   2|0x0000000701600000, 0x0000000701693d30, 0x0000000701800000| 28%| O|  |TAMS 0x0000000701600000| PB 0x0000000701600000| Untracked |  0
|   3|0x0000000701800000, 0x0000000701a00000, 0x0000000701a00000|100%| E|CS|TAMS 0x0000000701800000| PB 0x0000000701800000| Complete |  0
|   4|0x0000000701a00000, 0x0000000701c00000, 0x0000000701c00000|100%| E|CS|TAMS 0x0000000701a00000| PB 0x0000000701a00000| Complete |  0
|   5|0x0000000701c00000, 0x0000000701e00000, 0x0000000701e00000|100%| E|CS|TAMS 0x0000000701c00000| PB 0x0000000701c00000| Complete |  0
|   6|0x0000000701e00000, 0x0000000702000000, 0x0000000702000000|100%| E|CS|TAMS 0x0000000701e00000| PB 0x0000000701e00000| Complete |  0
|   7|0x0000000702000000, 0x0000000702200000, 0x0000000702200000|100%| E|CS|TAMS 0x0000000702000000| PB 0x0000000702000000| Complete |  0
|   8|0x0000000702200000, 0x0000000702400000, 0x0000000702400000|100%| E|CS|TAMS 0x0000000702200000| PB 0x0000000702200000| Complete |  0
|   9|0x0000000702400000, 0x0000000702600000, 0x0000000702600000|100%| E|CS|TAMS 0x0000000702400000| PB 0x0000000702400000| Complete |  0
|  10|0x0000000702600000, 0x0000000702800000, 0x0000000702800000|100%| E|CS|TAMS 0x0000000702600000| PB 0x0000000702600000| Complete |  0
|  11|0x0000000702800000, 0x0000000702a00000, 0x0000000702a00000|100%| E|CS|TAMS 0x0000000702800000| PB 0x0000000702800000| Complete |  0
|  12|0x0000000702a00000, 0x0000000702c00000, 0x0000000702c00000|100%| E|CS|TAMS 0x0000000702a00000| PB 0x0000000702a00000| Complete |  0
|  13|0x0000000702c00000, 0x0000000702e00000, 0x0000000702e00000|100%| E|CS|TAMS 0x0000000702c00000| PB 0x0000000702c00000| Complete |  0
|  14|0x0000000702e00000, 0x0000000703000000, 0x0000000703000000|100%| E|CS|TAMS 0x0000000702e00000| PB 0x0000000702e00000| Complete |  0
|  15|0x0000000703000000, 0x0000000703200000, 0x0000000703200000|100%| E|CS|TAMS 0x0000000703000000| PB 0x0000000703000000| Complete |  0
|  16|0x0000000703200000, 0x0000000703400000, 0x0000000703400000|100%| E|CS|TAMS 0x0000000703200000| PB 0x0000000703200000| Complete |  0
|  17|0x0000000703400000, 0x0000000703600000, 0x0000000703600000|100%| E|CS|TAMS 0x0000000703400000| PB 0x0000000703400000| Complete |  0
|  18|0x0000000703600000, 0x0000000703800000, 0x0000000703800000|100%| E|CS|TAMS 0x0000000703600000| PB 0x0000000703600000| Complete |  0
|  19|0x0000000703800000, 0x0000000703a00000, 0x0000000703a00000|100%| E|CS|TAMS 0x0000000703800000| PB 0x0000000703800000| Complete |  0
|  20|0x0000000703a00000, 0x0000000703c00000, 0x0000000703c00000|100%| E|CS|TAMS 0x0000000703a00000| PB 0x0000000703a00000| Complete |  0
|  21|0x0000000703c00000, 0x0000000703e00000, 0x0000000703e00000|100%| E|CS|TAMS 0x0000000703c00000| PB 0x0000000703c00000| Complete |  0
|  22|0x0000000703e00000, 0x0000000704000000, 0x0000000704000000|100%| E|CS|TAMS 0x0000000703e00000| PB 0x0000000703e00000| Complete |  0
|  23|0x0000000704000000, 0x0000000704200000, 0x0000000704200000|100%| E|CS|TAMS 0x0000000704000000| PB 0x0000000704000000| Complete |  0
|  24|0x0000000704200000, 0x0000000704400000, 0x0000000704400000|100%| E|CS|TAMS 0x0000000704200000| PB 0x0000000704200000| Complete |  0
|  25|0x0000000704400000, 0x0000000704600000, 0x0000000704600000|100%| E|CS|TAMS 0x0000000704400000| PB 0x0000000704400000| Complete |  0
|  26|0x0000000704600000, 0x0000000704800000, 0x0000000704800000|100%| E|CS|TAMS 0x0000000704600000| PB 0x0000000704600000| Complete |  0
|  27|0x0000000704800000, 0x0000000704a00000, 0x0000000704a00000|100%| E|CS|TAMS 0x0000000704800000| PB 0x0000000704800000| Complete |  0
|  28|0x0000000704a00000, 0x0000000704c00000, 0x0000000704c00000|100%| S|  |TAMS 0x0000000704a00000| PB 0x0000000704a00000| Complete |  0
|  29|0x0000000704c00000, 0x0000000704e00000, 0x0000000704e00000|100%| S|  |TAMS 0x0000000704c00000| PB 0x0000000704c00000| Complete |  0
|  30|0x0000000704e00000, 0x0000000705000000, 0x0000000705000000|100%| S|  |TAMS 0x0000000704e00000| PB 0x0000000704e00000| Complete |  0
|  31|0x0000000705000000, 0x0000000705200000, 0x0000000705200000|100%| S|  |TAMS 0x0000000705000000| PB 0x0000000705000000| Complete |  0
|  32|0x0000000705200000, 0x00000007053837b0, 0x0000000705400000| 75%| S|  |TAMS 0x0000000705200000| PB 0x0000000705200000| Complete |  0
|  80|0x000000070b200000, 0x000000070b400000, 0x000000070b400000|100%| E|CS|TAMS 0x000000070b200000| PB 0x000000070b200000| Complete |  0
|  81|0x000000070b400000, 0x000000070b600000, 0x000000070b600000|100%| E|CS|TAMS 0x000000070b400000| PB 0x000000070b400000| Complete |  0
|  82|0x000000070b600000, 0x000000070b800000, 0x000000070b800000|100%| E|CS|TAMS 0x000000070b600000| PB 0x000000070b600000| Complete |  0
|  83|0x000000070b800000, 0x000000070ba00000, 0x000000070ba00000|100%| E|CS|TAMS 0x000000070b800000| PB 0x000000070b800000| Complete |  0
|  84|0x000000070ba00000, 0x000000070bc00000, 0x000000070bc00000|100%| E|CS|TAMS 0x000000070ba00000| PB 0x000000070ba00000| Complete |  0
|  85|0x000000070bc00000, 0x000000070be00000, 0x000000070be00000|100%| E|CS|TAMS 0x000000070bc00000| PB 0x000000070bc00000| Complete |  0
|  86|0x000000070be00000, 0x000000070c000000, 0x000000070c000000|100%| E|CS|TAMS 0x000000070be00000| PB 0x000000070be00000| Complete |  0
| 127|0x0000000711000000, 0x0000000711200000, 0x0000000711200000|100%| E|CS|TAMS 0x0000000711000000| PB 0x0000000711000000| Complete |  0
|2034|0x00000007ff600000, 0x00000007ff64df20, 0x00000007ff800000| 15%| O|  |TAMS 0x00000007ff600000| PB 0x00000007ff600000| Untracked |  0
|2035|0x00000007ff800000, 0x00000007ffa00000, 0x00000007ffa00000|100%| O|  |TAMS 0x00000007ff800000| PB 0x00000007ff800000| Untracked |  0
|2036|0x00000007ffa00000, 0x00000007ffc00000, 0x00000007ffc00000|100%| O|  |TAMS 0x00000007ffa00000| PB 0x00000007ffa00000| Untracked |  0
|2037|0x00000007ffc00000, 0x00000007ffe00000, 0x00000007ffe00000|100%| O|  |TAMS 0x00000007ffc00000| PB 0x00000007ffc00000| Untracked |  0
|2038|0x00000007ffe00000, 0x00000007fff24ea8, 0x0000000800000000| 57%| O|Cm|TAMS 0x00000007ffe00000| PB 0x00000007ffe00000| Complete |  0

Card table byte_map: [0x0000023258d50000,0x0000023259550000] _byte_map_base: 0x0000023255547000

Marking Bits: (CMBitMap*) 0x000002324a48e750
 Bits: [0x0000023259550000, 0x000002325d508000)

Polling page: 0x000002324a6e0000

Metaspace:
Metaspace        used 29737K, committed 30144K, reserved 1114112K
 class space     used 3359K, committed 3520K, reserved 1048576K

Usage:
  Non-class:     25.76 MB used.
      Class:      3.28 MB used.
       Both:     29.04 MB used.

Virtual space:
  Non-class space:       64.00 MB reserved,      26.00 MB ( 41%) committed,  1 nodes.
      Class space:        1.00 GB reserved,       3.44 MB ( <1%) committed,  1 nodes.
             Both:        1.06 GB reserved,      29.44 MB (  3%) committed. 

Chunk freelists:
   Non-Class:  6.05 MB
       Class:  12.53 MB
        Both:  18.58 MB

MaxMetaspaceSize: unlimited
CompressedClassSpaceSize: 1.00 GB
Initial GC threshold: 21.00 MB
Current GC threshold: 35.25 MB
CDS: on
 - commit_granule_bytes: 65536.
 - commit_granule_words: 8192.
 - virtual_space_node_default_size: 8388608.
 - enlarge_chunks_in_place: 1.
UseCompressedClassPointers 1, UseCompactObjectHeaders 0
Narrow klass pointer bits 32, Max shift 3
Narrow klass base: 0x000000009c000000, Narrow klass shift: 0
Encoding Range: [0x000000009c000000 - 0x000000019c000000), (4294967296 bytes)
Klass Range:    [0x000000009c010000 - 0x00000000dd000000), (1090453504 bytes)
Klass ID Range:  [65536 - 1090519033) (1090453497)
Protection zone: [0x000000009c000000 - 0x000000009c010000), (65536 bytes)


Internal statistics:

num_allocs_failed_limit: 3.
num_arena_births: 444.
num_arena_deaths: 0.
num_vsnodes_births: 2.
num_vsnodes_deaths: 0.
num_space_committed: 471.
num_space_uncommitted: 0.
num_chunks_returned_to_freelist: 3.
num_chunks_taken_from_freelist: 1372.
num_chunk_merges: 0.
num_chunk_splits: 964.
num_chunks_enlarged: 744.
num_inconsistent_stats: 0.

CodeCache: size=49152Kb used=8138Kb max_used=8138Kb free=41013Kb
 bounds [0x0000023254a90000, 0x0000023255290000, 0x0000023257a90000]
 total_blobs=5311, nmethods=4652, adapters=579, full_count=0
Compilation: enabled, stopped_count=0, restarted_count=0

Compilation events (20 events):
Event: 4.465 Thread 0x000002326023dde0 4489       1       java.io.ObjectStreamClass::isRecord (9 bytes)
Event: 4.465 Thread 0x000002325fe2bfe0 4490       1       java.io.ObjectStreamClass::isExternalizable (9 bytes)
Event: 4.465 Thread 0x0000023260b91130 4491       1       java.io.ObjectStreamClass::getClassDataLayout (20 bytes)
Event: 4.466 Thread 0x00000232602375b0 4492       1       java.lang.invoke.VarHandleByteArrayAsLongs$ArrayHandle::set (38 bytes)
Event: 4.466 Thread 0x000002326023dde0 nmethod 4489 0x0000023255253b88 code [0x0000023255253c80, 0x0000023255253df0]
Event: 4.466 Thread 0x000002326023dde0 4493       1       jdk.internal.misc.Unsafe::putLongUnaligned (14 bytes)
Event: 4.466 Thread 0x000002325fe2bfe0 nmethod 4490 0x0000023255253e88 code [0x0000023255253f80, 0x00000232552540f0]
Event: 4.466 Thread 0x000002325fe2bfe0 4494       1       jdk.internal.misc.Unsafe::putLongUnaligned (157 bytes)
Event: 4.466 Thread 0x0000023260b91130 nmethod 4491 0x0000023255254188 code [0x0000023255254280, 0x00000232552543d8]
Event: 4.466 Thread 0x0000023260b91130 4495       1       jdk.internal.util.ByteArray::setLong (10 bytes)
Event: 4.466 Thread 0x000002326023dde0 nmethod 4493 0x0000023255254488 code [0x0000023255254580, 0x0000023255254690]
Event: 4.466 Thread 0x00000232602375b0 nmethod 4492 0x0000023255254788 code [0x0000023255254880, 0x0000023255254a48]
Event: 4.466 Thread 0x000002325fe2bfe0 nmethod 4494 0x0000023255254a88 code [0x0000023255254b80, 0x0000023255254e70]
Event: 4.466 Thread 0x0000023260b91130 nmethod 4495 0x0000023255254e88 code [0x0000023255254f80, 0x00000232552550c0]
Event: 4.467 Thread 0x0000023260b91130 4496       1       java.lang.ThreadLocal::set (26 bytes)
Event: 4.468 Thread 0x0000023260b91130 nmethod 4496 0x0000023255255188 code [0x0000023255255280, 0x0000023255255428]
Event: 4.469 Thread 0x00000232602375b0 4497       1       java.lang.ThreadLocal::set (28 bytes)
Event: 4.470 Thread 0x00000232602375b0 nmethod 4497 0x0000023255255488 code [0x0000023255255580, 0x0000023255255730]
Event: 4.505 Thread 0x000002326023dde0 4498       1       sun.security.provider.SHA2::implCompress0 (448 bytes)
Event: 4.505 Thread 0x000002326023dde0 nmethod 4498 0x0000023255255788 code [0x0000023255255880, 0x0000023255255d78]

GC Heap Usage History (4 events):
Event: 2.016 {heap Before GC invocations=0 (full 0):
 garbage-first heap   total reserved 4175872K, committed 264192K, used 48275K [0x0000000701200000, 0x0000000800000000)
  region size 2048K, 24 young (49152K), 0 survivors (0K)
}
Event: 2.025 {heap After GC invocations=1 (full 0):
 garbage-first heap   total reserved 4175872K, committed 264192K, used 12002K [0x0000000701200000, 0x0000000800000000)
  region size 2048K, 3 young (6144K), 3 survivors (6144K)
}
Event: 3.826 {heap Before GC invocations=1 (full 0):
 garbage-first heap   total reserved 4175872K, committed 264192K, used 85730K [0x0000000701200000, 0x0000000800000000)
  region size 2048K, 41 young (83968K), 3 survivors (6144K)
}
Event: 3.839 {heap After GC invocations=2 (full 0):
 garbage-first heap   total reserved 4175872K, committed 264192K, used 20194K [0x0000000701200000, 0x0000000800000000)
  region size 2048K, 7 young (14336K), 7 survivors (14336K)
}

Metaspace Usage History (4 events):
Event: 2.016 {metaspace Before GC invocations=0 (full 0):
 Metaspace       used 9859K, committed 10112K, reserved 1114112K
  class space    used 908K, committed 1024K, reserved 1048576K
}
Event: 2.025 {metaspace After GC invocations=1 (full 0):
 Metaspace       used 9859K, committed 10112K, reserved 1114112K
  class space    used 908K, committed 1024K, reserved 1048576K
}
Event: 3.826 {metaspace Before GC invocations=1 (full 0):
 Metaspace       used 21200K, committed 21504K, reserved 1114112K
  class space    used 2268K, committed 2432K, reserved 1048576K
}
Event: 3.839 {metaspace After GC invocations=2 (full 0):
 Metaspace       used 21200K, committed 21504K, reserved 1114112K
  class space    used 2268K, committed 2432K, reserved 1048576K
}

Dll operation events (20 events):
Event: 1.252 Loaded shared library C:\Users\angio\.openjfx\cache\24.0.1+4\amd64\api-ms-win-crt-heap-l1-1-0.dll
Event: 1.258 Loaded shared library C:\Users\angio\.openjfx\cache\24.0.1+4\amd64\api-ms-win-crt-locale-l1-1-0.dll
Event: 1.265 Loaded shared library C:\Users\angio\.openjfx\cache\24.0.1+4\amd64\api-ms-win-crt-math-l1-1-0.dll
Event: 1.272 Loaded shared library C:\Users\angio\.openjfx\cache\24.0.1+4\amd64\api-ms-win-crt-multibyte-l1-1-0.dll
Event: 1.279 Loaded shared library C:\Users\angio\.openjfx\cache\24.0.1+4\amd64\api-ms-win-crt-private-l1-1-0.dll
Event: 1.286 Loaded shared library C:\Users\angio\.openjfx\cache\24.0.1+4\amd64\api-ms-win-crt-process-l1-1-0.dll
Event: 1.293 Loaded shared library C:\Users\angio\.openjfx\cache\24.0.1+4\amd64\api-ms-win-crt-runtime-l1-1-0.dll
Event: 1.300 Loaded shared library C:\Users\angio\.openjfx\cache\24.0.1+4\amd64\api-ms-win-crt-stdio-l1-1-0.dll
Event: 1.308 Loaded shared library C:\Users\angio\.openjfx\cache\24.0.1+4\amd64\api-ms-win-crt-string-l1-1-0.dll
Event: 1.315 Loaded shared library C:\Users\angio\.openjfx\cache\24.0.1+4\amd64\api-ms-win-crt-time-l1-1-0.dll
Event: 1.322 Loaded shared library C:\Users\angio\.openjfx\cache\24.0.1+4\amd64\api-ms-win-crt-utility-l1-1-0.dll
Event: 1.352 Loaded shared library C:\Users\angio\.openjfx\cache\24.0.1+4\amd64\ucrtbase.dll
Event: 1.361 Loaded shared library C:\Users\angio\.openjfx\cache\24.0.1+4\amd64\vcruntime140.dll
Event: 1.370 Loaded shared library C:\Users\angio\.openjfx\cache\24.0.1+4\amd64\vcruntime140_1.dll
Event: 1.388 Loaded shared library C:\Users\angio\.openjfx\cache\24.0.1+4\amd64\msvcp140.dll
Event: 1.395 Loaded shared library C:\Users\angio\.openjfx\cache\24.0.1+4\amd64\msvcp140_1.dll
Event: 1.405 Loaded shared library C:\Users\angio\.openjfx\cache\24.0.1+4\amd64\msvcp140_2.dll
Event: 1.476 Loaded shared library C:\Users\angio\.openjfx\cache\24.0.1+4\amd64\prism_d3d.dll
Event: 1.582 Loaded shared library C:\Users\angio\.openjfx\cache\24.0.1+4\amd64\glass.dll
Event: 4.190 Loaded shared library C:\Users\angio\AppData\Local\Temp\idea_libasyncProfiler_dll_temp_folder\libasyncProfiler.dll

Deoptimization events (4 events):
Event: 3.814 Thread 0x00000232604a0e70 DEOPT PACKING pc=0x000002325518e62c sp=0x000000ad932fc350
Event: 3.814 Thread 0x00000232604a0e70 DEOPT UNPACKING pc=0x0000023254ae1702 sp=0x000000ad932fb858 mode 0
Event: 3.989 Thread 0x00000232604a0e70 DEOPT PACKING pc=0x000002325514b05c sp=0x000000ad932fbd40
Event: 3.989 Thread 0x00000232604a0e70 DEOPT UNPACKING pc=0x0000023254ae1702 sp=0x000000ad932fb200 mode 0

Classes loaded (20 events):
Event: 4.368 Loading class jdk/jfr/internal/consumer/RepositoryFiles
Event: 4.368 Loading class jdk/jfr/internal/consumer/RepositoryFiles done
Event: 4.372 Loading class jdk/jfr/internal/SettingsManager$InternalSetting
Event: 4.372 Loading class jdk/jfr/internal/SettingsManager$InternalSetting done
Event: 4.374 Loading class jdk/jfr/internal/util/Rate
Event: 4.374 Loading class jdk/jfr/internal/util/Rate done
Event: 4.374 Loading class jdk/jfr/internal/util/TimespanUnit
Event: 4.374 Loading class jdk/jfr/internal/util/TimespanUnit done
Event: 4.374 Loading class jdk/jfr/internal/util/ValueParser
Event: 4.374 Loading class jdk/jfr/internal/util/ValueParser done
Event: 4.375 Loading class jdk/jfr/internal/util/TimespanRate
Event: 4.375 Loading class jdk/jfr/internal/util/TimespanRate done
Event: 4.377 Loading class jdk/jfr/internal/periodic/PeriodicType
Event: 4.377 Loading class jdk/jfr/internal/periodic/PeriodicType done
Event: 4.425 Loading class jdk/internal/vm/annotation/IntrinsicCandidate
Event: 4.425 Loading class jdk/internal/vm/annotation/IntrinsicCandidate done
Event: 4.504 Loading class java/util/UUID$Holder
Event: 4.504 Loading class java/util/UUID$Holder done
Event: 4.505 Loading class jdk/internal/util/ByteArrayLittleEndian
Event: 4.506 Loading class jdk/internal/util/ByteArrayLittleEndian done

Classes unloaded (0 events):
No events

Classes redefined (0 events):
No events

Internal exceptions (20 events):
Event: 3.840 Thread 0x00000232604a0e70 Exception <a 'java/lang/NoSuchMethodError'{0x0000000711000c88}: 'void java.lang.invoke.DirectMethodHandle$Holder.invokeStatic(java.lang.Object, java.lang.Object, int, int)'> (0x0000000711000c88) 
thrown [s\open\src\hotspot\share\interpreter\linkResolver.cpp, line 804]
Event: 3.867 Thread 0x00000232604a0e70 Exception <a 'java/lang/NoSuchMethodError'{0x00000007110a9898}: 'void java.lang.invoke.Invokers$Holder.invokeExact_MT(java.lang.Object, java.lang.Object, java.lang.Object)'> (0x00000007110a9898) 
thrown [s\open\src\hotspot\share\interpreter\linkResolver.cpp, line 804]
Event: 3.871 Thread 0x00000232604a0e70 Exception <a 'java/lang/NoSuchMethodError'{0x00000007110e4c90}: 'java.lang.Object java.lang.invoke.DirectMethodHandle$Holder.newInvokeSpecial(java.lang.Object, java.lang.Object, java.lang.Object, java.lang.Object, java.lang.Object, java.lang.Object)'> (0x00000007110e4c90) 
thrown [s\open\src\hotspot\share\interpreter\linkResolver.cpp, line 804]
Event: 3.940 Thread 0x00000232604a0e70 Exception <a 'java/lang/NoSuchMethodError'{0x00000007047c9708}: 'void java.lang.invoke.DirectMethodHandle$Holder.invokeSpecial(java.lang.Object, java.lang.Object, java.lang.Object, java.lang.Object, java.lang.Object, java.lang.Object)'> (0x00000007047c9708) 
thrown [s\open\src\hotspot\share\interpreter\linkResolver.cpp, line 804]
Event: 3.943 Thread 0x00000232604a0e70 Exception <a 'java/lang/NoSuchMethodError'{0x000000070441ea18}: 'void java.lang.invoke.DirectMethodHandle$Holder.invokeVirtual(java.lang.Object, java.lang.Object, int)'> (0x000000070441ea18) 
thrown [s\open\src\hotspot\share\interpreter\linkResolver.cpp, line 804]
Event: 3.944 Thread 0x00000232604a0e70 Exception <a 'java/lang/NoSuchMethodError'{0x0000000704436318}: 'java.lang.Object java.lang.invoke.DirectMethodHandle$Holder.invokeStatic(java.lang.Object, java.lang.Object, java.lang.Object, java.lang.Object, int)'> (0x0000000704436318) 
thrown [s\open\src\hotspot\share\interpreter\linkResolver.cpp, line 804]
Event: 3.945 Thread 0x00000232604a0e70 Exception <a 'java/lang/NoSuchMethodError'{0x0000000704446e38}: 'void java.lang.invoke.DelegatingMethodHandle$Holder.reinvoke_L(java.lang.Object, java.lang.Object, int)'> (0x0000000704446e38) 
thrown [s\open\src\hotspot\share\interpreter\linkResolver.cpp, line 804]
Event: 4.015 Thread 0x00000232604a0e70 Exception <a 'java/lang/NoSuchMethodError'{0x00000007043ea1e8}: 'java.lang.Object java.lang.invoke.DirectMethodHandle$Holder.invokeVirtual(java.lang.Object, java.lang.Object, java.lang.Object, java.lang.Object)'> (0x00000007043ea1e8) 
thrown [s\open\src\hotspot\share\interpreter\linkResolver.cpp, line 804]
Event: 4.036 Thread 0x00000232604a0e70 Exception <a 'java/lang/NoSuchMethodError'{0x00000007040dc6d0}: 'java.lang.Object java.lang.invoke.DirectMethodHandle$Holder.invokeVirtual(java.lang.Object, java.lang.Object, java.lang.Object, java.lang.Object, java.lang.Object)'> (0x00000007040dc6d0) 
thrown [s\open\src\hotspot\share\interpreter\linkResolver.cpp, line 804]
Event: 4.049 Thread 0x00000232604a0e70 Exception <a 'java/lang/NoSuchMethodError'{0x00000007041c5408}: 'void java.lang.invoke.DirectMethodHandle$Holder.invokeVirtual(java.lang.Object, java.lang.Object, long)'> (0x00000007041c5408) 
thrown [s\open\src\hotspot\share\interpreter\linkResolver.cpp, line 804]
Event: 4.122 Thread 0x00000232604a0e70 Exception <a 'java/lang/NoSuchMethodError'{0x0000000703d352d8}: 'java.lang.Object java.lang.invoke.DirectMethodHandle$Holder.newInvokeSpecial(java.lang.Object, java.lang.Object, java.lang.Object, java.lang.Object, java.lang.Object, java.lang.Object, java.lang.Object, java.lang.Object, java.lang.Object, java.lang.Object, java.lang.Object, java.lang.Object)'> (0x0000000703d352d8) 
thrown [s\open\src\hotspot\share\interpreter\linkResolver.cpp, line 804]
Event: 4.125 Thread 0x00000232604a0e70 Exception <a 'java/lang/NoSuchMethodError'{0x0000000703d75d48}: 'void java.lang.invoke.DirectMethodHandle$Holder.invokeStatic(java.lang.Object, java.lang.Object, int, java.lang.Object)'> (0x0000000703d75d48) 
thrown [s\open\src\hotspot\share\interpreter\linkResolver.cpp, line 804]
Event: 4.125 Thread 0x00000232604a0e70 Exception <a 'java/lang/NoSuchMethodError'{0x0000000703d85f50}: 'void java.lang.invoke.DelegatingMethodHandle$Holder.delegate(java.lang.Object, java.lang.Object, int, java.lang.Object)'> (0x0000000703d85f50) 
thrown [s\open\src\hotspot\share\interpreter\linkResolver.cpp, line 804]
Event: 4.236 Thread 0x00000232604a0e70 Exception <a 'java/lang/NoSuchMethodError'{0x00000007038e30e0}: 'void java.lang.invoke.DelegatingMethodHandle$Holder.reinvoke_L(java.lang.Object, java.lang.Object, java.lang.Object, java.lang.Object, int, java.lang.Object, java.lang.Object, java.lang.Object)'> (0x00000007038e30e0) 
thrown [s\open\src\hotspot\share\interpreter\linkResolver.cpp, line 804]
Event: 4.239 Thread 0x00000232604a0e70 Exception <a 'java/lang/NoSuchMethodError'{0x0000000703638dd0}: 'java.lang.Object java.lang.invoke.DirectMethodHandle$Holder.invokeStatic(java.lang.Object, java.lang.Object, java.lang.Object, java.lang.Object, java.lang.Object, java.lang.Object, java.lang.Object, java.lang.Object, java.lang.Object, java.lang.Object)'> (0x0000000703638dd0) 
thrown [s\open\src\hotspot\share\interpreter\linkResolver.cpp, line 804]
Event: 4.332 Thread 0x000002325fe041f0 Exception <a 'java/lang/NoSuchMethodError'{0x0000000702e33808}: 'void java.lang.invoke.DirectMethodHandle$Holder.invokeSpecial(java.lang.Object, java.lang.Object, int)'> (0x0000000702e33808) 
thrown [s\open\src\hotspot\share\interpreter\linkResolver.cpp, line 804]
Event: 4.332 Thread 0x000002325fe041f0 Exception <a 'java/lang/NoSuchMethodError'{0x0000000702e3b460}: 'void java.lang.invoke.Invokers$Holder.invokeExact_MT(java.lang.Object, int, java.lang.Object)'> (0x0000000702e3b460) 
thrown [s\open\src\hotspot\share\interpreter\linkResolver.cpp, line 804]
Event: 4.337 Thread 0x000002325fe041f0 Exception <a 'sun/nio/fs/WindowsException'{0x0000000702e62ac0}> (0x0000000702e62ac0) 
thrown [s\open\src\hotspot\share\prims\jni.cpp, line 516]
Event: 4.340 Thread 0x000002325fe041f0 Exception <a 'sun/nio/fs/WindowsException'{0x0000000702e683e8}> (0x0000000702e683e8) 
thrown [s\open\src\hotspot\share\prims\jni.cpp, line 516]
Event: 4.345 Thread 0x000002325fe041f0 Exception <a 'sun/nio/fs/WindowsException'{0x0000000702e6acf8}> (0x0000000702e6acf8) 
thrown [s\open\src\hotspot\share\prims\jni.cpp, line 516]

VM Operations (20 events):
Event: 3.826 Executing safepoint VM operation: CollectForMetadataAllocation (Metadata GC Threshold)
Event: 3.839 Executing safepoint VM operation: CollectForMetadataAllocation (Metadata GC Threshold) done
Event: 3.845 Executing safepoint VM operation: G1PauseRemark
Event: 3.848 Executing safepoint VM operation: G1PauseRemark done
Event: 3.849 Executing safepoint VM operation: G1PauseCleanup
Event: 3.851 Executing safepoint VM operation: G1PauseCleanup done
Event: 3.926 Executing non-safepoint VM operation: HandshakeAllThreads (Deoptimize)
Event: 3.926 Executing non-safepoint VM operation: HandshakeAllThreads (Deoptimize) done
Event: 3.986 Executing non-safepoint VM operation: HandshakeAllThreads (Deoptimize)
Event: 3.986 Executing non-safepoint VM operation: HandshakeAllThreads (Deoptimize) done
Event: 3.989 Executing non-safepoint VM operation: HandshakeAllThreads (Deoptimize)
Event: 3.989 Executing non-safepoint VM operation: HandshakeAllThreads (Deoptimize) done
Event: 4.117 Executing non-safepoint VM operation: HandshakeAllThreads (Deoptimize)
Event: 4.117 Executing non-safepoint VM operation: HandshakeAllThreads (Deoptimize) done
Event: 4.337 Executing non-safepoint VM operation: HandshakeAllThreads (Deoptimize)
Event: 4.337 Executing non-safepoint VM operation: HandshakeAllThreads (Deoptimize) done
Event: 4.369 Executing safepoint VM operation: JFRSafepointClear
Event: 4.369 Executing safepoint VM operation: JFRSafepointClear done
Event: 4.444 Executing non-safepoint VM operation: HandshakeAllThreads (Deoptimize)
Event: 4.444 Executing non-safepoint VM operation: HandshakeAllThreads (Deoptimize) done

Memory protections (0 events):
No events

Nmethod flushes (0 events):
No events

Events (20 events):
Event: 1.590 Thread 0x00000232604a0e70 Thread added: 0x0000023260ecb4b0
Event: 1.823 Thread 0x00000232658c9930 Thread added: 0x00000232658c9930
Event: 1.929 Thread 0x0000023260ec6e60 Thread added: 0x00000232658cd7b0
Event: 1.937 Thread 0x00000232658cd7b0 Thread exited: 0x00000232658cd7b0
Event: 2.439 Thread 0x000002326049c050 Thread added: 0x0000023265bfbc80
Event: 2.444 Thread 0x0000023265bfbc80 Thread exited: 0x0000023265bfbc80
Event: 2.593 Thread 0x00000232604a0e70 Thread added: 0x0000023265bfbc80
Event: 2.594 Thread 0x0000023265bfbc80 Thread exited: 0x0000023265bfbc80
Event: 2.945 Thread 0x000002326049c050 Thread added: 0x0000023265bfbc80
Event: 2.950 Thread 0x0000023265bfbc80 Thread exited: 0x0000023265bfbc80
Event: 3.116 Thread 0x00000232604a0e70 Thread added: 0x0000023265bfbc80
Event: 3.133 Thread 0x0000023265bfbc80 Thread exited: 0x0000023265bfbc80
Event: 3.452 Thread 0x000002326049c050 Thread added: 0x0000023265bfbc80
Event: 3.456 Thread 0x0000023265bfbc80 Thread exited: 0x0000023265bfbc80
Event: 3.957 Thread 0x000002326049c050 Thread added: 0x000002326b6aa650
Event: 3.962 Thread 0x000002326b6aa650 Thread exited: 0x000002326b6aa650
Event: 4.237 Thread 0x000002325fe041f0 Thread added: 0x000002326b6aa650
Event: 4.334 Thread 0x000002325fe041f0 Thread added: 0x000002326b6aeca0
Event: 4.463 Thread 0x0000023260ec6e60 Thread added: 0x000002326b6af470
Event: 4.470 Thread 0x000002326b6af470 Thread exited: 0x000002326b6af470


Dynamic libraries:
0x00007ff6ea230000 - 0x00007ff6ea23e000 	C:\Users\angio\.jdks\openjdk-25.0.1\bin\java.exe
0x00007fff507a0000 - 0x00007fff50a07000 	C:\WINDOWS\SYSTEM32\ntdll.dll
0x00007fff4f870000 - 0x00007fff4f939000 	C:\WINDOWS\System32\KERNEL32.DLL
0x00007fff4dd70000 - 0x00007fff4e15f000 	C:\WINDOWS\System32\KERNELBASE.dll
0x00007fff4d8f0000 - 0x00007fff4da3b000 	C:\WINDOWS\System32\ucrtbase.dll
0x00007fff42360000 - 0x00007fff42377000 	C:\Users\angio\.jdks\openjdk-25.0.1\bin\jli.dll
0x00007fff48da0000 - 0x00007fff48dbe000 	C:\Users\angio\.jdks\openjdk-25.0.1\bin\VCRUNTIME140.dll
0x00007fff4e550000 - 0x00007fff4e715000 	C:\WINDOWS\System32\USER32.dll
0x00007fff24ba0000 - 0x00007fff24e33000 	C:\WINDOWS\WinSxS\amd64_microsoft.windows.common-controls_6595b64144ccf1df_6.0.26100.7309_none_3e05feeae336a044\COMCTL32.dll
0x00007fff4e170000 - 0x00007fff4e197000 	C:\WINDOWS\System32\win32u.dll
0x00007fff50420000 - 0x00007fff504c9000 	C:\WINDOWS\System32\msvcrt.dll
0x00007fff4fa30000 - 0x00007fff4fa5b000 	C:\WINDOWS\System32\GDI32.dll
0x00007fff4db00000 - 0x00007fff4dc2c000 	C:\WINDOWS\System32\gdi32full.dll
0x00007fff4e320000 - 0x00007fff4e3c3000 	C:\WINDOWS\System32\msvcp_win.dll
0x00007fff50660000 - 0x00007fff50691000 	C:\WINDOWS\System32\IMM32.DLL
0x00007fff48830000 - 0x00007fff4883c000 	C:\Users\angio\.jdks\openjdk-25.0.1\bin\vcruntime140_1.dll
0x00007fff3eb90000 - 0x00007fff3ec1d000 	C:\Users\angio\.jdks\openjdk-25.0.1\bin\msvcp140.dll
0x00007ffe8f8e0000 - 0x00007ffe9073f000 	C:\Users\angio\.jdks\openjdk-25.0.1\bin\server\jvm.dll
0x00007fff506a0000 - 0x00007fff50754000 	C:\WINDOWS\System32\ADVAPI32.dll
0x00007fff502e0000 - 0x00007fff50386000 	C:\WINDOWS\System32\sechost.dll
0x00007fff501c0000 - 0x00007fff502d8000 	C:\WINDOWS\System32\RPCRT4.dll
0x00007fff504e0000 - 0x00007fff50554000 	C:\WINDOWS\System32\WS2_32.dll
0x00007fff4d5a0000 - 0x00007fff4d5fe000 	C:\WINDOWS\SYSTEM32\POWRPROF.dll
0x00007fff474a0000 - 0x00007fff474ab000 	C:\WINDOWS\SYSTEM32\VERSION.dll
0x00007fff47460000 - 0x00007fff47495000 	C:\WINDOWS\SYSTEM32\WINMM.dll
0x00007fff4d580000 - 0x00007fff4d594000 	C:\WINDOWS\SYSTEM32\UMPDC.dll
0x00007fff4c6f0000 - 0x00007fff4c70b000 	C:\WINDOWS\SYSTEM32\kernel.appcore.dll
0x00007fff42dd0000 - 0x00007fff42dda000 	C:\Users\angio\.jdks\openjdk-25.0.1\bin\jimage.dll
0x00007fff43d10000 - 0x00007fff43f52000 	C:\WINDOWS\SYSTEM32\DBGHELP.DLL
0x00007fff4f010000 - 0x00007fff4f395000 	C:\WINDOWS\System32\combase.dll
0x00007fff4f950000 - 0x00007fff4fa26000 	C:\WINDOWS\System32\OLEAUT32.dll
0x00007fff3baf0000 - 0x00007fff3bb2c000 	C:\WINDOWS\SYSTEM32\dbgcore.DLL
0x00007fff4dc30000 - 0x00007fff4dcd5000 	C:\WINDOWS\System32\bcryptPrimitives.dll
0x00007fff41e40000 - 0x00007fff41e50000 	C:\Users\angio\.jdks\openjdk-25.0.1\bin\instrument.dll
0x00007fff42340000 - 0x00007fff4235f000 	C:\Users\angio\.jdks\openjdk-25.0.1\bin\java.dll
0x00007fff4ffb0000 - 0x00007fff50147000 	C:\WINDOWS\System32\ole32.dll
0x00007fff4e8b0000 - 0x00007fff4f003000 	C:\WINDOWS\System32\SHELL32.dll
0x00007fff4e3d0000 - 0x00007fff4e53a000 	C:\WINDOWS\System32\wintypes.dll
0x00007fff4b4d0000 - 0x00007fff4bd2e000 	C:\WINDOWS\SYSTEM32\windows.storage.dll
0x00007fff50560000 - 0x00007fff50655000 	C:\WINDOWS\System32\SHCORE.dll
0x00007fff50150000 - 0x00007fff501b6000 	C:\WINDOWS\System32\shlwapi.dll
0x00007fff4d810000 - 0x00007fff4d839000 	C:\WINDOWS\SYSTEM32\profapi.dll
0x00007fff41790000 - 0x00007fff417a7000 	C:\Users\angio\.jdks\openjdk-25.0.1\bin\zip.dll
0x00007fff417f0000 - 0x00007fff41802000 	C:\Users\angio\.jdks\openjdk-25.0.1\bin\net.dll
0x00007fff4cc80000 - 0x00007fff4cceb000 	C:\WINDOWS\system32\mswsock.dll
0x00007fff417b0000 - 0x00007fff417c6000 	C:\Users\angio\.jdks\openjdk-25.0.1\bin\nio.dll
0x00007fff4c1c0000 - 0x00007fff4c2ec000 	C:\WINDOWS\SYSTEM32\DNSAPI.dll
0x00007fff4c120000 - 0x00007fff4c154000 	C:\WINDOWS\SYSTEM32\IPHLPAPI.DLL
0x00007fff504d0000 - 0x00007fff504da000 	C:\WINDOWS\System32\NSI.dll
0x00007fff417e0000 - 0x00007fff417e9000 	C:\Users\angio\.jdks\openjdk-25.0.1\bin\extnet.dll
0x00007fff44b40000 - 0x00007fff44b4b000 	C:\Windows\System32\rasadhlp.dll
0x00007fff448e0000 - 0x00007fff44966000 	C:\WINDOWS\System32\fwpuclnt.dll
0x00007fff3ece0000 - 0x00007fff3ecea000 	C:\Users\angio\.jdks\openjdk-25.0.1\bin\management.dll
0x00007fff3ecd0000 - 0x00007fff3ecdc000 	C:\Users\angio\.jdks\openjdk-25.0.1\bin\management_ext.dll
0x00007fff50410000 - 0x00007fff50418000 	C:\WINDOWS\System32\PSAPI.DLL
0x00007fff4cf40000 - 0x00007fff4cf5b000 	C:\WINDOWS\SYSTEM32\CRYPTSP.dll
0x00007fff4c650000 - 0x00007fff4c68a000 	C:\WINDOWS\system32\rsaenh.dll
0x00007fff4cd30000 - 0x00007fff4cd5b000 	C:\WINDOWS\SYSTEM32\USERENV.dll
0x00007fff4d7e0000 - 0x00007fff4d80a000 	C:\WINDOWS\SYSTEM32\bcrypt.dll
0x00007fff4cf60000 - 0x00007fff4cf6c000 	C:\WINDOWS\SYSTEM32\CRYPTBASE.dll
0x00007fff2c190000 - 0x00007fff2c1a8000 	C:\WINDOWS\system32\napinsp.dll
0x00007fff2c0f0000 - 0x00007fff2c102000 	C:\WINDOWS\System32\winrnr.dll
0x00007fff2c140000 - 0x00007fff2c162000 	C:\WINDOWS\system32\nlansp_c.dll
0x00007fff2c120000 - 0x00007fff2c136000 	C:\WINDOWS\system32\wshbth.dll
0x00007fff355a0000 - 0x00007fff355f6000 	C:\WINDOWS\SYSTEM32\pdh.dll
0x00000232605e0000 - 0x00000232605e4000 	C:\Users\angio\.openjfx\cache\24.0.1+4\amd64\api-ms-win-core-console-l1-1-0.dll
0x00000232605c0000 - 0x00000232605c4000 	C:\Users\angio\.openjfx\cache\24.0.1+4\amd64\api-ms-win-core-console-l1-2-0.dll
0x00000232605d0000 - 0x00000232605d4000 	C:\Users\angio\.openjfx\cache\24.0.1+4\amd64\api-ms-win-core-datetime-l1-1-0.dll
0x0000023260640000 - 0x0000023260644000 	C:\Users\angio\.openjfx\cache\24.0.1+4\amd64\api-ms-win-core-debug-l1-1-0.dll
0x0000023260630000 - 0x0000023260634000 	C:\Users\angio\.openjfx\cache\24.0.1+4\amd64\api-ms-win-core-errorhandling-l1-1-0.dll
0x0000023260650000 - 0x0000023260655000 	C:\Users\angio\.openjfx\cache\24.0.1+4\amd64\api-ms-win-core-file-l1-1-0.dll
0x0000023260660000 - 0x0000023260664000 	C:\Users\angio\.openjfx\cache\24.0.1+4\amd64\api-ms-win-core-file-l1-2-0.dll
0x00000232606a0000 - 0x00000232606a4000 	C:\Users\angio\.openjfx\cache\24.0.1+4\amd64\api-ms-win-core-file-l2-1-0.dll
0x0000023260670000 - 0x0000023260674000 	C:\Users\angio\.openjfx\cache\24.0.1+4\amd64\api-ms-win-core-handle-l1-1-0.dll
0x0000023260680000 - 0x0000023260684000 	C:\Users\angio\.openjfx\cache\24.0.1+4\amd64\api-ms-win-core-heap-l1-1-0.dll
0x0000023260690000 - 0x0000023260694000 	C:\Users\angio\.openjfx\cache\24.0.1+4\amd64\api-ms-win-core-interlocked-l1-1-0.dll
0x00000232606b0000 - 0x00000232606b4000 	C:\Users\angio\.openjfx\cache\24.0.1+4\amd64\api-ms-win-core-libraryloader-l1-1-0.dll
0x00000232606c0000 - 0x00000232606c4000 	C:\Users\angio\.openjfx\cache\24.0.1+4\amd64\api-ms-win-core-localization-l1-2-0.dll
0x0000023260ed0000 - 0x0000023260ed4000 	C:\Users\angio\.openjfx\cache\24.0.1+4\amd64\api-ms-win-core-memory-l1-1-0.dll
0x0000023260f30000 - 0x0000023260f34000 	C:\Users\angio\.openjfx\cache\24.0.1+4\amd64\api-ms-win-core-namedpipe-l1-1-0.dll
0x0000023260f40000 - 0x0000023260f44000 	C:\Users\angio\.openjfx\cache\24.0.1+4\amd64\api-ms-win-core-processenvironment-l1-1-0.dll
0x0000023260f50000 - 0x0000023260f54000 	C:\Users\angio\.openjfx\cache\24.0.1+4\amd64\api-ms-win-core-processthreads-l1-1-0.dll
0x0000023260ee0000 - 0x0000023260ee4000 	C:\Users\angio\.openjfx\cache\24.0.1+4\amd64\api-ms-win-core-processthreads-l1-1-1.dll
0x0000023260f10000 - 0x0000023260f14000 	C:\Users\angio\.openjfx\cache\24.0.1+4\amd64\api-ms-win-core-profile-l1-1-0.dll
0x0000023260ef0000 - 0x0000023260ef4000 	C:\Users\angio\.openjfx\cache\24.0.1+4\amd64\api-ms-win-core-rtlsupport-l1-1-0.dll
0x0000023260f00000 - 0x0000023260f04000 	C:\Users\angio\.openjfx\cache\24.0.1+4\amd64\api-ms-win-core-string-l1-1-0.dll
0x0000023260f20000 - 0x0000023260f24000 	C:\Users\angio\.openjfx\cache\24.0.1+4\amd64\api-ms-win-core-synch-l1-1-0.dll
0x0000023260f60000 - 0x0000023260f64000 	C:\Users\angio\.openjfx\cache\24.0.1+4\amd64\api-ms-win-core-synch-l1-2-0.dll
0x0000023260f70000 - 0x0000023260f74000 	C:\Users\angio\.openjfx\cache\24.0.1+4\amd64\api-ms-win-core-sysinfo-l1-1-0.dll
0x0000023260f80000 - 0x0000023260f84000 	C:\Users\angio\.openjfx\cache\24.0.1+4\amd64\api-ms-win-core-timezone-l1-1-0.dll
0x0000023260f90000 - 0x0000023260f94000 	C:\Users\angio\.openjfx\cache\24.0.1+4\amd64\api-ms-win-core-util-l1-1-0.dll
0x0000023260fa0000 - 0x0000023260fa4000 	C:\Users\angio\.openjfx\cache\24.0.1+4\amd64\api-ms-win-crt-conio-l1-1-0.dll
0x0000023260fb0000 - 0x0000023260fb5000 	C:\Users\angio\.openjfx\cache\24.0.1+4\amd64\api-ms-win-crt-convert-l1-1-0.dll
0x0000023260fc0000 - 0x0000023260fc4000 	C:\Users\angio\.openjfx\cache\24.0.1+4\amd64\api-ms-win-crt-environment-l1-1-0.dll
0x0000023260ff0000 - 0x0000023260ff4000 	C:\Users\angio\.openjfx\cache\24.0.1+4\amd64\api-ms-win-crt-filesystem-l1-1-0.dll
0x0000023260fd0000 - 0x0000023260fd4000 	C:\Users\angio\.openjfx\cache\24.0.1+4\amd64\api-ms-win-crt-heap-l1-1-0.dll
0x0000023260fe0000 - 0x0000023260fe4000 	C:\Users\angio\.openjfx\cache\24.0.1+4\amd64\api-ms-win-crt-locale-l1-1-0.dll
0x0000023266310000 - 0x0000023266316000 	C:\Users\angio\.openjfx\cache\24.0.1+4\amd64\api-ms-win-crt-math-l1-1-0.dll
0x00000232664d0000 - 0x00000232664d6000 	C:\Users\angio\.openjfx\cache\24.0.1+4\amd64\api-ms-win-crt-multibyte-l1-1-0.dll
0x0000023266320000 - 0x0000023266331000 	C:\Users\angio\.openjfx\cache\24.0.1+4\amd64\api-ms-win-crt-private-l1-1-0.dll
0x0000023266340000 - 0x0000023266344000 	C:\Users\angio\.openjfx\cache\24.0.1+4\amd64\api-ms-win-crt-process-l1-1-0.dll
0x0000023266370000 - 0x0000023266375000 	C:\Users\angio\.openjfx\cache\24.0.1+4\amd64\api-ms-win-crt-runtime-l1-1-0.dll
0x0000023266350000 - 0x0000023266355000 	C:\Users\angio\.openjfx\cache\24.0.1+4\amd64\api-ms-win-crt-stdio-l1-1-0.dll
0x0000023266360000 - 0x0000023266365000 	C:\Users\angio\.openjfx\cache\24.0.1+4\amd64\api-ms-win-crt-string-l1-1-0.dll
0x0000023266480000 - 0x0000023266484000 	C:\Users\angio\.openjfx\cache\24.0.1+4\amd64\api-ms-win-crt-time-l1-1-0.dll
0x0000023266380000 - 0x0000023266384000 	C:\Users\angio\.openjfx\cache\24.0.1+4\amd64\api-ms-win-crt-utility-l1-1-0.dll
0x00007fff1cd20000 - 0x00007fff1ce31000 	C:\Users\angio\.openjfx\cache\24.0.1+4\amd64\ucrtbase.dll
0x00007fff3df00000 - 0x00007fff3df1b000 	C:\Users\angio\.openjfx\cache\24.0.1+4\amd64\vcruntime140.dll
0x00007fff3def0000 - 0x00007fff3defc000 	C:\Users\angio\.openjfx\cache\24.0.1+4\amd64\vcruntime140_1.dll
0x00007ffe872f0000 - 0x00007ffe8737e000 	C:\Users\angio\.openjfx\cache\24.0.1+4\amd64\msvcp140.dll
0x00007fff3dee0000 - 0x00007fff3dee9000 	C:\Users\angio\.openjfx\cache\24.0.1+4\amd64\msvcp140_1.dll
0x00007fff3de90000 - 0x00007fff3ded1000 	C:\Users\angio\.openjfx\cache\24.0.1+4\amd64\msvcp140_2.dll
0x00007fff336c0000 - 0x00007fff336f0000 	C:\Users\angio\.openjfx\cache\24.0.1+4\amd64\prism_d3d.dll
0x00007fff32e80000 - 0x00007fff33033000 	C:\WINDOWS\system32\d3d9.dll
0x00007fff4ae20000 - 0x00007fff4ae50000 	C:\WINDOWS\SYSTEM32\dwmapi.dll
0x00007fff4ac70000 - 0x00007fff4acb4000 	C:\WINDOWS\SYSTEM32\dxcore.dll
0x00007fff4aa70000 - 0x00007fff4ab1b000 	C:\WINDOWS\system32\uxtheme.dll
0x00007fff474b0000 - 0x00007fff4766b000 	C:\WINDOWS\System32\DriverStore\FileRepository\u0417877.inf_amd64_8b2c2b61b3f8a9e5\B417004\aticfx64.dll
0x00007ffeffac0000 - 0x00007ffeffaf4000 	C:\WINDOWS\System32\DriverStore\FileRepository\u0417877.inf_amd64_8b2c2b61b3f8a9e5\B417004\atiu9p64.dll
0x00007ffee49f0000 - 0x00007ffee5737000 	C:\WINDOWS\System32\DriverStore\FileRepository\u0417877.inf_amd64_8b2c2b61b3f8a9e5\B417004\atiumd64.dll
0x0000000067a50000 - 0x0000000068963000 	C:\WINDOWS\System32\DriverStore\FileRepository\u0417877.inf_amd64_8b2c2b61b3f8a9e5\B417004\atiumd6a.dll
0x00007fff4fb20000 - 0x00007fff4ffaa000 	C:\WINDOWS\System32\SETUPAPI.dll
0x00007fff44cf0000 - 0x00007fff44d25000 	C:\WINDOWS\SYSTEM32\amdihk64.dll
0x00007fff48410000 - 0x00007fff48473000 	C:\WINDOWS\SYSTEM32\directxdatabasehelper.dll
0x00007fff3c320000 - 0x00007fff3c368000 	C:\Users\angio\.openjfx\cache\24.0.1+4\amd64\glass.dll
0x00007fff4f710000 - 0x00007fff4f800000 	C:\WINDOWS\System32\COMDLG32.dll
0x00007fff4fa60000 - 0x00007fff4fb10000 	C:\WINDOWS\System32\clbcatq.dll
0x00007fff42520000 - 0x00007fff42672000 	C:\Windows\System32\Windows.UI.dll

JVMTI agents:
C:\Program Files\JetBrains\IntelliJ IDEA 2024.3.1.1\lib\idea_rt.jar path:C:\Users\angio\.jdks\openjdk-25.0.1\bin\instrument.dll, loaded, initialized, instrumentlib options:65447

dbghelp: loaded successfully - version: 4.0.5 - missing functions: none
symbol engine: initialized successfully - sym options: 0x614 - pdb path: .;C:\Users\angio\.jdks\openjdk-25.0.1\bin;C:\WINDOWS\SYSTEM32;C:\WINDOWS\WinSxS\amd64_microsoft.windows.common-controls_6595b64144ccf1df_6.0.26100.7309_none_3e05feeae336a044;C:\Users\angio\.jdks\openjdk-25.0.1\bin\server;C:\Users\angio\.openjfx\cache\24.0.1+4\amd64;C:\WINDOWS\System32\DriverStore\FileRepository\u0417877.inf_amd64_8b2c2b61b3f8a9e5\B417004;C:\Users\angio\AppData\Local\Temp\idea_libasyncProfiler_dll_temp_folder

VM Arguments:
jvm_args: -Dprism.order=d3d,sw -Dprism.vsync=false -Dsun.java2d.opengl=true -Djavafx.animation.fullspeed=true --enable-preview -XX:TieredStopAtLevel=1 -Dspring.output.ansi.enabled=always -Dcom.sun.management.jmxremote -Dspring.jmx.enabled=true -Dspring.liveBeansView.mbeanDomain -Dspring.application.admin.enabled=true -Dmanagement.endpoints.jmx.exposure.include=* -javaagent:C:\Program Files\JetBrains\IntelliJ IDEA 2024.3.1.1\lib\idea_rt.jar=65447 -Dfile.encoding=UTF-8 -Dsun.stdout.encoding=UTF-8 -Dsun.stderr.encoding=UTF-8 
java_command: org.project.employeemanagementsystem.EmployeeManagementSystemApplication
java_class_path (initial): C:\Users\angio\Desktop\EmployeeManagementSystem\target\classes;C:\Users\angio\.m2\repository\org\apache\poi\poi-ooxml\5.2.5\poi-ooxml-5.2.5.jar;C:\Users\angio\.m2\repository\org\apache\poi\poi\5.2.5\poi-5.2.5.jar;C:\Users\angio\.m2\repository\commons-codec\commons-codec\1.19.0\commons-codec-1.19.0.jar;C:\Users\angio\.m2\repository\org\apache\commons\commons-math3\3.6.1\commons-math3-3.6.1.jar;C:\Users\angio\.m2\repository\com\zaxxer\SparseBitSet\1.3\SparseBitSet-1.3.jar;C:\Users\angio\.m2\repository\org\apache\poi\poi-ooxml-lite\5.2.5\poi-ooxml-lite-5.2.5.jar;C:\Users\angio\.m2\repository\org\apache\xmlbeans\xmlbeans\5.2.0\xmlbeans-5.2.0.jar;C:\Users\angio\.m2\repository\org\apache\commons\commons-compress\1.25.0\commons-compress-1.25.0.jar;C:\Users\angio\.m2\repository\commons-io\commons-io\2.15.0\commons-io-2.15.0.jar;C:\Users\angio\.m2\repository\com\github\virtuald\curvesapi\1.08\curvesapi-1.08.jar;C:\Users\angio\.m2\repository\org\apache\logging\log4j\log4j-api\2.25.3\log4j-api-2.25.3.jar;C:\Users\angio\.m2\repository\org\apache\commons\commons-collections4\4.4\commons-collections4-4.4.jar;C:\Users\angio\.m2\repository\org\openjfx\javafx-base\24.0.1\javafx-base-24.0.1.jar;C:\Users\angio\.m2\repository\org\openjfx\javafx-base\24.0.1\javafx-base-24.0.1-win.jar;C:\Users\angio\.m2\repository\org\openjfx\javafx-graphics\24.0.1\javafx-graphics-24.0.1.jar;C:\Users\angio\.m2\repository\org\openjfx\javafx-graphics\24.0.1\javafx-graphics-24.0.1-win.jar;C:\Users\angio\.m2\repository\org\openjfx\javafx-controls\24.0.1\javafx-controls-24.0.1.jar;C:\Users\angio\.m2\repository\org\openjfx\javafx-controls\24.0.1\javafx-controls-24.0.1-win.jar;C:\Users\angio\.m2\repository\org\openjfx\javafx-fxml\24.0.1\javafx-fxml-24.0.1.jar;C:\Users\angio\.m2\repository\org\openjfx\javafx-fxml\24.0.1\javafx-fxml-24.0.1-win.jar;C:\Users\angio\.m2\repository\org\openjfx\javafx-web\24.0.1\javafx-web-24.0.1.jar;C:\Users\angio\.m2\repository\org\openjfx\javafx-web\24.0.1\javafx-web-24.0.1-win.jar;C:\Users\angio\.m2\repository\org\openjfx\javafx-media\24.0.1\javafx-media-24.0.1.jar;C:\Users\angio\.m2\repository\org\openjfx\javafx-media\24.0.1\javafx-media-24.0.1-win.jar;C:\Users\angio\.m2\repository\org\kordamp\ikonli\ikonli-javafx\12.4.0\ikonli-javafx-12.4.0.jar;C:\Users\angio\.m2\repository\org\kordamp\ikonli\ikonli-core\12.4.0\ikonli-core-12.4.0.jar;C:\Users\angio\.m2\repository\org\kordamp\ikonli\ikonli-materialdesign2-pack\12.4.0\ikonli-materialdesign2-pack-12.4.0.jar;C:\Users\angio\.m2\repository\org\springframework\boot\spring-boot-starter-data-jpa\4.0.1\spring-boot-starter-data-jpa-4.0.1.jar;C:\Users\angio\.m2\repository\org\springframework\boot\spring-boot-starter\4.0.1\spring-boot-starter-4.0.1.jar;C:\Users\angio\.m2\repository\org\springframework\boot\spring-boot-starter-logging\4.0.1\spring-boot-starter-logging-4.0.1.jar;C:\Users\angio\.m2\repository\ch\qos\logback\logback-classic\1.5.22\logback-classic-1.5.22.jar;C:\Users\angio\.m2\repository\ch\qos\logback\logback-core\1.5.22\logback-core-1.5.22.jar;C:\Users\angio\.m2\repository\org\apache\logging\log4j\log4j-to-slf4j\2.25.3\log4j-to-slf4j-2.25.3.jar;C:\Users\angio\.m2\repository\org\slf4j\jul-to-slf4j\2.0.17\jul-to-slf4j-2.0.17.jar;C:\Users\angio\.m2\repository\org\springframework\boot\spring-boot-autoconfigure\4.0.1\spring-boot-autoconfigure-4.0.1.jar;C:\Users\angio\.m2\repository\jakarta\annotation\jakarta.annotation-api\3.0.0\jakarta.annotation-api-3.0.0.jar;C:\Users\angio\.m2\repository\org\yaml\snakeyaml\2.5\snakeyaml-2.5.jar;C:\Users\angio\.m2\repository\org\springframework\boot\spring-boot-starter-jdbc\4.0.1\spring-boot-starter-jdbc-4.0.1.jar;C:\Users\angio\.m2\repository\com\zaxxer\HikariCP\7.0.2\HikariCP-7.0.2.jar;C:\Users\angio\.m2\repository\org\slf4j\slf4j-api\2.0.17\slf4j-api-2.0.17.jar;C:\Users\angio\.m2\repository\org\springframework\boot\spring-boot-data-jpa\4.0.1\spring-boot-data-jpa-4.0.1.jar;C:\Users\angio\.m2\repository\org\springframework\boot\spring-boot-data-commons\4.0.1\spring-boot-data-commons-4.0.1.jar;C:\Users\angio\.m2\repository\org\springframework\boot\spring-boot-persistence\4.0.1\spring-boot-persistence-4.0.1.jar;C:\Users\angio\.m2\repository\org\springframework\data\spring-data-commons\4.0.1\spring-data-commons-4.0.1.jar;C:\Users\angio\.m2\repository\org\springframework\boot\spring-boot-hibernate\4.0.1\spring-boot-hibernate-4.0.1.jar;C:\Users\angio\.m2\repository\org\springframework\boot\spring-boot-jpa\4.0.1\spring-boot-jpa-4.0.1.jar;C:\Users\angio\.m2\repository\jakarta\persistence\jakarta.persistence-api\3.2.0\jakarta.persistence-api-3.2.0.jar;C:\Users\angio\.m2\repository\org\hibernate\orm\hibernate-core\7.2.0.Final\hibernate-core-7.2.0.Final.jar;C:\Users\angio\.m2\repository\jakarta\transaction\jakarta.transaction-api\2.0.1\jakarta.transaction-api-2.0.1.jar;C:\Users\angio\.m2\repository\org\jboss\logging\jboss-logging\3.6.1.Final\jboss-logging-3.6.1.Final.jar;C:\Users\angio\.m2\repository\org\hibernate\models\hibernate-models\1.0.1\hibernate-models-1.0.1.jar;C:\Users\angio\.m2\repository\com\fasterxml\classmate\1.7.1\classmate-1.7.1.jar;C:\Users\angio\.m2\repository\org\glassfish\jaxb\jaxb-runtime\4.0.6\jaxb-runtime-4.0.6.jar;C:\Users\angio\.m2\repository\org\glassfish\jaxb\jaxb-core\4.0.6\jaxb-core-4.0.6.jar;C:\Users\angio\.m2\repository\org\eclipse\angus\angus-activation\2.0.3\angus-activation-2.0.3.jar;C:\Users\angio\.m2\repository\org\glassfish\jaxb\txw2\4.0.6\txw2-4.0.6.jar;C:\Users\angio\.m2\repository\com\sun\istack\istack-commons-runtime\4.1.2\istack-commons-runtime-4.1.2.jar;C:\Users\angio\.m2\repository\jakarta\inject\jakarta.inject-api\2.0.1\jakarta.inject-api-2.0.1.jar;C:\Users\angio\.m2\repository\org\springframework\spring-orm\7.0.2\spring-orm-7.0.2.jar;C:\Users\angio\.m2\repository\org\springframework\data\spring-data-jpa\4.0.1\spring-data-jpa-4.0.1.jar;C:\Users\angio\.m2\repository\org\springframework\spring-context\7.0.2\spring-context-7.0.2.jar;C:\Users\angio\.m2\repository\org\springframework\spring-expression\7.0.2\spring-expression-7.0.2.jar;C:\Users\angio\.m2\repository\io\micrometer\micrometer-observation\1.16.1\micrometer-observation-1.16.1.jar;C:\Users\angio\.m2\repository\io\micrometer\micrometer-commons\1.16.1\micrometer-commons-1.16.1.jar;C:\Users\angio\.m2\repository\org\springframework\spring-aop\7.0.2\spring-aop-7.0.2.jar;C:\Users\angio\.m2\repository\org\springframework\spring-tx\7.0.2\spring-tx-7.0.2.jar;C:\Users\angio\.m2\repository\org\springframework\spring-beans\7.0.2\spring-beans-7.0.2.jar;C:\Users\angio\.m2\repository\org\antlr\antlr4-runtime\4.13.2\antlr4-runtime-4.13.2.jar;C:\Users\angio\.m2\repository\org\springframework\spring-aspects\7.0.2\spring-aspects-7.0.2.jar;C:\Users\angio\.m2\repository\org\aspectj\aspectjweaver\1.9.25.1\aspectjweaver-1.9.25.1.jar;C:\Users\angio\.m2\repository\org\springframework\boot\spring-boot-jdbc\4.0.1\spring-boot-jdbc-4.0.1.jar;C:\Users\angio\.m2\repository\org\springframework\boot\spring-boot\4.0.1\spring-boot-4.0.1.jar;C:\Users\angio\.m2\repository\org\springframework\boot\spring-boot-sql\4.0.1\spring-boot-sql-4.0.1.jar;C:\Users\angio\.m2\repository\org\springframework\boot\spring-boot-transaction\4.0.1\spring-boot-transaction-4.0.1.jar;C:\Users\angio\.m2\repository\org\springframework\spring-jdbc\7.0.2\spring-jdbc-7.0.2.jar;C:\Users\angio\.m2\repository\org\postgresql\postgresql\42.7.8\postgresql-42.7.8.jar;C:\Users\angio\.m2\repository\org\checkerframework\checker-qual\3.49.5\checker-qual-3.49.5.jar;C:\Users\angio\.m2\repository\org\projectlombok\lombok\1.18.42\lombok-1.18.42.jar;C:\Users\angio\.m2\repository\jakarta\xml\bind\jakarta.xml.bind-api\4.0.4\jakarta.xml.bind-api-4.0.4.jar;C:\Users\angio\.m2\repository\jakarta\activation\jakarta.activation-api\2.1.4\jakarta.activation-api-2.1.4.jar;C:\Users\angio\.m2\repository\net\bytebuddy\byte-buddy\1.17.8\byte-buddy-1.17.8.jar;C:\Users\angio\.m2\repository\org\springframework\spring-core\7.0.2\spring-core-7.0.2.jar;C:\Users\angio\.m2\repository\commons-logging\commons-logging\1.3.5\commons-logging-1.3.5.jar;C:\Users\angio\.m2\repository\org\jspecify\jspecify\1.0.0\jspecify-1.0.0.jar;C:\Users\angio\.m2\repository\org\springframework\security\spring-security-crypto\6.4.5\spring-security-crypto-6.4.5.jar
Launcher Type: SUN_STANDARD

[Global flags]
     intx CICompilerCount                          = 4                                         {product} {ergonomic}
     uint ConcGCThreads                            = 3                                         {product} {ergonomic}
     bool FlightRecorder                           = true                                      {product} {management}
     uint G1ConcRefinementThreads                  = 10                                        {product} {ergonomic}
   size_t G1HeapRegionSize                         = 2097152                                   {product} {ergonomic}
   size_t InitialHeapSize                          = 268435456                                 {product} {ergonomic}
     bool ManagementServer                         = true                                      {product} {command line}
   size_t MarkStackSize                            = 4194304                                   {product} {ergonomic}
   size_t MarkStackSizeMax                         = 536870912                                 {product} {ergonomic}
   size_t MaxHeapSize                              = 4276092928                                {product} {ergonomic}
   size_t MaxNewSize                               = 2564816896                                {product} {ergonomic}
   size_t MinHeapDeltaBytes                        = 2097152                                   {product} {ergonomic}
   size_t MinHeapSize                              = 8388608                                   {product} {ergonomic}
    uintx NonNMethodCodeHeapSize                   = 4096                                   {pd product} {ergonomic}
    uintx NonProfiledCodeHeapSize                  = 0                                      {pd product} {ergonomic}
     bool ProfileInterpreter                       = false                                  {pd product} {command line}
    uintx ProfiledCodeHeapSize                     = 0                                      {pd product} {ergonomic}
   size_t SoftMaxHeapSize                          = 4276092928                             {manageable} {ergonomic}
     intx TieredStopAtLevel                        = 1                                         {product} {command line}
     bool UseCompressedOops                        = true                           {product lp64_product} {ergonomic}
     bool UseG1GC                                  = true                                      {product} {ergonomic}
     bool UseLargePagesIndividualAllocation        = false                                  {pd product} {ergonomic}

Logging:
Log output configuration:
 #0: stdout all=warning uptime,level,tags foldmultilines=false
 #1: stderr all=off uptime,level,tags foldmultilines=false

Release file:
IMPLEMENTOR="Oracle Corporation" 
JAVA_RUNTIME_VERSION="25.0.1+8-27" 
JAVA_VERSION="25.0.1" 
JAVA_VERSION_DATE="2025-10-21" 
LIBC="default" 
MODULES="java.base java.compiler java.datatransfer java.xml java.prefs java.desktop java.instrument java.logging java.management java.security.sasl java.naming java.rmi java.management.rmi java.net.http java.scripting java.security.jgss java.transaction.xa java.sql java.sql.rowset java.xml.crypto java.se java.smartcardio jdk.accessibility jdk.internal.jvmstat jdk.attach jdk.charsets jdk.internal.opt jdk.zipfs jdk.compiler jdk.crypto.cryptoki jdk.crypto.ec jdk.crypto.mscapi jdk.dynalink jdk.internal.ed jdk.editpad jdk.internal.vm.ci jdk.graal.compiler jdk.graal.compiler.management jdk.hotspot.agent jdk.httpserver jdk.incubator.vector jdk.internal.le jdk.internal.md jdk.jartool jdk.javadoc jdk.jcmd jdk.management jdk.management.agent jdk.jconsole jdk.jdeps jdk.jdwp.agent jdk.jdi jdk.jfr jdk.jlink jdk.jpackage jdk.jshell jdk.jsobject jdk.jstatd jdk.localedata jdk.management.jfr jdk.naming.dns jdk.naming.rmi jdk.net jdk.nio.mapmode jdk.sctp jdk.security.auth jdk.security.jgss jdk.unsupported jdk.unsupported.desktop jdk.xml.dom" 
OS_ARCH="x86_64" 
OS_NAME="Windows" 
SOURCE=".:git:78770bfaefd2" 

Environment Variables:
PATH=C:\Program Files (x86)\Razer Chroma SDK\bin;C:\Program Files\Razer Chroma SDK\bin;C:\Program Files\Common Files\Oracle\Java\javapath;C:\WINDOWS\system32;C:\WINDOWS;C:\WINDOWS\System32\Wbem;C:\WINDOWS\System32\WindowsPowerShell\v1.0\;C:\WINDOWS\System32\OpenSSH\;C:\Program Files\PuTTY\;C:\WINDOWS\system32\config\systemprofile\AppData\Local\Microsoft\WindowsApps;C:\Program Files (x86)\Razer\ChromaBroadcast\bin;C:\Program Files\Razer\ChromaBroadcast\bin;C:\Users\angio\AppData\Local\Microsoft\WindowsApps;C:\Users\angio\AppData\Local\Programs\Microsoft VS Code\bin;C:\Program Files\Git\cmd;C:\PROGRA~2\PICC;C:\Users\angio\Desktop\CCS\PCWHDv4.130\PICC;C:\Program Files\dotnet\;C:\Users\angio\AppData\Local\Microsoft\WindowsApps;C:\Users\angio\AppData\Local\Programs\Microsoft VS Code\bin;C:\Users\angio\AppData\Local\Muse Hub\lib;C:\Users\angio\AppData\Local\JetBrains\Toolbox\scripts;C:\Users\angio\.dotnet\tools;C:\Users\angio\AppData\Local\Programs\Antigravity\bin
USERNAME=giorgos
OS=Windows_NT
PROCESSOR_IDENTIFIER=AMD64 Family 23 Model 8 Stepping 2, AuthenticAMD
TMP=C:\Users\angio\AppData\Local\Temp
TEMP=C:\Users\angio\AppData\Local\Temp




Compilation memory statistics disabled.

Periodic native trim disabled

---------------  S Y S T E M  ---------------

OS:
 Windows 11 , 64 bit Build 26100 (10.0.26100.7309)
OS uptime: 4 days 11:32 hours
Hyper-V role detected

CPU: total 12 (initial active 12) (12 cores per cpu, 2 threads per core) family 23 model 8 stepping 2 microcode 0x800820d, cx8, cmov, fxsr, ht, mmx, 3dnowpref, sse, sse2, sse3, ssse3, sse4a, sse4.1, sse4.2, popcnt, lzcnt, tsc, tscinvbit, avx, avx2, aes, clmul, bmi1, bmi2, adx, sha, fma, vzeroupper, clflush, clflushopt, hv, rdtscp, f16c
Processor Information for the first 12 processors :
  Max Mhz: 3400, Current Mhz: 3400, Mhz Limit: 3400

Memory: 4k page, system-wide physical 16309M (2854M free)
TotalPageFile size 36830M (AvailPageFile size 1917M)
current process WorkingSet (physical memory assigned to process): 226M, peak: 226M
current process commit charge ("private bytes"): 313M, peak: 429M

vm_info: OpenJDK 64-Bit Server VM (25.0.1+8-27) for windows-amd64 JRE (25.0.1+8-27), built on 2025-09-25T16:41:16Z with unknown MS VC++:1943

END.
